Archive member included to satisfy reference by file (symbol)

C:/ST/STM32CubeIDE_1.18.0/STM32CubeIDE/plugins/com.st.stm32cube.ide.mcu.externaltools.gnu-tools-for-stm32.13.3.rel1.win32_1.0.0.202411081344/tools/bin/../lib/gcc/arm-none-eabi/13.3.1/../../../../arm-none-eabi/lib/thumb/v7e-m+dp/hard\libm.a(libm_a-w_acos.o)
                              ./Core/Lib/CPDevVM/src/VM/vm.o (acos)
C:/ST/STM32CubeIDE_1.18.0/STM32CubeIDE/plugins/com.st.stm32cube.ide.mcu.externaltools.gnu-tools-for-stm32.13.3.rel1.win32_1.0.0.202411081344/tools/bin/../lib/gcc/arm-none-eabi/13.3.1/../../../../arm-none-eabi/lib/thumb/v7e-m+dp/hard\libm.a(libm_a-w_asin.o)
                              ./Core/Lib/CPDevVM/src/VM/vm.o (asin)
C:/ST/STM32CubeIDE_1.18.0/STM32CubeIDE/plugins/com.st.stm32cube.ide.mcu.externaltools.gnu-tools-for-stm32.13.3.rel1.win32_1.0.0.202411081344/tools/bin/../lib/gcc/arm-none-eabi/13.3.1/../../../../arm-none-eabi/lib/thumb/v7e-m+dp/hard\libm.a(libm_a-w_log10.o)
                              ./Core/Lib/CPDevVM/src/VM/vm.o (log10)
C:/ST/STM32CubeIDE_1.18.0/STM32CubeIDE/plugins/com.st.stm32cube.ide.mcu.externaltools.gnu-tools-for-stm32.13.3.rel1.win32_1.0.0.202411081344/tools/bin/../lib/gcc/arm-none-eabi/13.3.1/../../../../arm-none-eabi/lib/thumb/v7e-m+dp/hard\libm.a(libm_a-w_sqrt.o)
                              ./Core/Lib/CPDevVM/src/VM/vm.o (sqrt)
C:/ST/STM32CubeIDE_1.18.0/STM32CubeIDE/plugins/com.st.stm32cube.ide.mcu.externaltools.gnu-tools-for-stm32.13.3.rel1.win32_1.0.0.202411081344/tools/bin/../lib/gcc/arm-none-eabi/13.3.1/../../../../arm-none-eabi/lib/thumb/v7e-m+dp/hard\libm.a(libm_a-s_atan.o)
                              ./Core/Lib/CPDevVM/src/VM/vm.o (atan)
C:/ST/STM32CubeIDE_1.18.0/STM32CubeIDE/plugins/com.st.stm32cube.ide.mcu.externaltools.gnu-tools-for-stm32.13.3.rel1.win32_1.0.0.202411081344/tools/bin/../lib/gcc/arm-none-eabi/13.3.1/../../../../arm-none-eabi/lib/thumb/v7e-m+dp/hard\libm.a(libm_a-s_cos.o)
                              ./Core/Lib/CPDevVM/src/VM/vm.o (cos)
C:/ST/STM32CubeIDE_1.18.0/STM32CubeIDE/plugins/com.st.stm32cube.ide.mcu.externaltools.gnu-tools-for-stm32.13.3.rel1.win32_1.0.0.202411081344/tools/bin/../lib/gcc/arm-none-eabi/13.3.1/../../../../arm-none-eabi/lib/thumb/v7e-m+dp/hard\libm.a(libm_a-s_fabs.o)
                              C:/ST/STM32CubeIDE_1.18.0/STM32CubeIDE/plugins/com.st.stm32cube.ide.mcu.externaltools.gnu-tools-for-stm32.13.3.rel1.win32_1.0.0.202411081344/tools/bin/../lib/gcc/arm-none-eabi/13.3.1/../../../../arm-none-eabi/lib/thumb/v7e-m+dp/hard\libm.a(libm_a-w_acos.o) (fabs)
C:/ST/STM32CubeIDE_1.18.0/STM32CubeIDE/plugins/com.st.stm32cube.ide.mcu.externaltools.gnu-tools-for-stm32.13.3.rel1.win32_1.0.0.202411081344/tools/bin/../lib/gcc/arm-none-eabi/13.3.1/../../../../arm-none-eabi/lib/thumb/v7e-m+dp/hard\libm.a(libm_a-s_sin.o)
                              ./Core/Lib/CPDevVM/src/VM/vm.o (sin)
C:/ST/STM32CubeIDE_1.18.0/STM32CubeIDE/plugins/com.st.stm32cube.ide.mcu.externaltools.gnu-tools-for-stm32.13.3.rel1.win32_1.0.0.202411081344/tools/bin/../lib/gcc/arm-none-eabi/13.3.1/../../../../arm-none-eabi/lib/thumb/v7e-m+dp/hard\libm.a(libm_a-s_tan.o)
                              ./Core/Lib/CPDevVM/src/VM/vm.o (tan)
C:/ST/STM32CubeIDE_1.18.0/STM32CubeIDE/plugins/com.st.stm32cube.ide.mcu.externaltools.gnu-tools-for-stm32.13.3.rel1.win32_1.0.0.202411081344/tools/bin/../lib/gcc/arm-none-eabi/13.3.1/../../../../arm-none-eabi/lib/thumb/v7e-m+dp/hard\libm.a(libm_a-wf_acos.o)
                              ./Core/Lib/CPDevVM/src/VM/vm.o (acosf)
C:/ST/STM32CubeIDE_1.18.0/STM32CubeIDE/plugins/com.st.stm32cube.ide.mcu.externaltools.gnu-tools-for-stm32.13.3.rel1.win32_1.0.0.202411081344/tools/bin/../lib/gcc/arm-none-eabi/13.3.1/../../../../arm-none-eabi/lib/thumb/v7e-m+dp/hard\libm.a(libm_a-wf_asin.o)
                              ./Core/Lib/CPDevVM/src/VM/vm.o (asinf)
C:/ST/STM32CubeIDE_1.18.0/STM32CubeIDE/plugins/com.st.stm32cube.ide.mcu.externaltools.gnu-tools-for-stm32.13.3.rel1.win32_1.0.0.202411081344/tools/bin/../lib/gcc/arm-none-eabi/13.3.1/../../../../arm-none-eabi/lib/thumb/v7e-m+dp/hard\libm.a(libm_a-wf_log10.o)
                              ./Core/Lib/CPDevVM/src/VM/vm.o (log10f)
C:/ST/STM32CubeIDE_1.18.0/STM32CubeIDE/plugins/com.st.stm32cube.ide.mcu.externaltools.gnu-tools-for-stm32.13.3.rel1.win32_1.0.0.202411081344/tools/bin/../lib/gcc/arm-none-eabi/13.3.1/../../../../arm-none-eabi/lib/thumb/v7e-m+dp/hard\libm.a(libm_a-wf_sqrt.o)
                              ./Core/Lib/CPDevVM/src/VM/vm.o (sqrtf)
C:/ST/STM32CubeIDE_1.18.0/STM32CubeIDE/plugins/com.st.stm32cube.ide.mcu.externaltools.gnu-tools-for-stm32.13.3.rel1.win32_1.0.0.202411081344/tools/bin/../lib/gcc/arm-none-eabi/13.3.1/../../../../arm-none-eabi/lib/thumb/v7e-m+dp/hard\libm.a(libm_a-sf_atan.o)
                              ./Core/Lib/CPDevVM/src/VM/vm.o (atanf)
[...]
Memory Configuration

Name             Origin             Length             Attributes
RAM_D1           0x24000000         0x00080000         xrw
FLASH            0x08000000         0x00100000         xr
DTCMRAM          0x20000000         0x00020000         xrw
RAM_D2           0x30000000         0x00048000         xrw
RAM_D3           0x38000000         0x00010000         xrw
ITCMRAM          0x00000000         0x00010000         xrw
*default*        0x00000000         0xffffffff

Linker script and memory map

LOAD C:/ST/STM32CubeIDE_1.18.0/STM32CubeIDE/plugins/com.st.stm32cube.ide.mcu.externaltools.gnu-tools-for-stm32.13.3.rel1.win32_1.0.0.202411081344/tools/bin/../lib/gcc/arm-none-eabi/13.3.1/thumb/v7e-m+dp/hard/crti.o
LOAD C:/ST/STM32CubeIDE_1.18.0/STM32CubeIDE/plugins/com.st.stm32cube.ide.mcu.externaltools.gnu-tools-for-stm32.13.3.rel1.win32_1.0.0.202411081344/tools/bin/../lib/gcc/arm-none-eabi/13.3.1/thumb/v7e-m+dp/hard/crtbegin.o
LOAD C:/ST/STM32CubeIDE_1.18.0/STM32CubeIDE/plugins/com.st.stm32cube.ide.mcu.externaltools.gnu-tools-for-stm32.13.3.rel1.win32_1.0.0.202411081344/tools/bin/../lib/gcc/arm-none-eabi/13.3.1/../../../../arm-none-eabi/lib/thumb/v7e-m+dp/hard/crt0.o
LOAD ./Common/Src/system_stm32h7xx_dualcore_boot_cm4_cm7.o
LOAD ./Core/Lib/CPDevVM/src/VM/vm.o
LOAD ./Core/Lib/CPDevVM/src/VM/vmfunc/vm_data_access.o
LOAD ./Core/Lib/CPDevVM/src/vm_arduino.o
LOAD ./Core/Lib/CPDev_XCPcodes/2020/16bit/BlinkRS/blink.o
LOAD ./Core/Lib/CPDev_XCPcodes/2020/16bit/ShipSim/ShipSim.o
LOAD ./Core/Lib/CPDev_XCPcodes/2020/16bit/test01/test1.o
LOAD ./Core/Lib/CPDev_XCPcodes/2020/16bit/test02/test2.o
LOAD ./Core/Lib/CPDev_XCPcodes/2020/16bit/test03/test3.o
LOAD ./Core/Lib/CPDev_XCPcodes/2020/32bit/2020_ShipSim/ShipSim32.o
LOAD ./Core/Lib/CPDev_XCPcodes/2020/32bitAlign/ShipSim_32ARM.o
LOAD ./Core/Lib/CPDev_XCPcodes/2020/32bitAlign/test1_32ARM.o
LOAD ./Core/Lib/CPDev_XCPcodes/2020/32bitAlign/test2_32ARM.o
LOAD ./Core/Lib/CPDev_XCPcodes/2020/32bitAlign/test3_32ARM.o
LOAD ./Core/Src/main.o
LOAD ./Core/Src/stm32h7xx_hal_msp.o
LOAD ./Core/Src/stm32h7xx_it.o
LOAD ./Core/Src/syscalls.o
LOAD ./Core/Src/sysmem.o
LOAD ./Core/Startup/startup_stm32h747xihx.o
LOAD ./Drivers/STM32H7xx_HAL_Driver/stm32h7xx_hal.o
LOAD ./Drivers/STM32H7xx_HAL_Driver/stm32h7xx_hal_cortex.o
LOAD ./Drivers/STM32H7xx_HAL_Driver/stm32h7xx_hal_dma.o
LOAD ./Drivers/STM32H7xx_HAL_Driver/stm32h7xx_hal_dma_ex.o
LOAD ./Drivers/STM32H7xx_HAL_Driver/stm32h7xx_hal_exti.o
LOAD ./Drivers/STM32H7xx_HAL_Driver/stm32h7xx_hal_flash.o
LOAD ./Drivers/STM32H7xx_HAL_Driver/stm32h7xx_hal_flash_ex.o
LOAD ./Drivers/STM32H7xx_HAL_Driver/stm32h7xx_hal_gpio.o
LOAD ./Drivers/STM32H7xx_HAL_Driver/stm32h7xx_hal_hsem.o
LOAD ./Drivers/STM32H7xx_HAL_Driver/stm32h7xx_hal_i2c.o
LOAD ./Drivers/STM32H7xx_HAL_Driver/stm32h7xx_hal_i2c_ex.o
LOAD ./Drivers/STM32H7xx_HAL_Driver/stm32h7xx_hal_mdma.o
LOAD ./Drivers/STM32H7xx_HAL_Driver/stm32h7xx_hal_pwr.o
LOAD ./Drivers/STM32H7xx_HAL_Driver/stm32h7xx_hal_pwr_ex.o
LOAD ./Drivers/STM32H7xx_HAL_Driver/stm32h7xx_hal_rcc.o
LOAD ./Drivers/STM32H7xx_HAL_Driver/stm32h7xx_hal_rcc_ex.o
LOAD ./Drivers/STM32H7xx_HAL_Driver/stm32h7xx_hal_tim.o
LOAD ./Drivers/STM32H7xx_HAL_Driver/stm32h7xx_hal_tim_ex.o
LOAD ./Drivers/STM32H7xx_HAL_Driver/stm32h7xx_hal_uart.o
LOAD ./Drivers/STM32H7xx_HAL_Driver/stm32h7xx_hal_uart_ex.o
START GROUP
LOAD C:/ST/STM32CubeIDE_1.18.0/STM32CubeIDE/plugins/com.st.stm32cube.ide.mcu.externaltools.gnu-tools-for-stm32.13.3.rel1.win32_1.0.0.202411081344/tools/bin/../lib/gcc/arm-none-eabi/13.3.1/../../../../arm-none-eabi/lib/thumb/v7e-m+dp/hard\libstdc++_nano.a
LOAD C:/ST/STM32CubeIDE_1.18.0/STM32CubeIDE/plugins/com.st.stm32cube.ide.mcu.externaltools.gnu-tools-for-stm32.13.3.rel1.win32_1.0.0.202411081344/tools/bin/../lib/gcc/arm-none-eabi/13.3.1/../../../../arm-none-eabi/lib/thumb/v7e-m+dp/hard\libsupc++_nano.a
END GROUP
LOAD C:/ST/STM32CubeIDE_1.18.0/STM32CubeIDE/plugins/com.st.stm32cube.ide.mcu.externaltools.gnu-tools-for-stm32.13.3.rel1.win32_1.0.0.202411081344/tools/bin/../lib/gcc/arm-none-eabi/13.3.1/../../../../arm-none-eabi/lib/thumb/v7e-m+dp/hard\libstdc++_nano.a
LOAD C:/ST/STM32CubeIDE_1.18.0/STM32CubeIDE/plugins/com.st.stm32cube.ide.mcu.externaltools.gnu-tools-for-stm32.13.3.rel1.win32_1.0.0.202411081344/tools/bin/../lib/gcc/arm-none-eabi/13.3.1/../../../../arm-none-eabi/lib/thumb/v7e-m+dp/hard\libm.a
LOAD C:/ST/STM32CubeIDE_1.18.0/STM32CubeIDE/plugins/com.st.stm32cube.ide.mcu.externaltools.gnu-tools-for-stm32.13.3.rel1.win32_1.0.0.202411081344/tools/bin/../lib/gcc/arm-none-eabi/13.3.1/../../../../arm-none-eabi/lib/thumb/v7e-m+dp/hard\libc_nano.a
START GROUP
LOAD C:/ST/STM32CubeIDE_1.18.0/STM32CubeIDE/plugins/com.st.stm32cube.ide.mcu.externaltools.gnu-tools-for-stm32.13.3.rel1.win32_1.0.0.202411081344/tools/bin/../lib/gcc/arm-none-eabi/13.3.1/thumb/v7e-m+dp/hard\libgcc.a
LOAD C:/ST/STM32CubeIDE_1.18.0/STM32CubeIDE/plugins/com.st.stm32cube.ide.mcu.externaltools.gnu-tools-for-stm32.13.3.rel1.win32_1.0.0.202411081344/tools/bin/../lib/gcc/arm-none-eabi/13.3.1/../../../../arm-none-eabi/lib/thumb/v7e-m+dp/hard\libc_nano.a
END GROUP
START GROUP
LOAD C:/ST/STM32CubeIDE_1.18.0/STM32CubeIDE/plugins/com.st.stm32cube.ide.mcu.externaltools.gnu-tools-for-stm32.13.3.rel1.win32_1.0.0.202411081344/tools/bin/../lib/gcc/arm-none-eabi/13.3.1/thumb/v7e-m+dp/hard\libgcc.a
LOAD C:/ST/STM32CubeIDE_1.18.0/STM32CubeIDE/plugins/com.st.stm32cube.ide.mcu.externaltools.gnu-tools-for-stm32.13.3.rel1.win32_1.0.0.202411081344/tools/bin/../lib/gcc/arm-none-eabi/13.3.1/../../../../arm-none-eabi/lib/thumb/v7e-m+dp/hard\libc_nano.a
LOAD C:/ST/STM32CubeIDE_1.18.0/STM32CubeIDE/plugins/com.st.stm32cube.ide.mcu.externaltools.gnu-tools-for-stm32.13.3.rel1.win32_1.0.0.202411081344/tools/bin/../lib/gcc/arm-none-eabi/13.3.1/../../../../arm-none-eabi/lib/thumb/v7e-m+dp/hard\libnosys.a
END GROUP
START GROUP
LOAD C:/ST/STM32CubeIDE_1.18.0/STM32CubeIDE/plugins/com.st.stm32cube.ide.mcu.externaltools.gnu-tools-for-stm32.13.3.rel1.win32_1.0.0.202411081344/tools/bin/../lib/gcc/arm-none-eabi/13.3.1/thumb/v7e-m+dp/hard\libgcc.a
LOAD C:/ST/STM32CubeIDE_1.18.0/STM32CubeIDE/plugins/com.st.stm32cube.ide.mcu.externaltools.gnu-tools-for-stm32.13.3.rel1.win32_1.0.0.202411081344/tools/bin/../lib/gcc/arm-none-eabi/13.3.1/../../../../arm-none-eabi/lib/thumb/v7e-m+dp/hard\libc_nano.a
LOAD C:/ST/STM32CubeIDE_1.18.0/STM32CubeIDE/plugins/com.st.stm32cube.ide.mcu.externaltools.gnu-tools-for-stm32.13.3.rel1.win32_1.0.0.202411081344/tools/bin/../lib/gcc/arm-none-eabi/13.3.1/../../../../arm-none-eabi/lib/thumb/v7e-m+dp/hard\libnosys.a
END GROUP
LOAD C:/ST/STM32CubeIDE_1.18.0/STM32CubeIDE/plugins/com.st.stm32cube.ide.mcu.externaltools.gnu-tools-for-stm32.13.3.rel1.win32_1.0.0.202411081344/tools/bin/../lib/gcc/arm-none-eabi/13.3.1/thumb/v7e-m+dp/hard/crtend.o
LOAD C:/ST/STM32CubeIDE_1.18.0/STM32CubeIDE/plugins/com.st.stm32cube.ide.mcu.externaltools.gnu-tools-for-stm32.13.3.rel1.win32_1.0.0.202411081344/tools/bin/../lib/gcc/arm-none-eabi/13.3.1/thumb/v7e-m+dp/hard/crtn.o
                0x24080000                        _estack = (ORIGIN (RAM_D1) + LENGTH (RAM_D1))
                0x00000200                        _Min_Heap_Size = 0x200
                0x00000400                        _Min_Stack_Size = 0x400

.isr_vector     0x08000000      0x298
                0x08000000                        . = ALIGN (0x4)
 *(.isr_vector)
 .isr_vector    0x08000000      0x298 ./Core/Startup/startup_stm32h747xihx.o
                0x08000000                g_pfnVectors
                0x08000298                        . = ALIGN (0x4)

.text           0x080002a0    0x1ac7c
                0x080002a0                        . = ALIGN (0x4)
 *(.text)
 .text          0x080002a0       0x40 C:/ST/STM32CubeIDE_1.18.0/STM32CubeIDE/plugins/com.st.stm32cube.ide.mcu.externaltools.gnu-tools-for-stm32.13.3.rel1.win32_1.0.0.202411081344/tools/bin/../lib/gcc/arm-none-eabi/13.3.1/thumb/v7e-m+dp/hard/crtbegin.o
 .text          0x080002e0       0xa0 C:/ST/STM32CubeIDE_1.18.0/STM32CubeIDE/plugins/com.st.stm32cube.ide.mcu.externaltools.gnu-tools-for-stm32.13.3.rel1.win32_1.0.0.202411081344/tools/bin/../lib/gcc/arm-none-eabi/13.3.1/../../../../arm-none-eabi/lib/thumb/v7e-m+dp/hard\libc_nano.a(libc_a-memchr.o)
                0x080002e0                memchr
 .text          0x08000380      0x378 C:/ST/STM32CubeIDE_1.18.0/STM32CubeIDE/plugins/com.st.stm32cube.ide.mcu.externaltools.gnu-tools-for-stm32.13.3.rel1.win32_1.0.0.202411081344/tools/bin/../lib/gcc/arm-none-eabi/13.3.1/thumb/v7e-m+dp/hard\libgcc.a(_arm_addsubdf3.o)
                0x08000380                __aeabi_drsub
                0x08000388                __aeabi_dsub
                0x08000388                __subdf3
                0x0800038c                __aeabi_dadd
                0x0800038c                __adddf3
                0x08000604                __floatunsidf
                0x08000604                __aeabi_ui2d
                0x08000624                __floatsidf
                0x08000624                __aeabi_i2d
                0x08000648                __aeabi_f2d
                0x08000648                __extendsfdf2
                0x0800068c                __floatundidf
                0x0800068c                __aeabi_ul2d
                0x0800069c                __floatdidf
                0x0800069c                __aeabi_l2d
 .text          0x080006f8       0xa0 C:/ST/STM32CubeIDE_1.18.0/STM32CubeIDE/plugins/com.st.stm32cube.ide.mcu.externaltools.gnu-tools-for-stm32.13.3.rel1.win32_1.0.0.202411081344/tools/bin/../lib/gcc/arm-none-eabi/13.3.1/thumb/v7e-m+dp/hard\libgcc.a(_aeabi_ldivmod.o)
                0x080006f8                __aeabi_ldivmod
 .text          0x08000798       0x30 C:/ST/STM32CubeIDE_1.18.0/STM32CubeIDE/plugins/com.st.stm32cube.ide.mcu.externaltools.gnu-tools-for-stm32.13.3.rel1.win32_1.0.0.202411081344/tools/bin/../lib/gcc/arm-none-eabi/13.3.1/thumb/v7e-m+dp/hard\libgcc.a(_aeabi_uldivmod.o)
                0x08000798                __aeabi_uldivmod
 .text          0x080007c8       0x30 C:/ST/STM32CubeIDE_1.18.0/STM32CubeIDE/plugins/com.st.stm32cube.ide.mcu.externaltools.gnu-tools-for-stm32.13.3.rel1.win32_1.0.0.202411081344/tools/bin/../lib/gcc/arm-none-eabi/13.3.1/thumb/v7e-m+dp/hard\libgcc.a(_fixdfdi.o)
                0x080007c8                __fixdfdi
                0x080007c8                __aeabi_d2lz
 .text          0x080007f8       0x40 C:/ST/STM32CubeIDE_1.18.0/STM32CubeIDE/plugins/com.st.stm32cube.ide.mcu.externaltools.gnu-tools-for-stm32.13.3.rel1.win32_1.0.0.202411081344/tools/bin/../lib/gcc/arm-none-eabi/13.3.1/thumb/v7e-m+dp/hard\libgcc.a(_fixunsdfdi.o)
                0x080007f8                __fixunsdfdi
                0x080007f8                __aeabi_d2ulz
 .text          0x08000838      0x2f8 C:/ST/STM32CubeIDE_1.18.0/STM32CubeIDE/plugins/com.st.stm32cube.ide.mcu.externaltools.gnu-tools-for-stm32.13.3.rel1.win32_1.0.0.202411081344/tools/bin/../lib/gcc/arm-none-eabi/13.3.1/thumb/v7e-m+dp/hard\libgcc.a(_udivmoddi4.o)
                0x08000838                __udivmoddi4
 .text          0x08000b30        0x4 C:/ST/STM32CubeIDE_1.18.0/STM32CubeIDE/plugins/com.st.stm32cube.ide.mcu.externaltools.gnu-tools-for-stm32.13.3.rel1.win32_1.0.0.202411081344/tools/bin/../lib/gcc/arm-none-eabi/13.3.1/thumb/v7e-m+dp/hard\libgcc.a(_dvmd_tls.o)
                0x08000b30                __aeabi_idiv0
                0x08000b30                __aeabi_ldiv0
 *(.text*)
 .text.SystemInit
                0x08000b34      0x15c ./Common/Src/system_stm32h7xx_dualcore_boot_cm4_cm7.o
                0x08000b34                SystemInit
 .text.ExitRun0Mode
                0x08000c90       0x30 ./Common/Src/system_stm32h7xx_dualcore_boot_cm4_cm7.o
                0x08000c90                ExitRun0Mode
 .text._ZN13VMTaskClass1611WMC_SYSCTRLEh
                0x08000cc0      0xf2c ./Core/Lib/CPDevVM/src/VM/vm.o
                0x08000cc0                VMTaskClass16::WMC_SYSCTRL(unsigned char)
 .text._ZN13VMTaskClass167WMC_MMVEh
                0x08001bec       0x72 ./Core/Lib/CPDevVM/src/VM/vm.o
                0x08001bec                VMTaskClass16::WMC_MMV(unsigned char)
 *fill*         0x08001c5e        0x2 
 .text._ZN13VMTaskClass1610WMC_CustomEh
                0x08001c60      0x214 ./Core/Lib/CPDevVM/src/VM/vm.o
                0x08001c60                VMTaskClass16::WMC_Custom(unsigned char)
 .text._ZN13VMTaskClass167WMC_ADDEh
                0x08001e74      0x4d0 ./Core/Lib/CPDevVM/src/VM/vm.o
                0x08001e74                VMTaskClass16::WMC_ADD(unsigned char)
 .text._ZN13VMTaskClass167WMC_SUBEh
                0x08002344      0x360 ./Core/Lib/CPDevVM/src/VM/vm.o
                0x08002344                VMTaskClass16::WMC_SUB(unsigned char)
 .text._ZN13VMTaskClass167WMC_MULEh
                0x080026a4      0x400 ./Core/Lib/CPDevVM/src/VM/vm.o
                0x080026a4                VMTaskClass16::WMC_MUL(unsigned char)
 .text._ZN13VMTaskClass1611WMC_DIV_MODEh
                0x08002aa4      0x604 ./Core/Lib/CPDevVM/src/VM/vm.o
                0x08002aa4                VMTaskClass16::WMC_DIV_MOD(unsigned char)
 .text._ZN13VMTaskClass1611WMC_NEG_NOTEh
                0x080030a8      0x2c8 ./Core/Lib/CPDevVM/src/VM/vm.o
                0x080030a8                VMTaskClass16::WMC_NEG_NOT(unsigned char)
 .text._ZSt4acosf
                0x08003370       0x20 ./Core/Lib/CPDevVM/src/VM/vm.o
                0x08003370                std::acos(float)
 .text._ZSt4asinf
                0x08003390       0x20 ./Core/Lib/CPDevVM/src/VM/vm.o
                0x08003390                std::asin(float)
 .text._ZSt4atanf
                0x080033b0       0x20 ./Core/Lib/CPDevVM/src/VM/vm.o
                0x080033b0                std::atan(float)
 .text._ZSt3cosf
                0x080033d0       0x20 ./Core/Lib/CPDevVM/src/VM/vm.o
                0x080033d0                std::cos(float)
 .text._ZSt3expf
                0x080033f0       0x20 ./Core/Lib/CPDevVM/src/VM/vm.o
                0x080033f0                std::exp(float)
 .text._ZSt3logf
                0x08003410       0x20 ./Core/Lib/CPDevVM/src/VM/vm.o
                0x08003410                std::log(float)
 .text._ZSt5log10f
                0x08003430       0x20 ./Core/Lib/CPDevVM/src/VM/vm.o
                0x08003430                std::log10(float)
 .text._ZSt3sinf
                0x08003450       0x20 ./Core/Lib/CPDevVM/src/VM/vm.o
                0x08003450                std::sin(float)
 .text._ZSt4sqrtf
                0x08003470       0x20 ./Core/Lib/CPDevVM/src/VM/vm.o
                0x08003470                std::sqrt(float)
 .text._ZSt3tanf
                0x08003490       0x20 ./Core/Lib/CPDevVM/src/VM/vm.o
                0x08003490                std::tan(float)
 .text._ZN13VMTaskClass168WMC_EXPTEh
                0x080034b0      0x424 ./Core/Lib/CPDevVM/src/VM/vm.o
                0x080034b0                VMTaskClass16::WMC_EXPT(unsigned char)
 .text._ZN13VMTaskClass167WMC_ABSEh
                0x080038d4      0x274 ./Core/Lib/CPDevVM/src/VM/vm.o
                0x080038d4                VMTaskClass16::WMC_ABS(unsigned char)
 .text._ZN13VMTaskClass168WMC_MATHEh
                0x08003b48      0x5b4 ./Core/Lib/CPDevVM/src/VM/vm.o
                0x08003b48                VMTaskClass16::WMC_MATH(unsigned char)
 .text._ZN13VMTaskClass1612WMC_EXPT_ABSEh
                0x080040fc       0x42 ./Core/Lib/CPDevVM/src/VM/vm.o
                0x080040fc                VMTaskClass16::WMC_EXPT_ABS(unsigned char)
 *fill*         0x0800413e        0x2 
 .text._ZN13VMTaskClass167WMC_ANDEh
                0x08004140      0x224 ./Core/Lib/CPDevVM/src/VM/vm.o
                0x08004140                VMTaskClass16::WMC_AND(unsigned char)
 .text._ZN13VMTaskClass166WMC_OREh
                0x08004364      0x220 ./Core/Lib/CPDevVM/src/VM/vm.o
                0x08004364                VMTaskClass16::WMC_OR(unsigned char)
 .text._ZN13VMTaskClass167WMC_XOREh
                0x08004584      0x290 ./Core/Lib/CPDevVM/src/VM/vm.o
                0x08004584                VMTaskClass16::WMC_XOR(unsigned char)
 .text._ZN13VMTaskClass1611WMC_SHI_ROTEh
                0x08004814      0x5dc ./Core/Lib/CPDevVM/src/VM/vm.o
                0x08004814                VMTaskClass16::WMC_SHI_ROT(unsigned char)
 .text._ZN13VMTaskClass167WMC_SELEh
                0x08004df0      0x8f4 ./Core/Lib/CPDevVM/src/VM/vm.o
                0x08004df0                VMTaskClass16::WMC_SEL(unsigned char)
 .text._ZN13VMTaskClass169WMC_LIMITEh
                0x080056e4      0xed4 ./Core/Lib/CPDevVM/src/VM/vm.o
                0x080056e4                VMTaskClass16::WMC_LIMIT(unsigned char)
 .text._ZN13VMTaskClass167WMC_MAXEh
                0x080065b8      0x718 ./Core/Lib/CPDevVM/src/VM/vm.o
                0x080065b8                VMTaskClass16::WMC_MAX(unsigned char)
 .text._ZN13VMTaskClass167WMC_MINEh
                0x08006cd0      0x718 ./Core/Lib/CPDevVM/src/VM/vm.o
                0x08006cd0                VMTaskClass16::WMC_MIN(unsigned char)
 .text._ZN13VMTaskClass166WMC_GTEh
                0x080073e8      0x734 ./Core/Lib/CPDevVM/src/VM/vm.o
                0x080073e8                VMTaskClass16::WMC_GT(unsigned char)
 .text._ZN13VMTaskClass166WMC_GEEh
                0x08007b1c      0x75c ./Core/Lib/CPDevVM/src/VM/vm.o
                0x08007b1c                VMTaskClass16::WMC_GE(unsigned char)
 .text._ZN13VMTaskClass166WMC_LTEh
                0x08008278      0x734 ./Core/Lib/CPDevVM/src/VM/vm.o
                0x08008278                VMTaskClass16::WMC_LT(unsigned char)
 .text._ZN13VMTaskClass166WMC_LEEh
                0x080089ac      0x75c ./Core/Lib/CPDevVM/src/VM/vm.o
                0x080089ac                VMTaskClass16::WMC_LE(unsigned char)
 .text._ZN13VMTaskClass166WMC_EQEh
                0x08009108      0x74c ./Core/Lib/CPDevVM/src/VM/vm.o
                0x08009108                VMTaskClass16::WMC_EQ(unsigned char)
 .text._ZN13VMTaskClass166WMC_NEEh
                0x08009854      0x774 ./Core/Lib/CPDevVM/src/VM/vm.o
                0x08009854                VMTaskClass16::WMC_NE(unsigned char)
 .text._ZN13VMTaskClass167WMC_MUXEh
                0x08009fc8      0x6b4 ./Core/Lib/CPDevVM/src/VM/vm.o
                0x08009fc8                VMTaskClass16::WMC_MUX(unsigned char)
 .text._ZN13VMTaskClass168WMC_CONVEh
                0x0800a67c      0x560 ./Core/Lib/CPDevVM/src/VM/vm.o
                0x0800a67c                VMTaskClass16::WMC_CONV(unsigned char)
 .text._ZN13VMTaskClass167WMC_DOWEh
                0x0800abdc       0xce ./Core/Lib/CPDevVM/src/VM/vm.o
                0x0800abdc                VMTaskClass16::WMC_DOW(unsigned char)
 .text._Z7equDATE7WM_DATES_
                0x0800acaa       0x24 ./Core/Lib/CPDevVM/src/VM/vm.o
                0x0800acaa                equDATE(WM_DATE, WM_DATE)
 .text._Z6equTOD14WM_TIME_OF_DAYS_
                0x0800acce       0x24 ./Core/Lib/CPDevVM/src/VM/vm.o
                0x0800acce                equTOD(WM_TIME_OF_DAY, WM_TIME_OF_DAY)
 .text._Z16equDATE_AND_TIME16WM_DATE_AND_TIMES_
                0x0800acf2       0x56 ./Core/Lib/CPDevVM/src/VM/vm.o
                0x0800acf2                equDATE_AND_TIME(WM_DATE_AND_TIME, WM_DATE_AND_TIME)
 .text._Z8lessDATE7WM_DATES_
                0x0800ad48       0x24 ./Core/Lib/CPDevVM/src/VM/vm.o
                0x0800ad48                lessDATE(WM_DATE, WM_DATE)
 .text._Z7lessTOD14WM_TIME_OF_DAYS_
                0x0800ad6c       0x24 ./Core/Lib/CPDevVM/src/VM/vm.o
                0x0800ad6c                lessTOD(WM_TIME_OF_DAY, WM_TIME_OF_DAY)
 .text._Z17lessDATE_AND_TIME16WM_DATE_AND_TIMES_
                0x0800ad90       0x6e ./Core/Lib/CPDevVM/src/VM/vm.o
                0x0800ad90                lessDATE_AND_TIME(WM_DATE_AND_TIME, WM_DATE_AND_TIME)
 *fill*         0x0800adfe        0x2 
 .text._Z3dowiii
                0x0800ae00       0x90 ./Core/Lib/CPDevVM/src/VM/vm.o
                0x0800ae00                dow(int, int, int)
 .text._ZN13VMTaskClass1612WMC_PointersEh
                0x0800ae90      0x1f8 ./Core/Lib/CPDevVM/src/VM/vm.o
                0x0800ae90                VMTaskClass16::WMC_Pointers(unsigned char)
 .text._ZN13VMTaskClass1610WMC_StringEh
                0x0800b088     0x1ba0 ./Core/Lib/CPDevVM/src/VM/vm.o
                0x0800b088                VMTaskClass16::WMC_String(unsigned char)
 .text._Z10copySTRINGP9WM_STRINGsS0_ss
                0x0800cc28       0x84 ./Core/Lib/CPDevVM/src/VM/vm.o
                0x0800cc28                copySTRING(WM_STRING*, short, WM_STRING*, short, short)
 .text._Z10lessSTRINGP9WM_STRINGS0_
                0x0800ccac       0x58 ./Core/Lib/CPDevVM/src/VM/vm.o
                0x0800ccac                lessSTRING(WM_STRING*, WM_STRING*)
 .text._Z9equSTRINGP9WM_STRINGS0_
                0x0800cd04       0x42 ./Core/Lib/CPDevVM/src/VM/vm.o
                0x0800cd04                equSTRING(WM_STRING*, WM_STRING*)
 .text._Z9midSTRINGP9WM_STRINGS0_ss
                0x0800cd46       0x8e ./Core/Lib/CPDevVM/src/VM/vm.o
                0x0800cd46                midSTRING(WM_STRING*, WM_STRING*, short, short)
 .text._Z10findSTRINGP9WM_STRINGS0_s
                0x0800cdd4       0x96 ./Core/Lib/CPDevVM/src/VM/vm.o
                0x0800cdd4                findSTRING(WM_STRING*, WM_STRING*, short)
 .text._ZN13VMTaskClass169getSTRINGEtP9WM_STRING
                0x0800ce6a       0x82 ./Core/Lib/CPDevVM/src/VM/vm.o
                0x0800ce6a                VMTaskClass16::getSTRING(unsigned short, WM_STRING*)
 .text._ZN13VMTaskClass169setSTRINGEtP9WM_STRING
                0x0800ceec       0x92 ./Core/Lib/CPDevVM/src/VM/vm.o
                0x0800ceec                VMTaskClass16::setSTRING(unsigned short, WM_STRING*)
 .text._ZN13VMTaskClass1617push_DataOfsStackEt
                0x0800cf7e       0x3a ./Core/Lib/CPDevVM/src/VM/vm.o
                0x0800cf7e                VMTaskClass16::push_DataOfsStack(unsigned short)
 .text._ZN13VMTaskClass1617pull_DataOfsStackEv
                0x0800cfb8       0x58 ./Core/Lib/CPDevVM/src/VM/vm.o
                0x0800cfb8                VMTaskClass16::pull_DataOfsStack()
 .text._ZN13VMTaskClass1617push_CallingStackEt
                0x0800d010       0x32 ./Core/Lib/CPDevVM/src/VM/vm.o
                0x0800d010                VMTaskClass16::push_CallingStack(unsigned short)
 .text._ZN13VMTaskClass1617pull_CallingStackEv
                0x0800d042       0x4c ./Core/Lib/CPDevVM/src/VM/vm.o
                0x0800d042                VMTaskClass16::pull_CallingStack()
 .text._ZN13VMTaskClass1612clear_StacksEv
                0x0800d08e       0x26 ./Core/Lib/CPDevVM/src/VM/vm.o
                0x0800d08e                VMTaskClass16::clear_Stacks()
 .text._ZN13VMTaskClass1616WM_InitRegistersEv
                0x0800d0b4       0x6e ./Core/Lib/CPDevVM/src/VM/vm.o
                0x0800d0b4                VMTaskClass16::WM_InitRegisters()
 *fill*         0x0800d122        0x2 
 .text._ZN13VMTaskClass1613WM_RunCommandEv
                0x0800d124      0x2a4 ./Core/Lib/CPDevVM/src/VM/vm.o
                0x0800d124                VMTaskClass16::WM_RunCommand()
 .text._ZN13VMTaskClass1613WM_InitializeEi
                0x0800d3c8       0xb2 ./Core/Lib/CPDevVM/src/VM/vm.o
                0x0800d3c8                VMTaskClass16::WM_Initialize(int)
 .text._ZN13VMTaskClass1611WM_RunCycleEv
                0x0800d47a       0x98 ./Core/Lib/CPDevVM/src/VM/vm.o
                0x0800d47a                VMTaskClass16::WM_RunCycle()
 *fill*         0x0800d512        0x2 
 .text._ZN13VMTaskClass1611WM_ShutdownEv
                0x0800d514       0x4c ./Core/Lib/CPDevVM/src/VM/vm.o
                0x0800d514                VMTaskClass16::WM_Shutdown()
 .text._ZN13VMTaskClass1614GetProgramWordEv
                0x0800d560       0x42 ./Core/Lib/CPDevVM/src/VM/vmfunc/vm_data_access.o
                0x0800d560                VMTaskClass16::GetProgramWord()
 .text._ZN13VMTaskClass1615GetProgramDWordEv
                0x0800d5a2       0x40 ./Core/Lib/CPDevVM/src/VM/vmfunc/vm_data_access.o
                0x0800d5a2                VMTaskClass16::GetProgramDWord()
 .text._ZN13VMTaskClass1617GetProgramAddressEv
                0x0800d5e2       0x18 ./Core/Lib/CPDevVM/src/VM/vmfunc/vm_data_access.o
                0x0800d5e2                VMTaskClass16::GetProgramAddress()
 .text._ZN13VMTaskClass167getREALEt
                0x0800d5fa       0x3a ./Core/Lib/CPDevVM/src/VM/vmfunc/vm_data_access.o
                0x0800d5fa                VMTaskClass16::getREAL(unsigned short)
 .text._ZN13VMTaskClass167setREALEtf
                0x0800d634       0x36 ./Core/Lib/CPDevVM/src/VM/vmfunc/vm_data_access.o
                0x0800d634                VMTaskClass16::setREAL(unsigned short, float)
 .text._ZN13VMTaskClass168getLREALEt
                0x0800d66a       0x3c ./Core/Lib/CPDevVM/src/VM/vmfunc/vm_data_access.o
                0x0800d66a                VMTaskClass16::getLREAL(unsigned short)
 .text._ZN13VMTaskClass168setLREALEtd
                0x0800d6a6       0x3a ./Core/Lib/CPDevVM/src/VM/vmfunc/vm_data_access.o
                0x0800d6a6                VMTaskClass16::setLREAL(unsigned short, double)
 .text._ZN13VMTaskClass166getINTEt
                0x0800d6e0       0x38 ./Core/Lib/CPDevVM/src/VM/vmfunc/vm_data_access.o
                0x0800d6e0                VMTaskClass16::getINT(unsigned short)
 .text._ZN13VMTaskClass166setINTEts
                0x0800d718       0x36 ./Core/Lib/CPDevVM/src/VM/vmfunc/vm_data_access.o
                0x0800d718                VMTaskClass16::setINT(unsigned short, short)
 .text._ZN13VMTaskClass167getDINTEt
                0x0800d74e       0x34 ./Core/Lib/CPDevVM/src/VM/vmfunc/vm_data_access.o
                0x0800d74e                VMTaskClass16::getDINT(unsigned short)
 .text._ZN13VMTaskClass167setDINTEtl
                0x0800d782       0x34 ./Core/Lib/CPDevVM/src/VM/vmfunc/vm_data_access.o
                0x0800d782                VMTaskClass16::setDINT(unsigned short, long)
 .text._ZN13VMTaskClass167getLINTEt
                0x0800d7b6       0x38 ./Core/Lib/CPDevVM/src/VM/vmfunc/vm_data_access.o
                0x0800d7b6                VMTaskClass16::getLINT(unsigned short)
 .text._ZN13VMTaskClass167setLINTEtx
                0x0800d7ee       0x3a ./Core/Lib/CPDevVM/src/VM/vmfunc/vm_data_access.o
                0x0800d7ee                VMTaskClass16::setLINT(unsigned short, long long)
 .text._ZN13VMTaskClass1615VMP_PostProgramEv
                0x0800d828       0x14 ./Core/Lib/CPDevVM/src/vm_arduino.o
                0x0800d828                VMTaskClass16::VMP_PostProgram()
 .text._ZN13VMTaskClass1617VMP_FlashDataReadEtt
                0x0800d83c       0x1e ./Core/Lib/CPDevVM/src/vm_arduino.o
                0x0800d83c                VMTaskClass16::VMP_FlashDataRead(unsigned short, unsigned short)
 .text._ZN13VMTaskClass1618VMP_FlashDataWriteEtt
                0x0800d85a       0x1e ./Core/Lib/CPDevVM/src/vm_arduino.o
                0x0800d85a                VMTaskClass16::VMP_FlashDataWrite(unsigned short, unsigned short)
 .text._ZN13VMTaskClass1620VMP_FlashDataControlEt
                0x0800d878       0x1a ./Core/Lib/CPDevVM/src/vm_arduino.o
                0x0800d878                VMTaskClass16::VMP_FlashDataControl(unsigned short)
 .text._ZN13VMTaskClass1612VMP_WriteRTCEP16WM_DATE_AND_TIME
                0x0800d892       0x18 ./Core/Lib/CPDevVM/src/vm_arduino.o
                0x0800d892                VMTaskClass16::VMP_WriteRTC(WM_DATE_AND_TIME*)
 .text._ZN13VMTaskClass1619VMP_ExecNativeBlockEtt
                0x0800d8aa       0x1e ./Core/Lib/CPDevVM/src/vm_arduino.o
                0x0800d8aa                VMTaskClass16::VMP_ExecNativeBlock(unsigned short, unsigned short)
 .text._ZN13VMTaskClass1619VMP_InitNativeBlockEtt
                0x0800d8c8       0x1e ./Core/Lib/CPDevVM/src/vm_arduino.o
                0x0800d8c8                VMTaskClass16::VMP_InitNativeBlock(unsigned short, unsigned short)
 .text._ZN9VMArduino22VMP_LoadProgramAndDataEPKwi
                0x0800d8e6       0x1c ./Core/Lib/CPDevVM/src/vm_arduino.o
                0x0800d8e6                VMArduino::VMP_LoadProgramAndData(wchar_t const*, int)
 .text._ZN9VMArduino24VMP_LoadProgramFromArrayEPKhi
                0x0800d902       0x5a ./Core/Lib/CPDevVM/src/vm_arduino.o
                0x0800d902                VMArduino::VMP_LoadProgramFromArray(unsigned char const*, int)
 .text._ZN9VMArduino9VMP_DebugEht
                0x0800d95c       0x26 ./Core/Lib/CPDevVM/src/vm_arduino.o
                0x0800d95c                VMArduino::VMP_Debug(unsigned char, unsigned short)
 .text._ZN9VMArduino12VMP_PreCycleEv
                0x0800d982       0x28 ./Core/Lib/CPDevVM/src/vm_arduino.o
                0x0800d982                VMArduino::VMP_PreCycle()
 .text._ZN9VMArduino13VMP_PostCycleEv
                0x0800d9aa       0xb6 ./Core/Lib/CPDevVM/src/vm_arduino.o
                0x0800d9aa                VMArduino::VMP_PostCycle()
 .text._ZN9VMArduino14VMP_PreProgramEv
                0x0800da60       0x1c ./Core/Lib/CPDevVM/src/vm_arduino.o
                0x0800da60                VMArduino::VMP_PreProgram()
 .text._ZN9VMArduino18VMP_PreNextCommandEv
                0x0800da7c       0x14 ./Core/Lib/CPDevVM/src/vm_arduino.o
                0x0800da7c                VMArduino::VMP_PreNextCommand()
 .text._ZN9VMArduino11VMP_ReadRTCEP16WM_DATE_AND_TIME
                0x0800da90       0x16 ./Core/Lib/CPDevVM/src/vm_arduino.o
                0x0800da90                VMArduino::VMP_ReadRTC(WM_DATE_AND_TIME*)
 .text._ZN9VMArduino15VMP_CurrentTimeEv
                0x0800daa6       0x16 ./Core/Lib/CPDevVM/src/vm_arduino.o
                0x0800daa6                VMArduino::VMP_CurrentTime()
 .text._ZN9VMArduino13VMP_GetRandomEv
                0x0800dabc       0x38 ./Core/Lib/CPDevVM/src/vm_arduino.o
                0x0800dabc                VMArduino::VMP_GetRandom()
 .text._ZN13VMTaskClass16C2Ev
                0x0800daf4       0x44 ./Core/Src/main.o
                0x0800daf4                VMTaskClass16::VMTaskClass16()
                0x0800daf4                VMTaskClass16::VMTaskClass16()
 .text._ZN13VMTaskClass1613VMP_PostCycleEv
                0x0800db38       0x14 ./Core/Src/main.o
                0x0800db38                VMTaskClass16::VMP_PostCycle()
 .text._ZN13VMTaskClass1612VMP_PreCycleEv
                0x0800db4c       0x14 ./Core/Src/main.o
                0x0800db4c                VMTaskClass16::VMP_PreCycle()
 .text._ZN13VMTaskClass169VMP_DebugEht
                0x0800db60       0x1c ./Core/Src/main.o
                0x0800db60                VMTaskClass16::VMP_Debug(unsigned char, unsigned short)
 .text._ZN13VMTaskClass1618VMP_PreNextCommandEv
                0x0800db7c       0x14 ./Core/Src/main.o
                0x0800db7c                VMTaskClass16::VMP_PreNextCommand()
 .text._ZN13VMTaskClass1614VMP_PreProgramEv
                0x0800db90       0x14 ./Core/Src/main.o
                0x0800db90                VMTaskClass16::VMP_PreProgram()
 .text._ZN13VMTaskClass1611VMP_ReadRTCEP16WM_DATE_AND_TIME
                0x0800dba4       0x4e ./Core/Src/main.o
                0x0800dba4                VMTaskClass16::VMP_ReadRTC(WM_DATE_AND_TIME*)
 *fill*         0x0800dbf2        0x2 
 .text._ZN9VMArduinoC2Ev
                0x0800dbf4       0x24 ./Core/Src/main.o
                0x0800dbf4                VMArduino::VMArduino()
                0x0800dbf4                VMArduino::VMArduino()
 .text.HAL_TIM_PeriodElapsedCallback
                0x0800dc18       0x64 ./Core/Src/main.o
                0x0800dc18                HAL_TIM_PeriodElapsedCallback
 .text.main     0x0800dc7c      0x140 ./Core/Src/main.o
                0x0800dc7c                main
 .text.SystemClock_Config
                0x0800ddbc      0x128 ./Core/Src/main.o
                0x0800ddbc                SystemClock_Config
 .text.PeriphCommonClock_Config
                0x0800dee4       0x68 ./Core/Src/main.o
                0x0800dee4                PeriphCommonClock_Config
 .text._ZL12MX_TIM7_Initv
                0x0800df4c       0x80 ./Core/Src/main.o
 .text._ZL19MX_USART1_UART_Initv
                0x0800dfcc       0xc0 ./Core/Src/main.o
 .text._ZL19MX_USART2_UART_Initv
                0x0800e08c       0xd4 ./Core/Src/main.o
 .text._ZL11MX_DMA_Initv
                0x0800e160       0x50 ./Core/Src/main.o
 .text._ZL12MX_GPIO_Initv
                0x0800e1b0      0x148 ./Core/Src/main.o
 .text.__io_putchar
                0x0800e2f8       0x24 ./Core/Src/main.o
                0x0800e2f8                __io_putchar
 .text.Error_Handler
                0x0800e31c        0xc ./Core/Src/main.o
                0x0800e31c                Error_Handler
 .text._Z41__static_initialization_and_destruction_0v
                0x0800e328       0x14 ./Core/Src/main.o
 .text._GLOBAL__sub_I_htim7
                0x0800e33c        0xa ./Core/Src/main.o
 *fill*         0x0800e346        0x2 
 .text.HAL_MspInit
                0x0800e348       0x40 ./Core/Src/stm32h7xx_hal_msp.o
                0x0800e348                HAL_MspInit
 .text.HAL_TIM_Base_MspInit
                0x0800e388       0x50 ./Core/Src/stm32h7xx_hal_msp.o
                0x0800e388                HAL_TIM_Base_MspInit
 .text.HAL_UART_MspInit
                0x0800e3d8      0x25c ./Core/Src/stm32h7xx_hal_msp.o
                0x0800e3d8                HAL_UART_MspInit
 .text.NMI_Handler
                0x0800e634        0x8 ./Core/Src/stm32h7xx_it.o
                0x0800e634                NMI_Handler
 .text.HardFault_Handler
                0x0800e63c        0x8 ./Core/Src/stm32h7xx_it.o
                0x0800e63c                HardFault_Handler
 .text.MemManage_Handler
                0x0800e644        0x8 ./Core/Src/stm32h7xx_it.o
                0x0800e644                MemManage_Handler
 .text.BusFault_Handler
                0x0800e64c        0x8 ./Core/Src/stm32h7xx_it.o
                0x0800e64c                BusFault_Handler
 .text.UsageFault_Handler
                0x0800e654        0x8 ./Core/Src/stm32h7xx_it.o
                0x0800e654                UsageFault_Handler
 .text.SVC_Handler
                0x0800e65c        0xe ./Core/Src/stm32h7xx_it.o
                0x0800e65c                SVC_Handler
 .text.DebugMon_Handler
                0x0800e66a        0xe ./Core/Src/stm32h7xx_it.o
                0x0800e66a                DebugMon_Handler
 .text.PendSV_Handler
                0x0800e678        0xe ./Core/Src/stm32h7xx_it.o
                0x0800e678                PendSV_Handler
 .text.SysTick_Handler
                0x0800e686        0xc ./Core/Src/stm32h7xx_it.o
                0x0800e686                SysTick_Handler
 *fill*         0x0800e692        0x2 
 .text.DMA1_Stream0_IRQHandler
                0x0800e694       0x14 ./Core/Src/stm32h7xx_it.o
                0x0800e694                DMA1_Stream0_IRQHandler
 .text.DMA1_Stream1_IRQHandler
                0x0800e6a8       0x14 ./Core/Src/stm32h7xx_it.o
                0x0800e6a8                DMA1_Stream1_IRQHandler
 .text.USART1_IRQHandler
                0x0800e6bc       0x14 ./Core/Src/stm32h7xx_it.o
                0x0800e6bc                USART1_IRQHandler
 .text.USART2_IRQHandler
                0x0800e6d0       0x14 ./Core/Src/stm32h7xx_it.o
                0x0800e6d0                USART2_IRQHandler
 .text.TIM7_IRQHandler
                0x0800e6e4       0x14 ./Core/Src/stm32h7xx_it.o
                0x0800e6e4                TIM7_IRQHandler
 .text.HSEM1_IRQHandler
                0x0800e6f8        0xc ./Core/Src/stm32h7xx_it.o
                0x0800e6f8                HSEM1_IRQHandler
 .text._getpid  0x0800e704       0x10 ./Core/Src/syscalls.o
                0x0800e704                _getpid
 .text._kill    0x0800e714       0x20 ./Core/Src/syscalls.o
                0x0800e714                _kill
 .text._exit    0x0800e734       0x16 ./Core/Src/syscalls.o
                0x0800e734                _exit
 .text._read    0x0800e74a       0x3a ./Core/Src/syscalls.o
                0x0800e74a                _read
 .text._write   0x0800e784       0x38 ./Core/Src/syscalls.o
                0x0800e784                _write
 .text._close   0x0800e7bc       0x18 ./Core/Src/syscalls.o
                0x0800e7bc                _close
 .text._fstat   0x0800e7d4       0x20 ./Core/Src/syscalls.o
                0x0800e7d4                _fstat
 .text._isatty  0x0800e7f4       0x16 ./Core/Src/syscalls.o
                0x0800e7f4                _isatty
 .text._lseek   0x0800e80a       0x1a ./Core/Src/syscalls.o
                0x0800e80a                _lseek
 .text._sbrk    0x0800e824       0x6c ./Core/Src/sysmem.o
                0x0800e824                _sbrk
 .text.Reset_Handler
                0x0800e890       0x54 ./Core/Startup/startup_stm32h747xihx.o
                0x0800e890                Reset_Handler
 .text.Default_Handler
                0x0800e8e4        0x2 ./Core/Startup/startup_stm32h747xihx.o
                0x0800e8e4                RTC_Alarm_IRQHandler
                0x0800e8e4                EXTI2_IRQHandler
                0x0800e8e4                TIM8_CC_IRQHandler
                0x0800e8e4                HRTIM1_Master_IRQHandler
                0x0800e8e4                UART8_IRQHandler
                0x0800e8e4                SPI4_IRQHandler
                0x0800e8e4                TIM1_CC_IRQHandler
                0x0800e8e4                BDMA_Channel6_IRQHandler
                0x0800e8e4                DMA2_Stream5_IRQHandler
                0x0800e8e4                HRTIM1_FLT_IRQHandler
                0x0800e8e4                JPEG_IRQHandler
                0x0800e8e4                DMA1_Stream5_IRQHandler
                0x0800e8e4                BDMA_Channel1_IRQHandler
                0x0800e8e4                HRTIM1_TIMD_IRQHandler
                0x0800e8e4                TAMP_STAMP_IRQHandler
                0x0800e8e4                EXTI3_IRQHandler
                0x0800e8e4                LPTIM4_IRQHandler
                0x0800e8e4                TIM8_TRG_COM_TIM14_IRQHandler
                0x0800e8e4                LPTIM2_IRQHandler
                0x0800e8e4                DFSDM1_FLT1_IRQHandler
                0x0800e8e4                DMAMUX2_OVR_IRQHandler
                0x0800e8e4                TIM8_UP_TIM13_IRQHandler
                0x0800e8e4                I2C3_ER_IRQHandler
                0x0800e8e4                DFSDM1_FLT2_IRQHandler
                0x0800e8e4                MDMA_IRQHandler
                0x0800e8e4                LPTIM3_IRQHandler
                0x0800e8e4                EXTI0_IRQHandler
                0x0800e8e4                I2C2_EV_IRQHandler
                0x0800e8e4                DMA1_Stream2_IRQHandler
                0x0800e8e4                FPU_IRQHandler
                0x0800e8e4                OTG_HS_WKUP_IRQHandler
                0x0800e8e4                FDCAN1_IT1_IRQHandler
                0x0800e8e4                LTDC_ER_IRQHandler
                0x0800e8e4                DMA2_Stream2_IRQHandler
                0x0800e8e4                HRTIM1_TIME_IRQHandler
                0x0800e8e4                SPI1_IRQHandler
                0x0800e8e4                TIM6_DAC_IRQHandler
                0x0800e8e4                DCMI_IRQHandler
                0x0800e8e4                HRTIM1_TIMC_IRQHandler
                0x0800e8e4                DMA2_Stream3_IRQHandler
                0x0800e8e4                SAI2_IRQHandler
                0x0800e8e4                DFSDM1_FLT3_IRQHandler
                0x0800e8e4                USART6_IRQHandler
                0x0800e8e4                TIM17_IRQHandler
                0x0800e8e4                USART3_IRQHandler
                0x0800e8e4                BDMA_Channel7_IRQHandler
                0x0800e8e4                LPTIM5_IRQHandler
                0x0800e8e4                UART5_IRQHandler
                0x0800e8e4                ADC3_IRQHandler
                0x0800e8e4                DMA2_Stream0_IRQHandler
                0x0800e8e4                TIM4_IRQHandler
                0x0800e8e4                BDMA_Channel2_IRQHandler
                0x0800e8e4                QUADSPI_IRQHandler
                0x0800e8e4                I2C1_EV_IRQHandler
                0x0800e8e4                DMA1_Stream6_IRQHandler
                0x0800e8e4                DMAMUX1_OVR_IRQHandler
                0x0800e8e4                TIM16_IRQHandler
                0x0800e8e4                UART4_IRQHandler
                0x0800e8e4                BDMA_Channel5_IRQHandler
                0x0800e8e4                TIM3_IRQHandler
                0x0800e8e4                RCC_IRQHandler
                0x0800e8e4                TIM8_BRK_TIM12_IRQHandler
                0x0800e8e4                TIM1_TRG_COM_IRQHandler
                0x0800e8e4                Default_Handler
                0x0800e8e4                ECC_IRQHandler
                0x0800e8e4                CEC_IRQHandler
                0x0800e8e4                EXTI15_10_IRQHandler
                0x0800e8e4                BDMA_Channel0_IRQHandler
                0x0800e8e4                ADC_IRQHandler
                0x0800e8e4                DMA1_Stream7_IRQHandler
                0x0800e8e4                HRTIM1_TIMA_IRQHandler
                0x0800e8e4                SPI5_IRQHandler
                0x0800e8e4                SDMMC1_IRQHandler
                0x0800e8e4                TIM5_IRQHandler
                0x0800e8e4                DMA2_Stream7_IRQHandler
                0x0800e8e4                TIM15_IRQHandler
                0x0800e8e4                PVD_AVD_IRQHandler
                0x0800e8e4                I2C3_EV_IRQHandler
                0x0800e8e4                EXTI9_5_IRQHandler
                0x0800e8e4                RTC_WKUP_IRQHandler
                0x0800e8e4                LTDC_IRQHandler
                0x0800e8e4                SAI3_IRQHandler
                0x0800e8e4                ETH_WKUP_IRQHandler
                0x0800e8e4                SPDIF_RX_IRQHandler
                0x0800e8e4                SPI2_IRQHandler
                0x0800e8e4                OTG_HS_EP1_IN_IRQHandler
                0x0800e8e4                CRS_IRQHandler
                0x0800e8e4                CM7_SEV_IRQHandler
                0x0800e8e4                EXTI4_IRQHandler
                0x0800e8e4                RNG_IRQHandler
                0x0800e8e4                CM4_SEV_IRQHandler
                0x0800e8e4                HRTIM1_TIMB_IRQHandler
                0x0800e8e4                FDCAN2_IT1_IRQHandler
                0x0800e8e4                DSI_IRQHandler
                0x0800e8e4                ETH_IRQHandler
                0x0800e8e4                TIM1_UP_IRQHandler
                0x0800e8e4                WWDG_RST_IRQHandler
                0x0800e8e4                BDMA_Channel4_IRQHandler
                0x0800e8e4                OTG_HS_EP1_OUT_IRQHandler
                0x0800e8e4                WWDG_IRQHandler
                0x0800e8e4                SPI6_IRQHandler
                0x0800e8e4                MDIOS_IRQHandler
                0x0800e8e4                I2C4_EV_IRQHandler
                0x0800e8e4                FDCAN2_IT0_IRQHandler
                0x0800e8e4                LPUART1_IRQHandler
                0x0800e8e4                FDCAN1_IT0_IRQHandler
                0x0800e8e4                TIM2_IRQHandler
                0x0800e8e4                OTG_FS_WKUP_IRQHandler
                0x0800e8e4                OTG_HS_IRQHandler
                0x0800e8e4                HSEM2_IRQHandler
                0x0800e8e4                DMA2D_IRQHandler
                0x0800e8e4                TIM1_BRK_IRQHandler
                0x0800e8e4                EXTI1_IRQHandler
                0x0800e8e4                SDMMC2_IRQHandler
                0x0800e8e4                OTG_FS_EP1_OUT_IRQHandler
                0x0800e8e4                BDMA_Channel3_IRQHandler
                0x0800e8e4                HOLD_CORE_IRQHandler
                0x0800e8e4                UART7_IRQHandler
                0x0800e8e4                MDIOS_WKUP_IRQHandler
                0x0800e8e4                DFSDM1_FLT0_IRQHandler
                0x0800e8e4                SAI4_IRQHandler
                0x0800e8e4                I2C2_ER_IRQHandler
                0x0800e8e4                DMA2_Stream1_IRQHandler
                0x0800e8e4                FLASH_IRQHandler
                0x0800e8e4                DMA2_Stream4_IRQHandler
                0x0800e8e4                OTG_FS_IRQHandler
                0x0800e8e4                SPI3_IRQHandler
                0x0800e8e4                WAKEUP_PIN_IRQHandler
                0x0800e8e4                DMA1_Stream4_IRQHandler
                0x0800e8e4                OTG_FS_EP1_IN_IRQHandler
                0x0800e8e4                I2C1_ER_IRQHandler
                0x0800e8e4                FMC_IRQHandler
                0x0800e8e4                FDCAN_CAL_IRQHandler
                0x0800e8e4                SWPMI1_IRQHandler
                0x0800e8e4                COMP1_IRQHandler
                0x0800e8e4                LPTIM1_IRQHandler
                0x0800e8e4                I2C4_ER_IRQHandler
                0x0800e8e4                DMA2_Stream6_IRQHandler
                0x0800e8e4                SAI1_IRQHandler
                0x0800e8e4                DMA1_Stream3_IRQHandler
 *fill*         0x0800e8e6        0x2 
 .text.HAL_Init
                0x0800e8e8       0x78 ./Drivers/STM32H7xx_HAL_Driver/stm32h7xx_hal.o
                0x0800e8e8                HAL_Init
 .text.HAL_InitTick
                0x0800e960       0x6c ./Drivers/STM32H7xx_HAL_Driver/stm32h7xx_hal.o
                0x0800e960                HAL_InitTick
 .text.HAL_IncTick
                0x0800e9cc       0x28 ./Drivers/STM32H7xx_HAL_Driver/stm32h7xx_hal.o
                0x0800e9cc                HAL_IncTick
 .text.HAL_GetTick
                0x0800e9f4       0x18 ./Drivers/STM32H7xx_HAL_Driver/stm32h7xx_hal.o
                0x0800e9f4                HAL_GetTick
 .text.HAL_Delay
                0x0800ea0c       0x48 ./Drivers/STM32H7xx_HAL_Driver/stm32h7xx_hal.o
                0x0800ea0c                HAL_Delay
 .text.HAL_GetREVID
                0x0800ea54       0x18 ./Drivers/STM32H7xx_HAL_Driver/stm32h7xx_hal.o
                0x0800ea54                HAL_GetREVID
 .text.__NVIC_SetPriorityGrouping
                0x0800ea6c       0x48 ./Drivers/STM32H7xx_HAL_Driver/stm32h7xx_hal_cortex.o
 .text.__NVIC_GetPriorityGrouping
                0x0800eab4       0x1c ./Drivers/STM32H7xx_HAL_Driver/stm32h7xx_hal_cortex.o
 .text.__NVIC_EnableIRQ
                0x0800ead0       0x3c ./Drivers/STM32H7xx_HAL_Driver/stm32h7xx_hal_cortex.o
 .text.__NVIC_SetPriority
                0x0800eb0c       0x54 ./Drivers/STM32H7xx_HAL_Driver/stm32h7xx_hal_cortex.o
 .text.NVIC_EncodePriority
                0x0800eb60       0x66 ./Drivers/STM32H7xx_HAL_Driver/stm32h7xx_hal_cortex.o
 *fill*         0x0800ebc6        0x2 
 .text.SysTick_Config
                0x0800ebc8       0x44 ./Drivers/STM32H7xx_HAL_Driver/stm32h7xx_hal_cortex.o
 .text.HAL_NVIC_SetPriorityGrouping
                0x0800ec0c       0x16 ./Drivers/STM32H7xx_HAL_Driver/stm32h7xx_hal_cortex.o
                0x0800ec0c                HAL_NVIC_SetPriorityGrouping
 .text.HAL_NVIC_SetPriority
                0x0800ec22       0x34 ./Drivers/STM32H7xx_HAL_Driver/stm32h7xx_hal_cortex.o
                0x0800ec22                HAL_NVIC_SetPriority
 .text.HAL_NVIC_EnableIRQ
                0x0800ec56       0x1c ./Drivers/STM32H7xx_HAL_Driver/stm32h7xx_hal_cortex.o
                0x0800ec56                HAL_NVIC_EnableIRQ
 .text.HAL_SYSTICK_Config
                0x0800ec72       0x18 ./Drivers/STM32H7xx_HAL_Driver/stm32h7xx_hal_cortex.o
                0x0800ec72                HAL_SYSTICK_Config
 *fill*         0x0800ec8a        0x2 
 .text.HAL_DMA_Init
                0x0800ec8c      0x6b8 ./Drivers/STM32H7xx_HAL_Driver/stm32h7xx_hal_dma.o
                0x0800ec8c                HAL_DMA_Init
 .text.HAL_DMA_Abort
                0x0800f344      0x63c ./Drivers/STM32H7xx_HAL_Driver/stm32h7xx_hal_dma.o
                0x0800f344                HAL_DMA_Abort
 .text.HAL_DMA_Abort_IT
                0x0800f980      0x48c ./Drivers/STM32H7xx_HAL_Driver/stm32h7xx_hal_dma.o
                0x0800f980                HAL_DMA_Abort_IT
 .text.HAL_DMA_IRQHandler
                0x0800fe0c      0xe54 ./Drivers/STM32H7xx_HAL_Driver/stm32h7xx_hal_dma.o
                0x0800fe0c                HAL_DMA_IRQHandler
 .text.DMA_CalcBaseAndBitshift
                0x08010c60      0x164 ./Drivers/STM32H7xx_HAL_Driver/stm32h7xx_hal_dma.o
 .text.DMA_CheckFifoParam
                0x08010dc4       0xf8 ./Drivers/STM32H7xx_HAL_Driver/stm32h7xx_hal_dma.o
 .text.DMA_CalcDMAMUXChannelBaseAndMask
                0x08010ebc      0x134 ./Drivers/STM32H7xx_HAL_Driver/stm32h7xx_hal_dma.o
 .text.DMA_CalcDMAMUXRequestGenBaseAndMask
                0x08010ff0       0xe8 ./Drivers/STM32H7xx_HAL_Driver/stm32h7xx_hal_dma.o
 .text.HAL_GPIO_Init
                0x080110d8      0x360 ./Drivers/STM32H7xx_HAL_Driver/stm32h7xx_hal_gpio.o
                0x080110d8                HAL_GPIO_Init
 .text.HAL_GPIO_WritePin
                0x08011438       0x32 ./Drivers/STM32H7xx_HAL_Driver/stm32h7xx_hal_gpio.o
                0x08011438                HAL_GPIO_WritePin
 .text.HAL_GPIO_TogglePin
                0x0801146a       0x34 ./Drivers/STM32H7xx_HAL_Driver/stm32h7xx_hal_gpio.o
                0x0801146a                HAL_GPIO_TogglePin
 *fill*         0x0801149e        0x2 
 .text.HAL_HSEM_FastTake
                0x080114a0       0x34 ./Drivers/STM32H7xx_HAL_Driver/stm32h7xx_hal_hsem.o
                0x080114a0                HAL_HSEM_FastTake
 .text.HAL_HSEM_Release
                0x080114d4       0x28 ./Drivers/STM32H7xx_HAL_Driver/stm32h7xx_hal_hsem.o
                0x080114d4                HAL_HSEM_Release
 .text.HAL_HSEM_IRQHandler
                0x080114fc       0x34 ./Drivers/STM32H7xx_HAL_Driver/stm32h7xx_hal_hsem.o
                0x080114fc                HAL_HSEM_IRQHandler
 .text.HAL_HSEM_FreeCallback
                0x08011530       0x14 ./Drivers/STM32H7xx_HAL_Driver/stm32h7xx_hal_hsem.o
                0x08011530                HAL_HSEM_FreeCallback
 .text.HAL_PWREx_ConfigSupply
                0x08011544       0xb4 ./Drivers/STM32H7xx_HAL_Driver/stm32h7xx_hal_pwr_ex.o
                0x08011544                HAL_PWREx_ConfigSupply
 .text.HAL_RCC_OscConfig
                0x080115f8      0x8b4 ./Drivers/STM32H7xx_HAL_Driver/stm32h7xx_hal_rcc.o
                0x080115f8                HAL_RCC_OscConfig
 .text.HAL_RCC_ClockConfig
                0x08011eac      0x36c ./Drivers/STM32H7xx_HAL_Driver/stm32h7xx_hal_rcc.o
                0x08011eac                HAL_RCC_ClockConfig
 .text.HAL_RCC_MCOConfig
                0x08012218       0xd4 ./Drivers/STM32H7xx_HAL_Driver/stm32h7xx_hal_rcc.o
                0x08012218                HAL_RCC_MCOConfig
 .text.HAL_RCC_GetSysClockFreq
                0x080122ec      0x2f4 ./Drivers/STM32H7xx_HAL_Driver/stm32h7xx_hal_rcc.o
                0x080122ec                HAL_RCC_GetSysClockFreq
 .text.HAL_RCC_GetHCLKFreq
                0x080125e0       0x60 ./Drivers/STM32H7xx_HAL_Driver/stm32h7xx_hal_rcc.o
                0x080125e0                HAL_RCC_GetHCLKFreq
 .text.HAL_RCC_GetPCLK1Freq
                0x08012640       0x2c ./Drivers/STM32H7xx_HAL_Driver/stm32h7xx_hal_rcc.o
                0x08012640                HAL_RCC_GetPCLK1Freq
 .text.HAL_RCC_GetPCLK2Freq
                0x0801266c       0x2c ./Drivers/STM32H7xx_HAL_Driver/stm32h7xx_hal_rcc.o
                0x0801266c                HAL_RCC_GetPCLK2Freq
 .text.HAL_RCCEx_PeriphCLKConfig
                0x08012698     0x1494 ./Drivers/STM32H7xx_HAL_Driver/stm32h7xx_hal_rcc_ex.o
                0x08012698                HAL_RCCEx_PeriphCLKConfig
 .text.HAL_RCCEx_GetD3PCLK1Freq
                0x08013b2c       0x2c ./Drivers/STM32H7xx_HAL_Driver/stm32h7xx_hal_rcc_ex.o
                0x08013b2c                HAL_RCCEx_GetD3PCLK1Freq
 .text.HAL_RCCEx_GetPLL2ClockFreq
                0x08013b58      0x2a8 ./Drivers/STM32H7xx_HAL_Driver/stm32h7xx_hal_rcc_ex.o
                0x08013b58                HAL_RCCEx_GetPLL2ClockFreq
 .text.HAL_RCCEx_GetPLL3ClockFreq
                0x08013e00      0x2a8 ./Drivers/STM32H7xx_HAL_Driver/stm32h7xx_hal_rcc_ex.o
                0x08013e00                HAL_RCCEx_GetPLL3ClockFreq
 .text.RCCEx_PLL2_Config
                0x080140a8      0x164 ./Drivers/STM32H7xx_HAL_Driver/stm32h7xx_hal_rcc_ex.o
 .text.RCCEx_PLL3_Config
                0x0801420c      0x164 ./Drivers/STM32H7xx_HAL_Driver/stm32h7xx_hal_rcc_ex.o
 .text.HAL_TIM_Base_Init
                0x08014370       0xae ./Drivers/STM32H7xx_HAL_Driver/stm32h7xx_hal_tim.o
                0x08014370                HAL_TIM_Base_Init
 *fill*         0x0801441e        0x2 
 .text.HAL_TIM_Base_Start_IT
                0x08014420       0xf0 ./Drivers/STM32H7xx_HAL_Driver/stm32h7xx_hal_tim.o
                0x08014420                HAL_TIM_Base_Start_IT
 .text.HAL_TIM_IRQHandler
                0x08014510      0x20e ./Drivers/STM32H7xx_HAL_Driver/stm32h7xx_hal_tim.o
                0x08014510                HAL_TIM_IRQHandler
 .text.HAL_TIM_OC_DelayElapsedCallback
                0x0801471e       0x14 ./Drivers/STM32H7xx_HAL_Driver/stm32h7xx_hal_tim.o
                0x0801471e                HAL_TIM_OC_DelayElapsedCallback
 .text.HAL_TIM_IC_CaptureCallback
                0x08014732       0x14 ./Drivers/STM32H7xx_HAL_Driver/stm32h7xx_hal_tim.o
                0x08014732                HAL_TIM_IC_CaptureCallback
 .text.HAL_TIM_PWM_PulseFinishedCallback
                0x08014746       0x14 ./Drivers/STM32H7xx_HAL_Driver/stm32h7xx_hal_tim.o
                0x08014746                HAL_TIM_PWM_PulseFinishedCallback
 .text.HAL_TIM_TriggerCallback
                0x0801475a       0x14 ./Drivers/STM32H7xx_HAL_Driver/stm32h7xx_hal_tim.o
                0x0801475a                HAL_TIM_TriggerCallback
 *fill*         0x0801476e        0x2 
 .text.TIM_Base_SetConfig
                0x08014770      0x140 ./Drivers/STM32H7xx_HAL_Driver/stm32h7xx_hal_tim.o
                0x08014770                TIM_Base_SetConfig
 .text.HAL_TIMEx_MasterConfigSynchronization
                0x080148b0      0x11c ./Drivers/STM32H7xx_HAL_Driver/stm32h7xx_hal_tim_ex.o
                0x080148b0                HAL_TIMEx_MasterConfigSynchronization
 .text.HAL_TIMEx_CommutCallback
                0x080149cc       0x14 ./Drivers/STM32H7xx_HAL_Driver/stm32h7xx_hal_tim_ex.o
                0x080149cc                HAL_TIMEx_CommutCallback
 .text.HAL_TIMEx_BreakCallback
                0x080149e0       0x14 ./Drivers/STM32H7xx_HAL_Driver/stm32h7xx_hal_tim_ex.o
                0x080149e0                HAL_TIMEx_BreakCallback
 .text.HAL_TIMEx_Break2Callback
                0x080149f4       0x14 ./Drivers/STM32H7xx_HAL_Driver/stm32h7xx_hal_tim_ex.o
                0x080149f4                HAL_TIMEx_Break2Callback
 .text.HAL_UART_Init
                0x08014a08       0xa0 ./Drivers/STM32H7xx_HAL_Driver/stm32h7xx_hal_uart.o
                0x08014a08                HAL_UART_Init
 .text.HAL_MultiProcessor_Init
                0x08014aa8       0xd8 ./Drivers/STM32H7xx_HAL_Driver/stm32h7xx_hal_uart.o
                0x08014aa8                HAL_MultiProcessor_Init
 .text.HAL_UART_Transmit
                0x08014b80      0x11c ./Drivers/STM32H7xx_HAL_Driver/stm32h7xx_hal_uart.o
                0x08014b80                HAL_UART_Transmit
 .text.HAL_UART_IRQHandler
                0x08014c9c      0x7ac ./Drivers/STM32H7xx_HAL_Driver/stm32h7xx_hal_uart.o
                0x08014c9c                HAL_UART_IRQHandler
 .text.HAL_UART_TxCpltCallback
                0x08015448       0x14 ./Drivers/STM32H7xx_HAL_Driver/stm32h7xx_hal_uart.o
                0x08015448                HAL_UART_TxCpltCallback
 .text.HAL_UART_ErrorCallback
                0x0801545c       0x14 ./Drivers/STM32H7xx_HAL_Driver/stm32h7xx_hal_uart.o
                0x0801545c                HAL_UART_ErrorCallback
 .text.HAL_UARTEx_RxEventCallback
                0x08015470       0x18 ./Drivers/STM32H7xx_HAL_Driver/stm32h7xx_hal_uart.o
                0x08015470                HAL_UARTEx_RxEventCallback
 .text.UART_SetConfig
                0x08015488      0xad0 ./Drivers/STM32H7xx_HAL_Driver/stm32h7xx_hal_uart.o
                0x08015488                UART_SetConfig
 .text.UART_AdvFeatureConfig
                0x08015f58      0x144 ./Drivers/STM32H7xx_HAL_Driver/stm32h7xx_hal_uart.o
                0x08015f58                UART_AdvFeatureConfig
 .text.UART_CheckIdleState
                0x0801609c      0x154 ./Drivers/STM32H7xx_HAL_Driver/stm32h7xx_hal_uart.o
                0x0801609c                UART_CheckIdleState
 .text.UART_WaitOnFlagUntilTimeout
                0x080161f0       0xda ./Drivers/STM32H7xx_HAL_Driver/stm32h7xx_hal_uart.o
                0x080161f0                UART_WaitOnFlagUntilTimeout
 *fill*         0x080162ca        0x2 
 .text.UART_EndRxTransfer
                0x080162cc       0xcc ./Drivers/STM32H7xx_HAL_Driver/stm32h7xx_hal_uart.o
 .text.UART_DMAAbortOnError
                0x08016398       0x24 ./Drivers/STM32H7xx_HAL_Driver/stm32h7xx_hal_uart.o
 .text.UART_EndTransmit_IT
                0x080163bc       0x56 ./Drivers/STM32H7xx_HAL_Driver/stm32h7xx_hal_uart.o
 .text.HAL_UARTEx_WakeupCallback
                0x08016412       0x14 ./Drivers/STM32H7xx_HAL_Driver/stm32h7xx_hal_uart_ex.o
                0x08016412                HAL_UARTEx_WakeupCallback
 .text.HAL_UARTEx_RxFifoFullCallback
                0x08016426       0x14 ./Drivers/STM32H7xx_HAL_Driver/stm32h7xx_hal_uart_ex.o
                0x08016426                HAL_UARTEx_RxFifoFullCallback
 .text.HAL_UARTEx_TxFifoEmptyCallback
                0x0801643a       0x14 ./Drivers/STM32H7xx_HAL_Driver/stm32h7xx_hal_uart_ex.o
                0x0801643a                HAL_UARTEx_TxFifoEmptyCallback
 .text.HAL_UARTEx_DisableFifoMode
                0x0801644e       0x72 ./Drivers/STM32H7xx_HAL_Driver/stm32h7xx_hal_uart_ex.o
                0x0801644e                HAL_UARTEx_DisableFifoMode
 .text.HAL_UARTEx_SetTxFifoThreshold
                0x080164c0       0x7c ./Drivers/STM32H7xx_HAL_Driver/stm32h7xx_hal_uart_ex.o
                0x080164c0                HAL_UARTEx_SetTxFifoThreshold
 .text.HAL_UARTEx_SetRxFifoThreshold
                0x0801653c       0x7c ./Drivers/STM32H7xx_HAL_Driver/stm32h7xx_hal_uart_ex.o
                0x0801653c                HAL_UARTEx_SetRxFifoThreshold
 .text.UARTEx_SetNbDataToProcess
                0x080165b8       0x9c ./Drivers/STM32H7xx_HAL_Driver/stm32h7xx_hal_uart_ex.o
 .text.acos     0x08016654       0x58 C:/ST/STM32CubeIDE_1.18.0/STM32CubeIDE/plugins/com.st.stm32cube.ide.mcu.externaltools.gnu-tools-for-stm32.13.3.rel1.win32_1.0.0.202411081344/tools/bin/../lib/gcc/arm-none-eabi/13.3.1/../../../../arm-none-eabi/lib/thumb/v7e-m+dp/hard\libm.a(libm_a-w_acos.o)
                0x08016654                acos
 .text.asin     0x080166ac       0x58 C:/ST/STM32CubeIDE_1.18.0/STM32CubeIDE/plugins/com.st.stm32cube.ide.mcu.externaltools.gnu-tools-for-stm32.13.3.rel1.win32_1.0.0.202411081344/tools/bin/../lib/gcc/arm-none-eabi/13.3.1/../../../../arm-none-eabi/lib/thumb/v7e-m+dp/hard\libm.a(libm_a-w_asin.o)
                0x080166ac                asin
 *fill*         0x08016704        0x4 
 .text.log10    0x08016708       0x64 C:/ST/STM32CubeIDE_1.18.0/STM32CubeIDE/plugins/com.st.stm32cube.ide.mcu.externaltools.gnu-tools-for-stm32.13.3.rel1.win32_1.0.0.202411081344/tools/bin/../lib/gcc/arm-none-eabi/13.3.1/../../../../arm-none-eabi/lib/thumb/v7e-m+dp/hard\libm.a(libm_a-w_log10.o)
                0x08016708                log10
 *fill*         0x0801676c        0x4 
 .text.sqrt     0x08016770       0x40 C:/ST/STM32CubeIDE_1.18.0/STM32CubeIDE/plugins/com.st.stm32cube.ide.mcu.externaltools.gnu-tools-for-stm32.13.3.rel1.win32_1.0.0.202411081344/tools/bin/../lib/gcc/arm-none-eabi/13.3.1/../../../../arm-none-eabi/lib/thumb/v7e-m+dp/hard\libm.a(libm_a-w_sqrt.o)
                0x08016770                sqrt
 .text.atan     0x080167b0      0x1f4 C:/ST/STM32CubeIDE_1.18.0/STM32CubeIDE/plugins/com.st.stm32cube.ide.mcu.externaltools.gnu-tools-for-stm32.13.3.rel1.win32_1.0.0.202411081344/tools/bin/../lib/gcc/arm-none-eabi/13.3.1/../../../../arm-none-eabi/lib/thumb/v7e-m+dp/hard\libm.a(libm_a-s_atan.o)
                0x080167b0                atan
 *fill*         0x080169a4        0x4 
 .text.cos      0x080169a8       0x98 C:/ST/STM32CubeIDE_1.18.0/STM32CubeIDE/plugins/com.st.stm32cube.ide.mcu.externaltools.gnu-tools-for-stm32.13.3.rel1.win32_1.0.0.202411081344/tools/bin/../lib/gcc/arm-none-eabi/13.3.1/../../../../arm-none-eabi/lib/thumb/v7e-m+dp/hard\libm.a(libm_a-s_cos.o)
                0x080169a8                cos
 .text.fabs     0x08016a40       0x10 C:/ST/STM32CubeIDE_1.18.0/STM32CubeIDE/plugins/com.st.stm32cube.ide.mcu.externaltools.gnu-tools-for-stm32.13.3.rel1.win32_1.0.0.202411081344/tools/bin/../lib/gcc/arm-none-eabi/13.3.1/../../../../arm-none-eabi/lib/thumb/v7e-m+dp/hard\libm.a(libm_a-s_fabs.o)
                0x08016a40                fabs
 .text.sin      0x08016a50       0x98 C:/ST/STM32CubeIDE_1.18.0/STM32CubeIDE/plugins/com.st.stm32cube.ide.mcu.externaltools.gnu-tools-for-stm32.13.3.rel1.win32_1.0.0.202411081344/tools/bin/../lib/gcc/arm-none-eabi/13.3.1/../../../../arm-none-eabi/lib/thumb/v7e-m+dp/hard\libm.a(libm_a-s_sin.o)
                0x08016a50                sin
 .text.tan      0x08016ae8       0x68 C:/ST/STM32CubeIDE_1.18.0/STM32CubeIDE/plugins/com.st.stm32cube.ide.mcu.externaltools.gnu-tools-for-stm32.13.3.rel1.win32_1.0.0.202411081344/tools/bin/../lib/gcc/arm-none-eabi/13.3.1/../../../../arm-none-eabi/lib/thumb/v7e-m+dp/hard\libm.a(libm_a-s_tan.o)
                0x08016ae8                tan
 .text.acosf    0x08016b50       0x58 C:/ST/STM32CubeIDE_1.18.0/STM32CubeIDE/plugins/com.st.stm32cube.ide.mcu.externaltools.gnu-tools-for-stm32.13.3.rel1.win32_1.0.0.202411081344/tools/bin/../lib/gcc/arm-none-eabi/13.3.1/../../../../arm-none-eabi/lib/thumb/v7e-m+dp/hard\libm.a(libm_a-wf_acos.o)
                0x08016b50                acosf
 .text.asinf    0x08016ba8       0x58 C:/ST/STM32CubeIDE_1.18.0/STM32CubeIDE/plugins/com.st.stm32cube.ide.mcu.externaltools.gnu-tools-for-stm32.13.3.rel1.win32_1.0.0.202411081344/tools/bin/../lib/gcc/arm-none-eabi/13.3.1/../../../../arm-none-eabi/lib/thumb/v7e-m+dp/hard\libm.a(libm_a-wf_asin.o)
                0x08016ba8                asinf
 .text.log10f   0x08016c00       0x5c C:/ST/STM32CubeIDE_1.18.0/STM32CubeIDE/plugins/com.st.stm32cube.ide.mcu.externaltools.gnu-tools-for-stm32.13.3.rel1.win32_1.0.0.202411081344/tools/bin/../lib/gcc/arm-none-eabi/13.3.1/../../../../arm-none-eabi/lib/thumb/v7e-m+dp/hard\libm.a(libm_a-wf_log10.o)
                0x08016c00                log10f
 .text.sqrtf    0x08016c5c       0x3c C:/ST/STM32CubeIDE_1.18.0/STM32CubeIDE/plugins/com.st.stm32cube.ide.mcu.externaltools.gnu-tools-for-stm32.13.3.rel1.win32_1.0.0.202411081344/tools/bin/../lib/gcc/arm-none-eabi/13.3.1/../../../../arm-none-eabi/lib/thumb/v7e-m+dp/hard\libm.a(libm_a-wf_sqrt.o)
                0x08016c5c                sqrtf
 .text.atanf    0x08016c98      0x1a8 C:/ST/STM32CubeIDE_1.18.0/STM32CubeIDE/plugins/com.st.stm32cube.ide.mcu.externaltools.gnu-tools-for-stm32.13.3.rel1.win32_1.0.0.202411081344/tools/bin/../lib/gcc/arm-none-eabi/13.3.1/../../../../arm-none-eabi/lib/thumb/v7e-m+dp/hard\libm.a(libm_a-sf_atan.o)
                0x08016c98                atanf
 .text.fabsf    0x08016e40        0xe C:/ST/STM32CubeIDE_1.18.0/STM32CubeIDE/plugins/com.st.stm32cube.ide.mcu.externaltools.gnu-tools-for-stm32.13.3.rel1.win32_1.0.0.202411081344/tools/bin/../lib/gcc/arm-none-eabi/13.3.1/../../../../arm-none-eabi/lib/thumb/v7e-m+dp/hard\libm.a(libm_a-sf_fabs.o)
                0x08016e40                fabsf
 *fill*         0x08016e4e        0x2 
 .text.tanf     0x08016e50       0x58 C:/ST/STM32CubeIDE_1.18.0/STM32CubeIDE/plugins/com.st.stm32cube.ide.mcu.externaltools.gnu-tools-for-stm32.13.3.rel1.win32_1.0.0.202411081344/tools/bin/../lib/gcc/arm-none-eabi/13.3.1/../../../../arm-none-eabi/lib/thumb/v7e-m+dp/hard\libm.a(libm_a-sf_tan.o)
                0x08016e50                tanf
 .text.nan      0x08016ea8       0x10 C:/ST/STM32CubeIDE_1.18.0/STM32CubeIDE/plugins/com.st.stm32cube.ide.mcu.externaltools.gnu-tools-for-stm32.13.3.rel1.win32_1.0.0.202411081344/tools/bin/../lib/gcc/arm-none-eabi/13.3.1/../../../../arm-none-eabi/lib/thumb/v7e-m+dp/hard\libm.a(libm_a-s_nan.o)
                0x08016ea8                nan
 .text.exp      0x08016eb8      0x1a4 C:/ST/STM32CubeIDE_1.18.0/STM32CubeIDE/plugins/com.st.stm32cube.ide.mcu.externaltools.gnu-tools-for-stm32.13.3.rel1.win32_1.0.0.202411081344/tools/bin/../lib/gcc/arm-none-eabi/13.3.1/../../../../arm-none-eabi/lib/thumb/v7e-m+dp/hard\libm.a(libm_a-exp.o)
                0x08016eb8                exp
 .text.with_errno
                0x0801705c       0x1c C:/ST/STM32CubeIDE_1.18.0/STM32CubeIDE/plugins/com.st.stm32cube.ide.mcu.externaltools.gnu-tools-for-stm32.13.3.rel1.win32_1.0.0.202411081344/tools/bin/../lib/gcc/arm-none-eabi/13.3.1/../../../../arm-none-eabi/lib/thumb/v7e-m+dp/hard\libm.a(libm_a-math_err.o)
 .text.xflow    0x08017078       0x22 C:/ST/STM32CubeIDE_1.18.0/STM32CubeIDE/plugins/com.st.stm32cube.ide.mcu.externaltools.gnu-tools-for-stm32.13.3.rel1.win32_1.0.0.202411081344/tools/bin/../lib/gcc/arm-none-eabi/13.3.1/../../../../arm-none-eabi/lib/thumb/v7e-m+dp/hard\libm.a(libm_a-math_err.o)
 *fill*         0x0801709a        0x6 
 .text.__math_uflow
                0x080170a0       0x10 C:/ST/STM32CubeIDE_1.18.0/STM32CubeIDE/plugins/com.st.stm32cube.ide.mcu.externaltools.gnu-tools-for-stm32.13.3.rel1.win32_1.0.0.202411081344/tools/bin/../lib/gcc/arm-none-eabi/13.3.1/../../../../arm-none-eabi/lib/thumb/v7e-m+dp/hard\libm.a(libm_a-math_err.o)
                0x080170a0                __math_uflow
 .text.__math_oflow
                0x080170b0       0x10 C:/ST/STM32CubeIDE_1.18.0/STM32CubeIDE/plugins/com.st.stm32cube.ide.mcu.externaltools.gnu-tools-for-stm32.13.3.rel1.win32_1.0.0.202411081344/tools/bin/../lib/gcc/arm-none-eabi/13.3.1/../../../../arm-none-eabi/lib/thumb/v7e-m+dp/hard\libm.a(libm_a-math_err.o)
                0x080170b0                __math_oflow
 .text.__math_divzero
                0x080170c0       0x30 C:/ST/STM32CubeIDE_1.18.0/STM32CubeIDE/plugins/com.st.stm32cube.ide.mcu.externaltools.gnu-tools-for-stm32.13.3.rel1.win32_1.0.0.202411081344/tools/bin/../lib/gcc/arm-none-eabi/13.3.1/../../../../arm-none-eabi/lib/thumb/v7e-m+dp/hard\libm.a(libm_a-math_err.o)
                0x080170c0                __math_divzero
 .text.__math_invalid
                0x080170f0       0x1e C:/ST/STM32CubeIDE_1.18.0/STM32CubeIDE/plugins/com.st.stm32cube.ide.mcu.externaltools.gnu-tools-for-stm32.13.3.rel1.win32_1.0.0.202411081344/tools/bin/../lib/gcc/arm-none-eabi/13.3.1/../../../../arm-none-eabi/lib/thumb/v7e-m+dp/hard\libm.a(libm_a-math_err.o)
                0x080170f0                __math_invalid
 .text.__math_check_uflow
                0x0801710e       0x12 C:/ST/STM32CubeIDE_1.18.0/STM32CubeIDE/plugins/com.st.stm32cube.ide.mcu.externaltools.gnu-tools-for-stm32.13.3.rel1.win32_1.0.0.202411081344/tools/bin/../lib/gcc/arm-none-eabi/13.3.1/../../../../arm-none-eabi/lib/thumb/v7e-m+dp/hard\libm.a(libm_a-math_err.o)
                0x0801710e                __math_check_uflow
 .text.__math_check_oflow
                0x08017120       0x28 C:/ST/STM32CubeIDE_1.18.0/STM32CubeIDE/plugins/com.st.stm32cube.ide.mcu.externaltools.gnu-tools-for-stm32.13.3.rel1.win32_1.0.0.202411081344/tools/bin/../lib/gcc/arm-none-eabi/13.3.1/../../../../arm-none-eabi/lib/thumb/v7e-m+dp/hard\libm.a(libm_a-math_err.o)
                0x08017120                __math_check_oflow
 .text.log      0x08017148      0x1f0 C:/ST/STM32CubeIDE_1.18.0/STM32CubeIDE/plugins/com.st.stm32cube.ide.mcu.externaltools.gnu-tools-for-stm32.13.3.rel1.win32_1.0.0.202411081344/tools/bin/../lib/gcc/arm-none-eabi/13.3.1/../../../../arm-none-eabi/lib/thumb/v7e-m+dp/hard\libm.a(libm_a-log.o)
                0x08017148                log
 .text.nanf     0x08017338        0xc C:/ST/STM32CubeIDE_1.18.0/STM32CubeIDE/plugins/com.st.stm32cube.ide.mcu.externaltools.gnu-tools-for-stm32.13.3.rel1.win32_1.0.0.202411081344/tools/bin/../lib/gcc/arm-none-eabi/13.3.1/../../../../arm-none-eabi/lib/thumb/v7e-m+dp/hard\libm.a(libm_a-sf_nan.o)
                0x08017338                nanf
 .text.expf     0x08017344       0xe8 C:/ST/STM32CubeIDE_1.18.0/STM32CubeIDE/plugins/com.st.stm32cube.ide.mcu.externaltools.gnu-tools-for-stm32.13.3.rel1.win32_1.0.0.202411081344/tools/bin/../lib/gcc/arm-none-eabi/13.3.1/../../../../arm-none-eabi/lib/thumb/v7e-m+dp/hard\libm.a(libm_a-sf_exp.o)
                0x08017344                expf
 .text.logf     0x0801742c       0xcc C:/ST/STM32CubeIDE_1.18.0/STM32CubeIDE/plugins/com.st.stm32cube.ide.mcu.externaltools.gnu-tools-for-stm32.13.3.rel1.win32_1.0.0.202411081344/tools/bin/../lib/gcc/arm-none-eabi/13.3.1/../../../../arm-none-eabi/lib/thumb/v7e-m+dp/hard\libm.a(libm_a-sf_log.o)
                0x0801742c                logf
 .text.sinf_poly
                0x080174f8       0x54 C:/ST/STM32CubeIDE_1.18.0/STM32CubeIDE/plugins/com.st.stm32cube.ide.mcu.externaltools.gnu-tools-for-stm32.13.3.rel1.win32_1.0.0.202411081344/tools/bin/../lib/gcc/arm-none-eabi/13.3.1/../../../../arm-none-eabi/lib/thumb/v7e-m+dp/hard\libm.a(libm_a-sinf.o)
 *fill*         0x0801754c        0x4 
 .text.sinf     0x08017550      0x130 C:/ST/STM32CubeIDE_1.18.0/STM32CubeIDE/plugins/com.st.stm32cube.ide.mcu.externaltools.gnu-tools-for-stm32.13.3.rel1.win32_1.0.0.202411081344/tools/bin/../lib/gcc/arm-none-eabi/13.3.1/../../../../arm-none-eabi/lib/thumb/v7e-m+dp/hard\libm.a(libm_a-sinf.o)
                0x08017550                sinf
 .text.sinf_poly
                0x08017680       0x54 C:/ST/STM32CubeIDE_1.18.0/STM32CubeIDE/plugins/com.st.stm32cube.ide.mcu.externaltools.gnu-tools-for-stm32.13.3.rel1.win32_1.0.0.202411081344/tools/bin/../lib/gcc/arm-none-eabi/13.3.1/../../../../arm-none-eabi/lib/thumb/v7e-m+dp/hard\libm.a(libm_a-cosf.o)
 *fill*         0x080176d4        0x4 
 .text.cosf     0x080176d8      0x140 C:/ST/STM32CubeIDE_1.18.0/STM32CubeIDE/plugins/com.st.stm32cube.ide.mcu.externaltools.gnu-tools-for-stm32.13.3.rel1.win32_1.0.0.202411081344/tools/bin/../lib/gcc/arm-none-eabi/13.3.1/../../../../arm-none-eabi/lib/thumb/v7e-m+dp/hard\libm.a(libm_a-cosf.o)
                0x080176d8                cosf
 .text.with_errnof
                0x08017818       0x1c C:/ST/STM32CubeIDE_1.18.0/STM32CubeIDE/plugins/com.st.stm32cube.ide.mcu.externaltools.gnu-tools-for-stm32.13.3.rel1.win32_1.0.0.202411081344/tools/bin/../lib/gcc/arm-none-eabi/13.3.1/../../../../arm-none-eabi/lib/thumb/v7e-m+dp/hard\libm.a(libm_a-math_errf.o)
 .text.xflowf   0x08017834       0x16 C:/ST/STM32CubeIDE_1.18.0/STM32CubeIDE/plugins/com.st.stm32cube.ide.mcu.externaltools.gnu-tools-for-stm32.13.3.rel1.win32_1.0.0.202411081344/tools/bin/../lib/gcc/arm-none-eabi/13.3.1/../../../../arm-none-eabi/lib/thumb/v7e-m+dp/hard\libm.a(libm_a-math_errf.o)
 *fill*         0x0801784a        0x2 
 .text.__math_uflowf
                0x0801784c        0xc C:/ST/STM32CubeIDE_1.18.0/STM32CubeIDE/plugins/com.st.stm32cube.ide.mcu.externaltools.gnu-tools-for-stm32.13.3.rel1.win32_1.0.0.202411081344/tools/bin/../lib/gcc/arm-none-eabi/13.3.1/../../../../arm-none-eabi/lib/thumb/v7e-m+dp/hard\libm.a(libm_a-math_errf.o)
                0x0801784c                __math_uflowf
 .text.__math_may_uflowf
                0x08017858        0xc C:/ST/STM32CubeIDE_1.18.0/STM32CubeIDE/plugins/com.st.stm32cube.ide.mcu.externaltools.gnu-tools-for-stm32.13.3.rel1.win32_1.0.0.202411081344/tools/bin/../lib/gcc/arm-none-eabi/13.3.1/../../../../arm-none-eabi/lib/thumb/v7e-m+dp/hard\libm.a(libm_a-math_errf.o)
                0x08017858                __math_may_uflowf
 .text.__math_oflowf
                0x08017864        0xc C:/ST/STM32CubeIDE_1.18.0/STM32CubeIDE/plugins/com.st.stm32cube.ide.mcu.externaltools.gnu-tools-for-stm32.13.3.rel1.win32_1.0.0.202411081344/tools/bin/../lib/gcc/arm-none-eabi/13.3.1/../../../../arm-none-eabi/lib/thumb/v7e-m+dp/hard\libm.a(libm_a-math_errf.o)
                0x08017864                __math_oflowf
 .text.__math_divzerof
                0x08017870       0x24 C:/ST/STM32CubeIDE_1.18.0/STM32CubeIDE/plugins/com.st.stm32cube.ide.mcu.externaltools.gnu-tools-for-stm32.13.3.rel1.win32_1.0.0.202411081344/tools/bin/../lib/gcc/arm-none-eabi/13.3.1/../../../../arm-none-eabi/lib/thumb/v7e-m+dp/hard\libm.a(libm_a-math_errf.o)
                0x08017870                __math_divzerof
 .text.__math_invalidf
                0x08017894       0x1e C:/ST/STM32CubeIDE_1.18.0/STM32CubeIDE/plugins/com.st.stm32cube.ide.mcu.externaltools.gnu-tools-for-stm32.13.3.rel1.win32_1.0.0.202411081344/tools/bin/../lib/gcc/arm-none-eabi/13.3.1/../../../../arm-none-eabi/lib/thumb/v7e-m+dp/hard\libm.a(libm_a-math_errf.o)
                0x08017894                __math_invalidf
 .text.__ieee754_sqrt
                0x080178b2        0x6 C:/ST/STM32CubeIDE_1.18.0/STM32CubeIDE/plugins/com.st.stm32cube.ide.mcu.externaltools.gnu-tools-for-stm32.13.3.rel1.win32_1.0.0.202411081344/tools/bin/../lib/gcc/arm-none-eabi/13.3.1/../../../../arm-none-eabi/lib/thumb/v7e-m+dp/hard\libm.a(libm_a-e_sqrt.o)
                0x080178b2                __ieee754_sqrt
 .text.__ieee754_sqrtf
                0x080178b8        0x6 C:/ST/STM32CubeIDE_1.18.0/STM32CubeIDE/plugins/com.st.stm32cube.ide.mcu.externaltools.gnu-tools-for-stm32.13.3.rel1.win32_1.0.0.202411081344/tools/bin/../lib/gcc/arm-none-eabi/13.3.1/../../../../arm-none-eabi/lib/thumb/v7e-m+dp/hard\libm.a(libm_a-ef_sqrt.o)
                0x080178b8                __ieee754_sqrtf
 *fill*         0x080178be        0x2 
 .text.__kernel_cos
                0x080178c0       0xd0 C:/ST/STM32CubeIDE_1.18.0/STM32CubeIDE/plugins/com.st.stm32cube.ide.mcu.externaltools.gnu-tools-for-stm32.13.3.rel1.win32_1.0.0.202411081344/tools/bin/../lib/gcc/arm-none-eabi/13.3.1/../../../../arm-none-eabi/lib/thumb/v7e-m+dp/hard\libm.a(libm_a-k_cos.o)
                0x080178c0                __kernel_cos
 .text.__kernel_sin
                0x08017990       0xb0 C:/ST/STM32CubeIDE_1.18.0/STM32CubeIDE/plugins/com.st.stm32cube.ide.mcu.externaltools.gnu-tools-for-stm32.13.3.rel1.win32_1.0.0.202411081344/tools/bin/../lib/gcc/arm-none-eabi/13.3.1/../../../../arm-none-eabi/lib/thumb/v7e-m+dp/hard\libm.a(libm_a-k_sin.o)
                0x08017990                __kernel_sin
 .text.__kernel_tan
                0x08017a40      0x238 C:/ST/STM32CubeIDE_1.18.0/STM32CubeIDE/plugins/com.st.stm32cube.ide.mcu.externaltools.gnu-tools-for-stm32.13.3.rel1.win32_1.0.0.202411081344/tools/bin/../lib/gcc/arm-none-eabi/13.3.1/../../../../arm-none-eabi/lib/thumb/v7e-m+dp/hard\libm.a(libm_a-k_tan.o)
                0x08017a40                __kernel_tan
 .text.__ieee754_acos
                0x08017c78      0x25c C:/ST/STM32CubeIDE_1.18.0/STM32CubeIDE/plugins/com.st.stm32cube.ide.mcu.externaltools.gnu-tools-for-stm32.13.3.rel1.win32_1.0.0.202411081344/tools/bin/../lib/gcc/arm-none-eabi/13.3.1/../../../../arm-none-eabi/lib/thumb/v7e-m+dp/hard\libm.a(libm_a-e_acos.o)
                0x08017c78                __ieee754_acos
 *fill*         0x08017ed4        0x4 
 .text.__ieee754_asin
                0x08017ed8      0x21c C:/ST/STM32CubeIDE_1.18.0/STM32CubeIDE/plugins/com.st.stm32cube.ide.mcu.externaltools.gnu-tools-for-stm32.13.3.rel1.win32_1.0.0.202411081344/tools/bin/../lib/gcc/arm-none-eabi/13.3.1/../../../../arm-none-eabi/lib/thumb/v7e-m+dp/hard\libm.a(libm_a-e_asin.o)
                0x08017ed8                __ieee754_asin
 *fill*         0x080180f4        0x4 
 .text.__ieee754_log10
                0x080180f8       0xdc C:/ST/STM32CubeIDE_1.18.0/STM32CubeIDE/plugins/com.st.stm32cube.ide.mcu.externaltools.gnu-tools-for-stm32.13.3.rel1.win32_1.0.0.202411081344/tools/bin/../lib/gcc/arm-none-eabi/13.3.1/../../../../arm-none-eabi/lib/thumb/v7e-m+dp/hard\libm.a(libm_a-e_log10.o)
                0x080180f8                __ieee754_log10
 *fill*         0x080181d4        0x4 
 .text.__ieee754_rem_pio2
                0x080181d8      0x288 C:/ST/STM32CubeIDE_1.18.0/STM32CubeIDE/plugins/com.st.stm32cube.ide.mcu.externaltools.gnu-tools-for-stm32.13.3.rel1.win32_1.0.0.202411081344/tools/bin/../lib/gcc/arm-none-eabi/13.3.1/../../../../arm-none-eabi/lib/thumb/v7e-m+dp/hard\libm.a(libm_a-e_rem_pio2.o)
                0x080181d8                __ieee754_rem_pio2
 .text.__kernel_tanf
                0x08018460      0x1c0 C:/ST/STM32CubeIDE_1.18.0/STM32CubeIDE/plugins/com.st.stm32cube.ide.mcu.externaltools.gnu-tools-for-stm32.13.3.rel1.win32_1.0.0.202411081344/tools/bin/../lib/gcc/arm-none-eabi/13.3.1/../../../../arm-none-eabi/lib/thumb/v7e-m+dp/hard\libm.a(libm_a-kf_tan.o)
                0x08018460                __kernel_tanf
 .text.__ieee754_acosf
                0x08018620      0x1ec C:/ST/STM32CubeIDE_1.18.0/STM32CubeIDE/plugins/com.st.stm32cube.ide.mcu.externaltools.gnu-tools-for-stm32.13.3.rel1.win32_1.0.0.202411081344/tools/bin/../lib/gcc/arm-none-eabi/13.3.1/../../../../arm-none-eabi/lib/thumb/v7e-m+dp/hard\libm.a(libm_a-ef_acos.o)
                0x08018620                __ieee754_acosf
 .text.__ieee754_asinf
                0x0801880c      0x1c8 C:/ST/STM32CubeIDE_1.18.0/STM32CubeIDE/plugins/com.st.stm32cube.ide.mcu.externaltools.gnu-tools-for-stm32.13.3.rel1.win32_1.0.0.202411081344/tools/bin/../lib/gcc/arm-none-eabi/13.3.1/../../../../arm-none-eabi/lib/thumb/v7e-m+dp/hard\libm.a(libm_a-ef_asin.o)
                0x0801880c                __ieee754_asinf
 .text.__ieee754_log10f
                0x080189d4       0xb0 C:/ST/STM32CubeIDE_1.18.0/STM32CubeIDE/plugins/com.st.stm32cube.ide.mcu.externaltools.gnu-tools-for-stm32.13.3.rel1.win32_1.0.0.202411081344/tools/bin/../lib/gcc/arm-none-eabi/13.3.1/../../../../arm-none-eabi/lib/thumb/v7e-m+dp/hard\libm.a(libm_a-ef_log10.o)
                0x080189d4                __ieee754_log10f
 .text.__ieee754_rem_pio2f
                0x08018a84      0x260 C:/ST/STM32CubeIDE_1.18.0/STM32CubeIDE/plugins/com.st.stm32cube.ide.mcu.externaltools.gnu-tools-for-stm32.13.3.rel1.win32_1.0.0.202411081344/tools/bin/../lib/gcc/arm-none-eabi/13.3.1/../../../../arm-none-eabi/lib/thumb/v7e-m+dp/hard\libm.a(libm_a-ef_rem_pio2.o)
                0x08018a84                __ieee754_rem_pio2f
 *fill*         0x08018ce4        0x4 
 .text.__kernel_rem_pio2
                0x08018ce8      0x4e8 C:/ST/STM32CubeIDE_1.18.0/STM32CubeIDE/plugins/com.st.stm32cube.ide.mcu.externaltools.gnu-tools-for-stm32.13.3.rel1.win32_1.0.0.202411081344/tools/bin/../lib/gcc/arm-none-eabi/13.3.1/../../../../arm-none-eabi/lib/thumb/v7e-m+dp/hard\libm.a(libm_a-k_rem_pio2.o)
                0x08018ce8                __kernel_rem_pio2
 .text.__kernel_rem_pio2f
                0x080191d0      0x4d0 C:/ST/STM32CubeIDE_1.18.0/STM32CubeIDE/plugins/com.st.stm32cube.ide.mcu.externaltools.gnu-tools-for-stm32.13.3.rel1.win32_1.0.0.202411081344/tools/bin/../lib/gcc/arm-none-eabi/13.3.1/../../../../arm-none-eabi/lib/thumb/v7e-m+dp/hard\libm.a(libm_a-kf_rem_pio2.o)
                0x080191d0                __kernel_rem_pio2f
 .text.scalbn   0x080196a0       0xf4 C:/ST/STM32CubeIDE_1.18.0/STM32CubeIDE/plugins/com.st.stm32cube.ide.mcu.externaltools.gnu-tools-for-stm32.13.3.rel1.win32_1.0.0.202411081344/tools/bin/../lib/gcc/arm-none-eabi/13.3.1/../../../../arm-none-eabi/lib/thumb/v7e-m+dp/hard\libm.a(libm_a-s_scalbn.o)
                0x080196a0                scalbn
 .text.scalbnf  0x08019794       0xc8 C:/ST/STM32CubeIDE_1.18.0/STM32CubeIDE/plugins/com.st.stm32cube.ide.mcu.externaltools.gnu-tools-for-stm32.13.3.rel1.win32_1.0.0.202411081344/tools/bin/../lib/gcc/arm-none-eabi/13.3.1/../../../../arm-none-eabi/lib/thumb/v7e-m+dp/hard\libm.a(libm_a-sf_scalbn.o)
                0x08019794                scalbnf
 *fill*         0x0801985c        0x4 
 .text.floor    0x08019860       0xf0 C:/ST/STM32CubeIDE_1.18.0/STM32CubeIDE/plugins/com.st.stm32cube.ide.mcu.externaltools.gnu-tools-for-stm32.13.3.rel1.win32_1.0.0.202411081344/tools/bin/../lib/gcc/arm-none-eabi/13.3.1/../../../../arm-none-eabi/lib/thumb/v7e-m+dp/hard\libm.a(libm_a-s_floor.o)
                0x08019860                floor
 .text.floorf   0x08019950       0x88 C:/ST/STM32CubeIDE_1.18.0/STM32CubeIDE/plugins/com.st.stm32cube.ide.mcu.externaltools.gnu-tools-for-stm32.13.3.rel1.win32_1.0.0.202411081344/tools/bin/../lib/gcc/arm-none-eabi/13.3.1/../../../../arm-none-eabi/lib/thumb/v7e-m+dp/hard\libm.a(libm_a-sf_floor.o)
                0x08019950                floorf
 .text.malloc   0x080199d8       0x10 C:/ST/STM32CubeIDE_1.18.0/STM32CubeIDE/plugins/com.st.stm32cube.ide.mcu.externaltools.gnu-tools-for-stm32.13.3.rel1.win32_1.0.0.202411081344/tools/bin/../lib/gcc/arm-none-eabi/13.3.1/../../../../arm-none-eabi/lib/thumb/v7e-m+dp/hard\libc_nano.a(libc_a-malloc.o)
                0x080199d8                malloc
 .text.free     0x080199e8       0x10 C:/ST/STM32CubeIDE_1.18.0/STM32CubeIDE/plugins/com.st.stm32cube.ide.mcu.externaltools.gnu-tools-for-stm32.13.3.rel1.win32_1.0.0.202411081344/tools/bin/../lib/gcc/arm-none-eabi/13.3.1/../../../../arm-none-eabi/lib/thumb/v7e-m+dp/hard\libc_nano.a(libc_a-malloc.o)
                0x080199e8                free
 .text.sbrk_aligned
                0x080199f8       0x44 C:/ST/STM32CubeIDE_1.18.0/STM32CubeIDE/plugins/com.st.stm32cube.ide.mcu.externaltools.gnu-tools-for-stm32.13.3.rel1.win32_1.0.0.202411081344/tools/bin/../lib/gcc/arm-none-eabi/13.3.1/../../../../arm-none-eabi/lib/thumb/v7e-m+dp/hard\libc_nano.a(libc_a-mallocr.o)
 .text._malloc_r
                0x08019a3c      0x100 C:/ST/STM32CubeIDE_1.18.0/STM32CubeIDE/plugins/com.st.stm32cube.ide.mcu.externaltools.gnu-tools-for-stm32.13.3.rel1.win32_1.0.0.202411081344/tools/bin/../lib/gcc/arm-none-eabi/13.3.1/../../../../arm-none-eabi/lib/thumb/v7e-m+dp/hard\libc_nano.a(libc_a-mallocr.o)
                0x08019a3c                _malloc_r
 .text.__malloc_lock
                0x08019b3c        0xc C:/ST/STM32CubeIDE_1.18.0/STM32CubeIDE/plugins/com.st.stm32cube.ide.mcu.externaltools.gnu-tools-for-stm32.13.3.rel1.win32_1.0.0.202411081344/tools/bin/../lib/gcc/arm-none-eabi/13.3.1/../../../../arm-none-eabi/lib/thumb/v7e-m+dp/hard\libc_nano.a(libc_a-mlock.o)
                0x08019b3c                __malloc_lock
 .text.__malloc_unlock
                0x08019b48        0xc C:/ST/STM32CubeIDE_1.18.0/STM32CubeIDE/plugins/com.st.stm32cube.ide.mcu.externaltools.gnu-tools-for-stm32.13.3.rel1.win32_1.0.0.202411081344/tools/bin/../lib/gcc/arm-none-eabi/13.3.1/../../../../arm-none-eabi/lib/thumb/v7e-m+dp/hard\libc_nano.a(libc_a-mlock.o)
                0x08019b48                __malloc_unlock
 .text.srand    0x08019b54       0x5c C:/ST/STM32CubeIDE_1.18.0/STM32CubeIDE/plugins/com.st.stm32cube.ide.mcu.externaltools.gnu-tools-for-stm32.13.3.rel1.win32_1.0.0.202411081344/tools/bin/../lib/gcc/arm-none-eabi/13.3.1/../../../../arm-none-eabi/lib/thumb/v7e-m+dp/hard\libc_nano.a(libc_a-rand.o)
                0x08019b54                srand
 .text.rand     0x08019bb0       0x7c C:/ST/STM32CubeIDE_1.18.0/STM32CubeIDE/plugins/com.st.stm32cube.ide.mcu.externaltools.gnu-tools-for-stm32.13.3.rel1.win32_1.0.0.202411081344/tools/bin/../lib/gcc/arm-none-eabi/13.3.1/../../../../arm-none-eabi/lib/thumb/v7e-m+dp/hard\libc_nano.a(libc_a-rand.o)
                0x08019bb0                rand
 .text.std      0x08019c2c       0x6c C:/ST/STM32CubeIDE_1.18.0/STM32CubeIDE/plugins/com.st.stm32cube.ide.mcu.externaltools.gnu-tools-for-stm32.13.3.rel1.win32_1.0.0.202411081344/tools/bin/../lib/gcc/arm-none-eabi/13.3.1/../../../../arm-none-eabi/lib/thumb/v7e-m+dp/hard\libc_nano.a(libc_a-findfp.o)
 .text.stdio_exit_handler
                0x08019c98       0x18 C:/ST/STM32CubeIDE_1.18.0/STM32CubeIDE/plugins/com.st.stm32cube.ide.mcu.externaltools.gnu-tools-for-stm32.13.3.rel1.win32_1.0.0.202411081344/tools/bin/../lib/gcc/arm-none-eabi/13.3.1/../../../../arm-none-eabi/lib/thumb/v7e-m+dp/hard\libc_nano.a(libc_a-findfp.o)
 .text.cleanup_stdio
                0x08019cb0       0x40 C:/ST/STM32CubeIDE_1.18.0/STM32CubeIDE/plugins/com.st.stm32cube.ide.mcu.externaltools.gnu-tools-for-stm32.13.3.rel1.win32_1.0.0.202411081344/tools/bin/../lib/gcc/arm-none-eabi/13.3.1/../../../../arm-none-eabi/lib/thumb/v7e-m+dp/hard\libc_nano.a(libc_a-findfp.o)
 .text.global_stdio_init.part.0
                0x08019cf0       0x3c C:/ST/STM32CubeIDE_1.18.0/STM32CubeIDE/plugins/com.st.stm32cube.ide.mcu.externaltools.gnu-tools-for-stm32.13.3.rel1.win32_1.0.0.202411081344/tools/bin/../lib/gcc/arm-none-eabi/13.3.1/../../../../arm-none-eabi/lib/thumb/v7e-m+dp/hard\libc_nano.a(libc_a-findfp.o)
 .text.__sfp_lock_acquire
                0x08019d2c        0xc C:/ST/STM32CubeIDE_1.18.0/STM32CubeIDE/plugins/com.st.stm32cube.ide.mcu.externaltools.gnu-tools-for-stm32.13.3.rel1.win32_1.0.0.202411081344/tools/bin/../lib/gcc/arm-none-eabi/13.3.1/../../../../arm-none-eabi/lib/thumb/v7e-m+dp/hard\libc_nano.a(libc_a-findfp.o)
                0x08019d2c                __sfp_lock_acquire
 .text.__sfp_lock_release
                0x08019d38        0xc C:/ST/STM32CubeIDE_1.18.0/STM32CubeIDE/plugins/com.st.stm32cube.ide.mcu.externaltools.gnu-tools-for-stm32.13.3.rel1.win32_1.0.0.202411081344/tools/bin/../lib/gcc/arm-none-eabi/13.3.1/../../../../arm-none-eabi/lib/thumb/v7e-m+dp/hard\libc_nano.a(libc_a-findfp.o)
                0x08019d38                __sfp_lock_release
 .text.__sinit  0x08019d44       0x30 C:/ST/STM32CubeIDE_1.18.0/STM32CubeIDE/plugins/com.st.stm32cube.ide.mcu.externaltools.gnu-tools-for-stm32.13.3.rel1.win32_1.0.0.202411081344/tools/bin/../lib/gcc/arm-none-eabi/13.3.1/../../../../arm-none-eabi/lib/thumb/v7e-m+dp/hard\libc_nano.a(libc_a-findfp.o)
                0x08019d44                __sinit
 .text._fwalk_sglue
                0x08019d74       0x3c C:/ST/STM32CubeIDE_1.18.0/STM32CubeIDE/plugins/com.st.stm32cube.ide.mcu.externaltools.gnu-tools-for-stm32.13.3.rel1.win32_1.0.0.202411081344/tools/bin/../lib/gcc/arm-none-eabi/13.3.1/../../../../arm-none-eabi/lib/thumb/v7e-m+dp/hard\libc_nano.a(libc_a-fwalk.o)
                0x08019d74                _fwalk_sglue
 .text.printf   0x08019db0       0x24 C:/ST/STM32CubeIDE_1.18.0/STM32CubeIDE/plugins/com.st.stm32cube.ide.mcu.externaltools.gnu-tools-for-stm32.13.3.rel1.win32_1.0.0.202411081344/tools/bin/../lib/gcc/arm-none-eabi/13.3.1/../../../../arm-none-eabi/lib/thumb/v7e-m+dp/hard\libc_nano.a(libc_a-printf.o)
                0x08019db0                iprintf
                0x08019db0                printf
 .text._puts_r  0x08019dd4       0xaa C:/ST/STM32CubeIDE_1.18.0/STM32CubeIDE/plugins/com.st.stm32cube.ide.mcu.externaltools.gnu-tools-for-stm32.13.3.rel1.win32_1.0.0.202411081344/tools/bin/../lib/gcc/arm-none-eabi/13.3.1/../../../../arm-none-eabi/lib/thumb/v7e-m+dp/hard\libc_nano.a(libc_a-puts.o)
                0x08019dd4                _puts_r
 *fill*         0x08019e7e        0x2 
 .text.puts     0x08019e80       0x10 C:/ST/STM32CubeIDE_1.18.0/STM32CubeIDE/plugins/com.st.stm32cube.ide.mcu.externaltools.gnu-tools-for-stm32.13.3.rel1.win32_1.0.0.202411081344/tools/bin/../lib/gcc/arm-none-eabi/13.3.1/../../../../arm-none-eabi/lib/thumb/v7e-m+dp/hard\libc_nano.a(libc_a-puts.o)
                0x08019e80                puts
 .text.snprintf
                0x08019e90       0x6c C:/ST/STM32CubeIDE_1.18.0/STM32CubeIDE/plugins/com.st.stm32cube.ide.mcu.externaltools.gnu-tools-for-stm32.13.3.rel1.win32_1.0.0.202411081344/tools/bin/../lib/gcc/arm-none-eabi/13.3.1/../../../../arm-none-eabi/lib/thumb/v7e-m+dp/hard\libc_nano.a(libc_a-snprintf.o)
                0x08019e90                sniprintf
                0x08019e90                snprintf
 .text.__sread  0x08019efc       0x22 C:/ST/STM32CubeIDE_1.18.0/STM32CubeIDE/plugins/com.st.stm32cube.ide.mcu.externaltools.gnu-tools-for-stm32.13.3.rel1.win32_1.0.0.202411081344/tools/bin/../lib/gcc/arm-none-eabi/13.3.1/../../../../arm-none-eabi/lib/thumb/v7e-m+dp/hard\libc_nano.a(libc_a-stdio.o)
                0x08019efc                __sread
 .text.__swrite
                0x08019f1e       0x38 C:/ST/STM32CubeIDE_1.18.0/STM32CubeIDE/plugins/com.st.stm32cube.ide.mcu.externaltools.gnu-tools-for-stm32.13.3.rel1.win32_1.0.0.202411081344/tools/bin/../lib/gcc/arm-none-eabi/13.3.1/../../../../arm-none-eabi/lib/thumb/v7e-m+dp/hard\libc_nano.a(libc_a-stdio.o)
                0x08019f1e                __swrite
 .text.__sseek  0x08019f56       0x24 C:/ST/STM32CubeIDE_1.18.0/STM32CubeIDE/plugins/com.st.stm32cube.ide.mcu.externaltools.gnu-tools-for-stm32.13.3.rel1.win32_1.0.0.202411081344/tools/bin/../lib/gcc/arm-none-eabi/13.3.1/../../../../arm-none-eabi/lib/thumb/v7e-m+dp/hard\libc_nano.a(libc_a-stdio.o)
                0x08019f56                __sseek
 .text.__sclose
                0x08019f7a        0x8 C:/ST/STM32CubeIDE_1.18.0/STM32CubeIDE/plugins/com.st.stm32cube.ide.mcu.externaltools.gnu-tools-for-stm32.13.3.rel1.win32_1.0.0.202411081344/tools/bin/../lib/gcc/arm-none-eabi/13.3.1/../../../../arm-none-eabi/lib/thumb/v7e-m+dp/hard\libc_nano.a(libc_a-stdio.o)
                0x08019f7a                __sclose
 .text.__swbuf_r
                0x08019f82       0x7c C:/ST/STM32CubeIDE_1.18.0/STM32CubeIDE/plugins/com.st.stm32cube.ide.mcu.externaltools.gnu-tools-for-stm32.13.3.rel1.win32_1.0.0.202411081344/tools/bin/../lib/gcc/arm-none-eabi/13.3.1/../../../../arm-none-eabi/lib/thumb/v7e-m+dp/hard\libc_nano.a(libc_a-wbuf.o)
                0x08019f82                __swbuf_r
 *fill*         0x08019ffe        0x2 
 .text.__swsetup_r
                0x0801a000       0xac C:/ST/STM32CubeIDE_1.18.0/STM32CubeIDE/plugins/com.st.stm32cube.ide.mcu.externaltools.gnu-tools-for-stm32.13.3.rel1.win32_1.0.0.202411081344/tools/bin/../lib/gcc/arm-none-eabi/13.3.1/../../../../arm-none-eabi/lib/thumb/v7e-m+dp/hard\libc_nano.a(libc_a-wsetup.o)
                0x0801a000                __swsetup_r
 .text.memset   0x0801a0ac       0x10 C:/ST/STM32CubeIDE_1.18.0/STM32CubeIDE/plugins/com.st.stm32cube.ide.mcu.externaltools.gnu-tools-for-stm32.13.3.rel1.win32_1.0.0.202411081344/tools/bin/../lib/gcc/arm-none-eabi/13.3.1/../../../../arm-none-eabi/lib/thumb/v7e-m+dp/hard\libc_nano.a(libc_a-memset.o)
                0x0801a0ac                memset
 .text.strncmp  0x0801a0bc       0x24 C:/ST/STM32CubeIDE_1.18.0/STM32CubeIDE/plugins/com.st.stm32cube.ide.mcu.externaltools.gnu-tools-for-stm32.13.3.rel1.win32_1.0.0.202411081344/tools/bin/../lib/gcc/arm-none-eabi/13.3.1/../../../../arm-none-eabi/lib/thumb/v7e-m+dp/hard\libc_nano.a(libc_a-strncmp.o)
                0x0801a0bc                strncmp
 .text.strncpy  0x0801a0e0       0x26 C:/ST/STM32CubeIDE_1.18.0/STM32CubeIDE/plugins/com.st.stm32cube.ide.mcu.externaltools.gnu-tools-for-stm32.13.3.rel1.win32_1.0.0.202411081344/tools/bin/../lib/gcc/arm-none-eabi/13.3.1/../../../../arm-none-eabi/lib/thumb/v7e-m+dp/hard\libc_nano.a(libc_a-strncpy.o)
                0x0801a0e0                strncpy
 *fill*         0x0801a106        0x2 
 .text._close_r
                0x0801a108       0x20 C:/ST/STM32CubeIDE_1.18.0/STM32CubeIDE/plugins/com.st.stm32cube.ide.mcu.externaltools.gnu-tools-for-stm32.13.3.rel1.win32_1.0.0.202411081344/tools/bin/../lib/gcc/arm-none-eabi/13.3.1/../../../../arm-none-eabi/lib/thumb/v7e-m+dp/hard\libc_nano.a(libc_a-closer.o)
                0x0801a108                _close_r
 .text._lseek_r
                0x0801a128       0x24 C:/ST/STM32CubeIDE_1.18.0/STM32CubeIDE/plugins/com.st.stm32cube.ide.mcu.externaltools.gnu-tools-for-stm32.13.3.rel1.win32_1.0.0.202411081344/tools/bin/../lib/gcc/arm-none-eabi/13.3.1/../../../../arm-none-eabi/lib/thumb/v7e-m+dp/hard\libc_nano.a(libc_a-lseekr.o)
                0x0801a128                _lseek_r
 .text._read_r  0x0801a14c       0x24 C:/ST/STM32CubeIDE_1.18.0/STM32CubeIDE/plugins/com.st.stm32cube.ide.mcu.externaltools.gnu-tools-for-stm32.13.3.rel1.win32_1.0.0.202411081344/tools/bin/../lib/gcc/arm-none-eabi/13.3.1/../../../../arm-none-eabi/lib/thumb/v7e-m+dp/hard\libc_nano.a(libc_a-readr.o)
                0x0801a14c                _read_r
 .text._sbrk_r  0x0801a170       0x20 C:/ST/STM32CubeIDE_1.18.0/STM32CubeIDE/plugins/com.st.stm32cube.ide.mcu.externaltools.gnu-tools-for-stm32.13.3.rel1.win32_1.0.0.202411081344/tools/bin/../lib/gcc/arm-none-eabi/13.3.1/../../../../arm-none-eabi/lib/thumb/v7e-m+dp/hard\libc_nano.a(libc_a-sbrkr.o)
                0x0801a170                _sbrk_r
 .text._write_r
                0x0801a190       0x24 C:/ST/STM32CubeIDE_1.18.0/STM32CubeIDE/plugins/com.st.stm32cube.ide.mcu.externaltools.gnu-tools-for-stm32.13.3.rel1.win32_1.0.0.202411081344/tools/bin/../lib/gcc/arm-none-eabi/13.3.1/../../../../arm-none-eabi/lib/thumb/v7e-m+dp/hard\libc_nano.a(libc_a-writer.o)
                0x0801a190                _write_r
 .text.__errno  0x0801a1b4        0xc C:/ST/STM32CubeIDE_1.18.0/STM32CubeIDE/plugins/com.st.stm32cube.ide.mcu.externaltools.gnu-tools-for-stm32.13.3.rel1.win32_1.0.0.202411081344/tools/bin/../lib/gcc/arm-none-eabi/13.3.1/../../../../arm-none-eabi/lib/thumb/v7e-m+dp/hard\libc_nano.a(libc_a-errno.o)
                0x0801a1b4                __errno
 .text.__libc_init_array
                0x0801a1c0       0x48 C:/ST/STM32CubeIDE_1.18.0/STM32CubeIDE/plugins/com.st.stm32cube.ide.mcu.externaltools.gnu-tools-for-stm32.13.3.rel1.win32_1.0.0.202411081344/tools/bin/../lib/gcc/arm-none-eabi/13.3.1/../../../../arm-none-eabi/lib/thumb/v7e-m+dp/hard\libc_nano.a(libc_a-init.o)
                0x0801a1c0                __libc_init_array
 .text.__retarget_lock_init_recursive
                0x0801a208        0x2 C:/ST/STM32CubeIDE_1.18.0/STM32CubeIDE/plugins/com.st.stm32cube.ide.mcu.externaltools.gnu-tools-for-stm32.13.3.rel1.win32_1.0.0.202411081344/tools/bin/../lib/gcc/arm-none-eabi/13.3.1/../../../../arm-none-eabi/lib/thumb/v7e-m+dp/hard\libc_nano.a(libc_a-lock.o)
                0x0801a208                __retarget_lock_init_recursive
 .text.__retarget_lock_acquire_recursive