../Core/Src/syscalls.c:47:6:initialise_monitor_handles	4	static
../Core/Src/syscalls.c:51:5:_getpid	4	static
../Core/Src/syscalls.c:56:5:_kill	16	static
C:\ST\STM32CubeIDE_1.18.0\STM32CubeIDE\plugins\com.st.stm32cube.ide.mcu.externaltools.gnu-tools-for-stm32.13.3.rel1.win32_1.0.0.202411081344\tools\bin/../lib/gcc/arm-none-eabi/13.3.1/../../../../arm-none-eabi/include/sys/unistd.h:18:6:_exit	16	static
../Core/Src/syscalls.c:70:27:_read	32	static
../Core/Src/syscalls.c:83:27:_write	32	static
../Core/Src/syscalls.c:96:5:_close	16	static
../Core/Src/syscalls.c:103:5:_fstat	16	static
../Core/Src/syscalls.c:110:5:_isatty	16	static
../Core/Src/syscalls.c:116:5:_lseek	24	static
../Core/Src/syscalls.c:124:5:_open	12	static
../Core/Src/syscalls.c:132:5:_wait	16	static
../Core/Src/syscalls.c:139:5:_unlink	16	static
../Core/Src/syscalls.c:146:5:_times	16	static
../Core/Src/syscalls.c:152:5:_stat	16	static
../Core/Src/syscalls.c:159:5:_link	16	static
../Core/Src/syscalls.c:167:5:_fork	8	static
../Core/Src/syscalls.c:173:5:_execve	24	static
