Archive member included to satisfy reference by file (symbol)

C:/ST/STM32CubeIDE_1.18.0/STM32CubeIDE/plugins/com.st.stm32cube.ide.mcu.externaltools.gnu-tools-for-stm32.13.3.rel1.win32_1.0.0.202411081344/tools/bin/../lib/gcc/arm-none-eabi/13.3.1/../../../../arm-none-eabi/lib/thumb/v7e-m+fp/hard\libm.a(libm_a-w_acos.o)
                              ./Core/Lib/CPDevVM/src/VM/vm.o (acos)
C:/ST/STM32CubeIDE_1.18.0/STM32CubeIDE/plugins/com.st.stm32cube.ide.mcu.externaltools.gnu-tools-for-stm32.13.3.rel1.win32_1.0.0.202411081344/tools/bin/../lib/gcc/arm-none-eabi/13.3.1/../../../../arm-none-eabi/lib/thumb/v7e-m+fp/hard\libm.a(libm_a-w_asin.o)
                              ./Core/Lib/CPDevVM/src/VM/vm.o (asin)
C:/ST/STM32CubeIDE_1.18.0/STM32CubeIDE/plugins/com.st.stm32cube.ide.mcu.externaltools.gnu-tools-for-stm32.13.3.rel1.win32_1.0.0.202411081344/tools/bin/../lib/gcc/arm-none-eabi/13.3.1/../../../../arm-none-eabi/lib/thumb/v7e-m+fp/hard\libm.a(libm_a-w_exp.o)
                              ./Core/Lib/CPDevVM/src/VM/vm.o (exp)
C:/ST/STM32CubeIDE_1.18.0/STM32CubeIDE/plugins/com.st.stm32cube.ide.mcu.externaltools.gnu-tools-for-stm32.13.3.rel1.win32_1.0.0.202411081344/tools/bin/../lib/gcc/arm-none-eabi/13.3.1/../../../../arm-none-eabi/lib/thumb/v7e-m+fp/hard\libm.a(libm_a-w_log.o)
                              ./Core/Lib/CPDevVM/src/VM/vm.o (log)
C:/ST/STM32CubeIDE_1.18.0/STM32CubeIDE/plugins/com.st.stm32cube.ide.mcu.externaltools.gnu-tools-for-stm32.13.3.rel1.win32_1.0.0.202411081344/tools/bin/../lib/gcc/arm-none-eabi/13.3.1/../../../../arm-none-eabi/lib/thumb/v7e-m+fp/hard\libm.a(libm_a-w_log10.o)
                              ./Core/Lib/CPDevVM/src/VM/vm.o (log10)
C:/ST/STM32CubeIDE_1.18.0/STM32CubeIDE/plugins/com.st.stm32cube.ide.mcu.externaltools.gnu-tools-for-stm32.13.3.rel1.win32_1.0.0.202411081344/tools/bin/../lib/gcc/arm-none-eabi/13.3.1/../../../../arm-none-eabi/lib/thumb/v7e-m+fp/hard\libm.a(libm_a-w_sqrt.o)
                              ./Core/Lib/CPDevVM/src/VM/vm.o (sqrt)
C:/ST/STM32CubeIDE_1.18.0/STM32CubeIDE/plugins/com.st.stm32cube.ide.mcu.externaltools.gnu-tools-for-stm32.13.3.rel1.win32_1.0.0.202411081344/tools/bin/../lib/gcc/arm-none-eabi/13.3.1/../../../../arm-none-eabi/lib/thumb/v7e-m+fp/hard\libm.a(libm_a-s_atan.o)
                              ./Core/Lib/CPDevVM/src/VM/vm.o (atan)
C:/ST/STM32CubeIDE_1.18.0/STM32CubeIDE/plugins/com.st.stm32cube.ide.mcu.externaltools.gnu-tools-for-stm32.13.3.rel1.win32_1.0.0.202411081344/tools/bin/../lib/gcc/arm-none-eabi/13.3.1/../../../../arm-none-eabi/lib/thumb/v7e-m+fp/hard\libm.a(libm_a-s_cos.o)
                              ./Core/Lib/CPDevVM/src/VM/vm.o (cos)
C:/ST/STM32CubeIDE_1.18.0/STM32CubeIDE/plugins/com.st.stm32cube.ide.mcu.externaltools.gnu-tools-for-stm32.13.3.rel1.win32_1.0.0.202411081344/tools/bin/../lib/gcc/arm-none-eabi/13.3.1/../../../../arm-none-eabi/lib/thumb/v7e-m+fp/hard\libm.a(libm_a-s_fabs.o)
                              C:/ST/STM32CubeIDE_1.18.0/STM32CubeIDE/plugins/com.st.stm32cube.ide.mcu.externaltools.gnu-tools-for-stm32.13.3.rel1.win32_1.0.0.202411081344/tools/bin/../lib/gcc/arm-none-eabi/13.3.1/../../../../arm-none-eabi/lib/thumb/v7e-m+fp/hard\libm.a(libm_a-w_acos.o) (fabs)
C:/ST/STM32CubeIDE_1.18.0/STM32CubeIDE/plugins/com.st.stm32cube.ide.mcu.externaltools.gnu-tools-for-stm32.13.3.rel1.win32_1.0.0.202411081344/tools/bin/../lib/gcc/arm-none-eabi/13.3.1/../../../../arm-none-eabi/lib/thumb/v7e-m+fp/hard\libm.a(libm_a-s_sin.o)
                              ./Core/Lib/CPDevVM/src/VM/vm.o (sin)
C:/ST/STM32CubeIDE_1.18.0/STM32CubeIDE/plugins/com.st.stm32cube.ide.mcu.externaltools.gnu-tools-for-stm32.13.3.rel1.win32_1.0.0.202411081344/tools/bin/../lib/gcc/arm-none-eabi/13.3.1/../../../../arm-none-eabi/lib/thumb/v7e-m+fp/hard\libm.a(libm_a-s_tan.o)
                              ./Core/Lib/CPDevVM/src/VM/vm.o (tan)
C:/ST/STM32CubeIDE_1.18.0/STM32CubeIDE/plugins/com.st.stm32cube.ide.mcu.externaltools.gnu-tools-for-stm32.13.3.rel1.win32_1.0.0.202411081344/tools/bin/../lib/gcc/arm-none-eabi/13.3.1/../../../../arm-none-eabi/lib/thumb/v7e-m+fp/hard\libm.a(libm_a-wf_acos.o)
                              ./Core/Lib/CPDevVM/src/VM/vm.o (acosf)
C:/ST/STM32CubeIDE_1.18.0/STM32CubeIDE/plugins/com.st.stm32cube.ide.mcu.externaltools.gnu-tools-for-stm32.13.3.rel1.win32_1.0.0.202411081344/tools/bin/../lib/gcc/arm-none-eabi/13.3.1/../../../../arm-none-eabi/lib/thumb/v7e-m+fp/hard\libm.a(libm_a-wf_asin.o)
                              ./Core/Lib/CPDevVM/src/VM/vm.o (asinf)
C:/ST/STM32CubeIDE_1.18.0/STM32CubeIDE/plugins/com.st.stm32cube.ide.mcu.externaltools.gnu-tools-for-stm32.13.3.rel1.win32_1.0.0.202411081344/tools/bin/../lib/gcc/arm-none-eabi/13.3.1/../../../../arm-none-eabi/lib/thumb/v7e-m+fp/hard\libm.a(libm_a-wf_exp.o)
                              ./Core/Lib/CPDevVM/src/VM/vm.o (expf)
[...]
Memory Configuration

Name             Origin             Length             Attributes
FLASH            0x08100000         0x00100000         xr
RAM              0x10000000         0x00048000         xrw
RAM_D3           0x38000000         0x00010000         xrw
*default*        0x00000000         0xffffffff

Linker script and memory map

LOAD C:/ST/STM32CubeIDE_1.18.0/STM32CubeIDE/plugins/com.st.stm32cube.ide.mcu.externaltools.gnu-tools-for-stm32.13.3.rel1.win32_1.0.0.202411081344/tools/bin/../lib/gcc/arm-none-eabi/13.3.1/thumb/v7e-m+fp/hard/crti.o
LOAD C:/ST/STM32CubeIDE_1.18.0/STM32CubeIDE/plugins/com.st.stm32cube.ide.mcu.externaltools.gnu-tools-for-stm32.13.3.rel1.win32_1.0.0.202411081344/tools/bin/../lib/gcc/arm-none-eabi/13.3.1/thumb/v7e-m+fp/hard/crtbegin.o
LOAD C:/ST/STM32CubeIDE_1.18.0/STM32CubeIDE/plugins/com.st.stm32cube.ide.mcu.externaltools.gnu-tools-for-stm32.13.3.rel1.win32_1.0.0.202411081344/tools/bin/../lib/gcc/arm-none-eabi/13.3.1/../../../../arm-none-eabi/lib/thumb/v7e-m+fp/hard/crt0.o
LOAD ./Common/Src/system_stm32h7xx_dualcore_boot_cm4_cm7.o
LOAD ./Core/Inc/shared_memory.o
LOAD ./Core/Lib/CPDevVM/src/VM/vm.o
LOAD ./Core/Lib/CPDevVM/src/VM/vmfunc/vm_data_access.o
LOAD ./Core/Lib/CPDevVM/src/vm_arduino.o
LOAD ./Core/Lib/CPDev_XCPcodes/2020/16bit/BlinkRS/blink.o
LOAD ./Core/Lib/CPDev_XCPcodes/2020/16bit/ShipSim/ShipSim.o
LOAD ./Core/Lib/CPDev_XCPcodes/2020/16bit/test01/test1.o
LOAD ./Core/Lib/CPDev_XCPcodes/2020/16bit/test02/test2.o
LOAD ./Core/Lib/CPDev_XCPcodes/2020/16bit/test03/test3.o
LOAD ./Core/Lib/CPDev_XCPcodes/2020/32bit/2020_ShipSim/ShipSim32.o
LOAD ./Core/Lib/CPDev_XCPcodes/2020/32bitAlign/ShipSim_32ARM.o
LOAD ./Core/Lib/CPDev_XCPcodes/2020/32bitAlign/test1_32ARM.o
LOAD ./Core/Lib/CPDev_XCPcodes/2020/32bitAlign/test2_32ARM.o
LOAD ./Core/Lib/CPDev_XCPcodes/2020/32bitAlign/test3_32ARM.o
LOAD ./Core/Src/main.o
LOAD ./Core/Src/stm32h7xx_hal_msp.o
LOAD ./Core/Src/stm32h7xx_it.o
LOAD ./Core/Src/syscalls.o
LOAD ./Core/Src/sysmem.o
LOAD ./Core/Startup/startup_stm32h747xihx.o
LOAD ./Drivers/STM32H7xx_HAL_Driver/stm32h7xx_hal.o
LOAD ./Drivers/STM32H7xx_HAL_Driver/stm32h7xx_hal_adc.o
LOAD ./Drivers/STM32H7xx_HAL_Driver/stm32h7xx_hal_adc_ex.o
LOAD ./Drivers/STM32H7xx_HAL_Driver/stm32h7xx_hal_cortex.o
LOAD ./Drivers/STM32H7xx_HAL_Driver/stm32h7xx_hal_dma.o
LOAD ./Drivers/STM32H7xx_HAL_Driver/stm32h7xx_hal_dma_ex.o
LOAD ./Drivers/STM32H7xx_HAL_Driver/stm32h7xx_hal_exti.o
LOAD ./Drivers/STM32H7xx_HAL_Driver/stm32h7xx_hal_flash.o
LOAD ./Drivers/STM32H7xx_HAL_Driver/stm32h7xx_hal_flash_ex.o
LOAD ./Drivers/STM32H7xx_HAL_Driver/stm32h7xx_hal_gpio.o
LOAD ./Drivers/STM32H7xx_HAL_Driver/stm32h7xx_hal_hsem.o
LOAD ./Drivers/STM32H7xx_HAL_Driver/stm32h7xx_hal_i2c.o
LOAD ./Drivers/STM32H7xx_HAL_Driver/stm32h7xx_hal_i2c_ex.o
LOAD ./Drivers/STM32H7xx_HAL_Driver/stm32h7xx_hal_mdma.o
LOAD ./Drivers/STM32H7xx_HAL_Driver/stm32h7xx_hal_pwr.o
LOAD ./Drivers/STM32H7xx_HAL_Driver/stm32h7xx_hal_pwr_ex.o
LOAD ./Drivers/STM32H7xx_HAL_Driver/stm32h7xx_hal_qspi.o
LOAD ./Drivers/STM32H7xx_HAL_Driver/stm32h7xx_hal_rcc.o
LOAD ./Drivers/STM32H7xx_HAL_Driver/stm32h7xx_hal_rcc_ex.o
LOAD ./Drivers/STM32H7xx_HAL_Driver/stm32h7xx_hal_rtc.o
LOAD ./Drivers/STM32H7xx_HAL_Driver/stm32h7xx_hal_rtc_ex.o
LOAD ./Drivers/STM32H7xx_HAL_Driver/stm32h7xx_hal_spi.o
LOAD ./Drivers/STM32H7xx_HAL_Driver/stm32h7xx_hal_spi_ex.o
LOAD ./Drivers/STM32H7xx_HAL_Driver/stm32h7xx_hal_uart.o
LOAD ./Drivers/STM32H7xx_HAL_Driver/stm32h7xx_hal_uart_ex.o
LOAD ./Drivers/STM32H7xx_HAL_Driver/stm32h7xx_ll_delayblock.o
START GROUP
LOAD C:/ST/STM32CubeIDE_1.18.0/STM32CubeIDE/plugins/com.st.stm32cube.ide.mcu.externaltools.gnu-tools-for-stm32.13.3.rel1.win32_1.0.0.202411081344/tools/bin/../lib/gcc/arm-none-eabi/13.3.1/../../../../arm-none-eabi/lib/thumb/v7e-m+fp/hard\libstdc++_nano.a
LOAD C:/ST/STM32CubeIDE_1.18.0/STM32CubeIDE/plugins/com.st.stm32cube.ide.mcu.externaltools.gnu-tools-for-stm32.13.3.rel1.win32_1.0.0.202411081344/tools/bin/../lib/gcc/arm-none-eabi/13.3.1/../../../../arm-none-eabi/lib/thumb/v7e-m+fp/hard\libsupc++_nano.a
END GROUP
LOAD C:/ST/STM32CubeIDE_1.18.0/STM32CubeIDE/plugins/com.st.stm32cube.ide.mcu.externaltools.gnu-tools-for-stm32.13.3.rel1.win32_1.0.0.202411081344/tools/bin/../lib/gcc/arm-none-eabi/13.3.1/../../../../arm-none-eabi/lib/thumb/v7e-m+fp/hard\libstdc++_nano.a
LOAD C:/ST/STM32CubeIDE_1.18.0/STM32CubeIDE/plugins/com.st.stm32cube.ide.mcu.externaltools.gnu-tools-for-stm32.13.3.rel1.win32_1.0.0.202411081344/tools/bin/../lib/gcc/arm-none-eabi/13.3.1/../../../../arm-none-eabi/lib/thumb/v7e-m+fp/hard\libm.a
LOAD C:/ST/STM32CubeIDE_1.18.0/STM32CubeIDE/plugins/com.st.stm32cube.ide.mcu.externaltools.gnu-tools-for-stm32.13.3.rel1.win32_1.0.0.202411081344/tools/bin/../lib/gcc/arm-none-eabi/13.3.1/../../../../arm-none-eabi/lib/thumb/v7e-m+fp/hard\libc_nano.a
START GROUP
LOAD C:/ST/STM32CubeIDE_1.18.0/STM32CubeIDE/plugins/com.st.stm32cube.ide.mcu.externaltools.gnu-tools-for-stm32.13.3.rel1.win32_1.0.0.202411081344/tools/bin/../lib/gcc/arm-none-eabi/13.3.1/thumb/v7e-m+fp/hard\libgcc.a
LOAD C:/ST/STM32CubeIDE_1.18.0/STM32CubeIDE/plugins/com.st.stm32cube.ide.mcu.externaltools.gnu-tools-for-stm32.13.3.rel1.win32_1.0.0.202411081344/tools/bin/../lib/gcc/arm-none-eabi/13.3.1/../../../../arm-none-eabi/lib/thumb/v7e-m+fp/hard\libc_nano.a
END GROUP
START GROUP
LOAD C:/ST/STM32CubeIDE_1.18.0/STM32CubeIDE/plugins/com.st.stm32cube.ide.mcu.externaltools.gnu-tools-for-stm32.13.3.rel1.win32_1.0.0.202411081344/tools/bin/../lib/gcc/arm-none-eabi/13.3.1/thumb/v7e-m+fp/hard\libgcc.a
LOAD C:/ST/STM32CubeIDE_1.18.0/STM32CubeIDE/plugins/com.st.stm32cube.ide.mcu.externaltools.gnu-tools-for-stm32.13.3.rel1.win32_1.0.0.202411081344/tools/bin/../lib/gcc/arm-none-eabi/13.3.1/../../../../arm-none-eabi/lib/thumb/v7e-m+fp/hard\libc_nano.a
LOAD C:/ST/STM32CubeIDE_1.18.0/STM32CubeIDE/plugins/com.st.stm32cube.ide.mcu.externaltools.gnu-tools-for-stm32.13.3.rel1.win32_1.0.0.202411081344/tools/bin/../lib/gcc/arm-none-eabi/13.3.1/../../../../arm-none-eabi/lib/thumb/v7e-m+fp/hard\libnosys.a
END GROUP
START GROUP
LOAD C:/ST/STM32CubeIDE_1.18.0/STM32CubeIDE/plugins/com.st.stm32cube.ide.mcu.externaltools.gnu-tools-for-stm32.13.3.rel1.win32_1.0.0.202411081344/tools/bin/../lib/gcc/arm-none-eabi/13.3.1/thumb/v7e-m+fp/hard\libgcc.a
LOAD C:/ST/STM32CubeIDE_1.18.0/STM32CubeIDE/plugins/com.st.stm32cube.ide.mcu.externaltools.gnu-tools-for-stm32.13.3.rel1.win32_1.0.0.202411081344/tools/bin/../lib/gcc/arm-none-eabi/13.3.1/../../../../arm-none-eabi/lib/thumb/v7e-m+fp/hard\libc_nano.a
LOAD C:/ST/STM32CubeIDE_1.18.0/STM32CubeIDE/plugins/com.st.stm32cube.ide.mcu.externaltools.gnu-tools-for-stm32.13.3.rel1.win32_1.0.0.202411081344/tools/bin/../lib/gcc/arm-none-eabi/13.3.1/../../../../arm-none-eabi/lib/thumb/v7e-m+fp/hard\libnosys.a
END GROUP
LOAD C:/ST/STM32CubeIDE_1.18.0/STM32CubeIDE/plugins/com.st.stm32cube.ide.mcu.externaltools.gnu-tools-for-stm32.13.3.rel1.win32_1.0.0.202411081344/tools/bin/../lib/gcc/arm-none-eabi/13.3.1/thumb/v7e-m+fp/hard/crtend.o
LOAD C:/ST/STM32CubeIDE_1.18.0/STM32CubeIDE/plugins/com.st.stm32cube.ide.mcu.externaltools.gnu-tools-for-stm32.13.3.rel1.win32_1.0.0.202411081344/tools/bin/../lib/gcc/arm-none-eabi/13.3.1/thumb/v7e-m+fp/hard/crtn.o
                0x10048000                        _estack = (ORIGIN (RAM) + LENGTH (RAM))
                0x00000200                        _Min_Heap_Size = 0x200
                0x00000400                        _Min_Stack_Size = 0x400

.isr_vector     0x08100000      0x298
                0x08100000                        . = ALIGN (0x4)
 *(.isr_vector)
 .isr_vector    0x08100000      0x298 ./Core/Startup/startup_stm32h747xihx.o
                0x08100000                g_pfnVectors
                0x08100298                        . = ALIGN (0x4)

.text           0x081002a0    0x1ad0c
                0x081002a0                        . = ALIGN (0x4)
 *(.text)
 .text          0x081002a0       0x40 C:/ST/STM32CubeIDE_1.18.0/STM32CubeIDE/plugins/com.st.stm32cube.ide.mcu.externaltools.gnu-tools-for-stm32.13.3.rel1.win32_1.0.0.202411081344/tools/bin/../lib/gcc/arm-none-eabi/13.3.1/thumb/v7e-m+fp/hard/crtbegin.o
 .text          0x081002e0       0xa0 C:/ST/STM32CubeIDE_1.18.0/STM32CubeIDE/plugins/com.st.stm32cube.ide.mcu.externaltools.gnu-tools-for-stm32.13.3.rel1.win32_1.0.0.202411081344/tools/bin/../lib/gcc/arm-none-eabi/13.3.1/../../../../arm-none-eabi/lib/thumb/v7e-m+fp/hard\libc_nano.a(libc_a-memchr.o)
                0x081002e0                memchr
 .text          0x08100380      0x378 C:/ST/STM32CubeIDE_1.18.0/STM32CubeIDE/plugins/com.st.stm32cube.ide.mcu.externaltools.gnu-tools-for-stm32.13.3.rel1.win32_1.0.0.202411081344/tools/bin/../lib/gcc/arm-none-eabi/13.3.1/thumb/v7e-m+fp/hard\libgcc.a(_arm_addsubdf3.o)
                0x08100380                __aeabi_drsub
                0x08100388                __aeabi_dsub
                0x08100388                __subdf3
                0x0810038c                __aeabi_dadd
                0x0810038c                __adddf3
                0x08100604                __floatunsidf
                0x08100604                __aeabi_ui2d
                0x08100624                __floatsidf
                0x08100624                __aeabi_i2d
                0x08100648                __aeabi_f2d
                0x08100648                __extendsfdf2
                0x0810068c                __floatundidf
                0x0810068c                __aeabi_ul2d
                0x0810069c                __floatdidf
                0x0810069c                __aeabi_l2d
 .text          0x081006f8      0x424 C:/ST/STM32CubeIDE_1.18.0/STM32CubeIDE/plugins/com.st.stm32cube.ide.mcu.externaltools.gnu-tools-for-stm32.13.3.rel1.win32_1.0.0.202411081344/tools/bin/../lib/gcc/arm-none-eabi/13.3.1/thumb/v7e-m+fp/hard\libgcc.a(_arm_muldivdf3.o)
                0x081006f8                __aeabi_dmul
                0x081006f8                __muldf3
                0x0810094c                __divdf3
                0x0810094c                __aeabi_ddiv
 .text          0x08100b1c      0x110 C:/ST/STM32CubeIDE_1.18.0/STM32CubeIDE/plugins/com.st.stm32cube.ide.mcu.externaltools.gnu-tools-for-stm32.13.3.rel1.win32_1.0.0.202411081344/tools/bin/../lib/gcc/arm-none-eabi/13.3.1/thumb/v7e-m+fp/hard\libgcc.a(_arm_cmpdf2.o)
                0x08100b1c                __gtdf2
                0x08100b1c                __gedf2
                0x08100b24                __ltdf2
                0x08100b24                __ledf2
                0x08100b2c                __nedf2
                0x08100b2c                __eqdf2
                0x08100b2c                __cmpdf2
                0x08100ba8                __aeabi_cdrcmple
                0x08100bb8                __aeabi_cdcmpeq
                0x08100bb8                __aeabi_cdcmple
                0x08100bc8                __aeabi_dcmpeq
                0x08100bdc                __aeabi_dcmplt
                0x08100bf0                __aeabi_dcmple
                0x08100c04                __aeabi_dcmpge
                0x08100c18                __aeabi_dcmpgt
 .text          0x08100c2c       0x2c C:/ST/STM32CubeIDE_1.18.0/STM32CubeIDE/plugins/com.st.stm32cube.ide.mcu.externaltools.gnu-tools-for-stm32.13.3.rel1.win32_1.0.0.202411081344/tools/bin/../lib/gcc/arm-none-eabi/13.3.1/thumb/v7e-m+fp/hard\libgcc.a(_arm_unorddf2.o)
                0x08100c2c                __unorddf2
                0x08100c2c                __aeabi_dcmpun
 .text          0x08100c58       0x50 C:/ST/STM32CubeIDE_1.18.0/STM32CubeIDE/plugins/com.st.stm32cube.ide.mcu.externaltools.gnu-tools-for-stm32.13.3.rel1.win32_1.0.0.202411081344/tools/bin/../lib/gcc/arm-none-eabi/13.3.1/thumb/v7e-m+fp/hard\libgcc.a(_arm_fixdfsi.o)
                0x08100c58                __aeabi_d2iz
                0x08100c58                __fixdfsi
 .text          0x08100ca8       0xa0 C:/ST/STM32CubeIDE_1.18.0/STM32CubeIDE/plugins/com.st.stm32cube.ide.mcu.externaltools.gnu-tools-for-stm32.13.3.rel1.win32_1.0.0.202411081344/tools/bin/../lib/gcc/arm-none-eabi/13.3.1/thumb/v7e-m+fp/hard\libgcc.a(_arm_truncdfsf2.o)
                0x08100ca8                __truncdfsf2
                0x08100ca8                __aeabi_d2f
 .text          0x08100d48       0xa0 C:/ST/STM32CubeIDE_1.18.0/STM32CubeIDE/plugins/com.st.stm32cube.ide.mcu.externaltools.gnu-tools-for-stm32.13.3.rel1.win32_1.0.0.202411081344/tools/bin/../lib/gcc/arm-none-eabi/13.3.1/thumb/v7e-m+fp/hard\libgcc.a(_aeabi_ldivmod.o)
                0x08100d48                __aeabi_ldivmod
 .text          0x08100de8       0x30 C:/ST/STM32CubeIDE_1.18.0/STM32CubeIDE/plugins/com.st.stm32cube.ide.mcu.externaltools.gnu-tools-for-stm32.13.3.rel1.win32_1.0.0.202411081344/tools/bin/../lib/gcc/arm-none-eabi/13.3.1/thumb/v7e-m+fp/hard\libgcc.a(_fixdfdi.o)
                0x08100de8                __fixdfdi
                0x08100de8                __aeabi_d2lz
 .text          0x08100e18       0x3c C:/ST/STM32CubeIDE_1.18.0/STM32CubeIDE/plugins/com.st.stm32cube.ide.mcu.externaltools.gnu-tools-for-stm32.13.3.rel1.win32_1.0.0.202411081344/tools/bin/../lib/gcc/arm-none-eabi/13.3.1/thumb/v7e-m+fp/hard\libgcc.a(_fixunsdfdi.o)
                0x08100e18                __fixunsdfdi
                0x08100e18                __aeabi_d2ulz
 .text          0x08100e54      0x2f8 C:/ST/STM32CubeIDE_1.18.0/STM32CubeIDE/plugins/com.st.stm32cube.ide.mcu.externaltools.gnu-tools-for-stm32.13.3.rel1.win32_1.0.0.202411081344/tools/bin/../lib/gcc/arm-none-eabi/13.3.1/thumb/v7e-m+fp/hard\libgcc.a(_udivmoddi4.o)
                0x08100e54                __udivmoddi4
 .text          0x0810114c        0x4 C:/ST/STM32CubeIDE_1.18.0/STM32CubeIDE/plugins/com.st.stm32cube.ide.mcu.externaltools.gnu-tools-for-stm32.13.3.rel1.win32_1.0.0.202411081344/tools/bin/../lib/gcc/arm-none-eabi/13.3.1/thumb/v7e-m+fp/hard\libgcc.a(_dvmd_tls.o)
                0x0810114c                __aeabi_idiv0
                0x0810114c                __aeabi_ldiv0
 .text          0x08101150       0x40 C:/ST/STM32CubeIDE_1.18.0/STM32CubeIDE/plugins/com.st.stm32cube.ide.mcu.externaltools.gnu-tools-for-stm32.13.3.rel1.win32_1.0.0.202411081344/tools/bin/../lib/gcc/arm-none-eabi/13.3.1/thumb/v7e-m+fp/hard\libgcc.a(_arm_fixunsdfsi.o)
                0x08101150                __aeabi_d2uiz
                0x08101150                __fixunsdfsi
 *(.text*)
 .text.SystemInit
                0x08101190       0x30 ./Common/Src/system_stm32h7xx_dualcore_boot_cm4_cm7.o
                0x08101190                SystemInit
 .text.ExitRun0Mode
                0x081011c0       0x30 ./Common/Src/system_stm32h7xx_dualcore_boot_cm4_cm7.o
                0x081011c0                ExitRun0Mode
 .text._ZN13VMTaskClass3211WMC_SYSCTRLEh
                0x081011f0     0x1828 ./Core/Lib/CPDevVM/src/VM/vm.o
                0x081011f0                VMTaskClass32::WMC_SYSCTRL(unsigned char)
 .text._ZN13VMTaskClass327WMC_MMVEh
                0x08102a18       0x6e ./Core/Lib/CPDevVM/src/VM/vm.o
                0x08102a18                VMTaskClass32::WMC_MMV(unsigned char)
 *fill*         0x08102a86        0x2 
 .text._ZN13VMTaskClass3210WMC_CustomEh
                0x08102a88      0x204 ./Core/Lib/CPDevVM/src/VM/vm.o
                0x08102a88                VMTaskClass32::WMC_Custom(unsigned char)
 .text._ZN13VMTaskClass327WMC_ADDEh
                0x08102c8c      0x4c8 ./Core/Lib/CPDevVM/src/VM/vm.o
                0x08102c8c                VMTaskClass32::WMC_ADD(unsigned char)
 .text._ZN13VMTaskClass327WMC_SUBEh
                0x08103154      0x35c ./Core/Lib/CPDevVM/src/VM/vm.o
                0x08103154                VMTaskClass32::WMC_SUB(unsigned char)
 .text._ZN13VMTaskClass327WMC_MULEh
                0x081034b0      0x3f4 ./Core/Lib/CPDevVM/src/VM/vm.o
                0x081034b0                VMTaskClass32::WMC_MUL(unsigned char)
 .text._ZN13VMTaskClass3211WMC_DIV_MODEh
                0x081038a4      0x5d0 ./Core/Lib/CPDevVM/src/VM/vm.o
                0x081038a4                VMTaskClass32::WMC_DIV_MOD(unsigned char)
 .text._ZN13VMTaskClass3211WMC_NEG_NOTEh
                0x08103e74      0x2b8 ./Core/Lib/CPDevVM/src/VM/vm.o
                0x08103e74                VMTaskClass32::WMC_NEG_NOT(unsigned char)
 .text._ZSt4acosf
                0x0810412c       0x20 ./Core/Lib/CPDevVM/src/VM/vm.o
                0x0810412c                std::acos(float)
 .text._ZSt4asinf
                0x0810414c       0x20 ./Core/Lib/CPDevVM/src/VM/vm.o
                0x0810414c                std::asin(float)
 .text._ZSt4atanf
                0x0810416c       0x20 ./Core/Lib/CPDevVM/src/VM/vm.o
                0x0810416c                std::atan(float)
 .text._ZSt3cosf
                0x0810418c       0x20 ./Core/Lib/CPDevVM/src/VM/vm.o
                0x0810418c                std::cos(float)
 .text._ZSt3expf
                0x081041ac       0x20 ./Core/Lib/CPDevVM/src/VM/vm.o
                0x081041ac                std::exp(float)
 .text._ZSt3logf
                0x081041cc       0x20 ./Core/Lib/CPDevVM/src/VM/vm.o
                0x081041cc                std::log(float)
 .text._ZSt5log10f
                0x081041ec       0x20 ./Core/Lib/CPDevVM/src/VM/vm.o
                0x081041ec                std::log10(float)
 .text._ZSt3sinf
                0x0810420c       0x20 ./Core/Lib/CPDevVM/src/VM/vm.o
                0x0810420c                std::sin(float)
 .text._ZSt4sqrtf
                0x0810422c       0x20 ./Core/Lib/CPDevVM/src/VM/vm.o
                0x0810422c                std::sqrt(float)
 .text._ZSt3tanf
                0x0810424c       0x20 ./Core/Lib/CPDevVM/src/VM/vm.o
                0x0810424c                std::tan(float)
 .text._ZN13VMTaskClass328WMC_EXPTEh
                0x0810426c      0x3fc ./Core/Lib/CPDevVM/src/VM/vm.o
                0x0810426c                VMTaskClass32::WMC_EXPT(unsigned char)
 .text._ZN13VMTaskClass327WMC_ABSEh
                0x08104668      0x274 ./Core/Lib/CPDevVM/src/VM/vm.o
                0x08104668                VMTaskClass32::WMC_ABS(unsigned char)
 .text._ZN13VMTaskClass328WMC_MATHEh
                0x081048dc      0x5b8 ./Core/Lib/CPDevVM/src/VM/vm.o
                0x081048dc                VMTaskClass32::WMC_MATH(unsigned char)
 .text._ZN13VMTaskClass3212WMC_EXPT_ABSEh
                0x08104e94       0x42 ./Core/Lib/CPDevVM/src/VM/vm.o
                0x08104e94                VMTaskClass32::WMC_EXPT_ABS(unsigned char)
 *fill*         0x08104ed6        0x2 
 .text._ZN13VMTaskClass327WMC_ANDEh
                0x08104ed8      0x21c ./Core/Lib/CPDevVM/src/VM/vm.o
                0x08104ed8                VMTaskClass32::WMC_AND(unsigned char)
 .text._ZN13VMTaskClass326WMC_OREh
                0x081050f4      0x218 ./Core/Lib/CPDevVM/src/VM/vm.o
                0x081050f4                VMTaskClass32::WMC_OR(unsigned char)
 .text._ZN13VMTaskClass327WMC_XOREh
                0x0810530c      0x288 ./Core/Lib/CPDevVM/src/VM/vm.o
                0x0810530c                VMTaskClass32::WMC_XOR(unsigned char)
 .text._ZN13VMTaskClass3211WMC_SHI_ROTEh
                0x08105594      0x5c8 ./Core/Lib/CPDevVM/src/VM/vm.o
                0x08105594                VMTaskClass32::WMC_SHI_ROT(unsigned char)
 .text._ZN13VMTaskClass327WMC_SELEh
                0x08105b5c      0xd68 ./Core/Lib/CPDevVM/src/VM/vm.o
                0x08105b5c                VMTaskClass32::WMC_SEL(unsigned char)
 .text._ZN13VMTaskClass329WMC_LIMITEh
                0x081068c4      0xe68 ./Core/Lib/CPDevVM/src/VM/vm.o
                0x081068c4                VMTaskClass32::WMC_LIMIT(unsigned char)
 .text._ZN13VMTaskClass327WMC_MAXEh
                0x0810772c      0x6f0 ./Core/Lib/CPDevVM/src/VM/vm.o
                0x0810772c                VMTaskClass32::WMC_MAX(unsigned char)
 .text._ZN13VMTaskClass327WMC_MINEh
                0x08107e1c      0x6f0 ./Core/Lib/CPDevVM/src/VM/vm.o
                0x08107e1c                VMTaskClass32::WMC_MIN(unsigned char)
 .text._ZN13VMTaskClass326WMC_GTEh
                0x0810850c      0x718 ./Core/Lib/CPDevVM/src/VM/vm.o
                0x0810850c                VMTaskClass32::WMC_GT(unsigned char)
 .text._ZN13VMTaskClass326WMC_GEEh
                0x08108c24      0x740 ./Core/Lib/CPDevVM/src/VM/vm.o
                0x08108c24                VMTaskClass32::WMC_GE(unsigned char)
 .text._ZN13VMTaskClass326WMC_LTEh
                0x08109364      0x718 ./Core/Lib/CPDevVM/src/VM/vm.o
                0x08109364                VMTaskClass32::WMC_LT(unsigned char)
 .text._ZN13VMTaskClass326WMC_LEEh
                0x08109a7c      0x740 ./Core/Lib/CPDevVM/src/VM/vm.o
                0x08109a7c                VMTaskClass32::WMC_LE(unsigned char)
 .text._ZN13VMTaskClass326WMC_EQEh
                0x0810a1bc      0x730 ./Core/Lib/CPDevVM/src/VM/vm.o
                0x0810a1bc                VMTaskClass32::WMC_EQ(unsigned char)
 .text._ZN13VMTaskClass326WMC_NEEh
                0x0810a8ec      0x758 ./Core/Lib/CPDevVM/src/VM/vm.o
                0x0810a8ec                VMTaskClass32::WMC_NE(unsigned char)
 .text._ZN13VMTaskClass327WMC_MUXEh
                0x0810b044      0x67c ./Core/Lib/CPDevVM/src/VM/vm.o
                0x0810b044                VMTaskClass32::WMC_MUX(unsigned char)
 .text._ZN13VMTaskClass328WMC_CONVEh
                0x0810b6c0      0x52c ./Core/Lib/CPDevVM/src/VM/vm.o
                0x0810b6c0                VMTaskClass32::WMC_CONV(unsigned char)
 .text._ZN13VMTaskClass327WMC_DOWEh
                0x0810bbec       0xd2 ./Core/Lib/CPDevVM/src/VM/vm.o
                0x0810bbec                VMTaskClass32::WMC_DOW(unsigned char)
 .text._Z7equDATE7WM_DATES_
                0x0810bcbe       0x24 ./Core/Lib/CPDevVM/src/VM/vm.o
                0x0810bcbe                equDATE(WM_DATE, WM_DATE)
 .text._Z6equTOD14WM_TIME_OF_DAYS_
                0x0810bce2       0x24 ./Core/Lib/CPDevVM/src/VM/vm.o
                0x0810bce2                equTOD(WM_TIME_OF_DAY, WM_TIME_OF_DAY)
 .text._Z16equDATE_AND_TIME16WM_DATE_AND_TIMES_
                0x0810bd06       0x56 ./Core/Lib/CPDevVM/src/VM/vm.o
                0x0810bd06                equDATE_AND_TIME(WM_DATE_AND_TIME, WM_DATE_AND_TIME)
 .text._Z8lessDATE7WM_DATES_
                0x0810bd5c       0x24 ./Core/Lib/CPDevVM/src/VM/vm.o
                0x0810bd5c                lessDATE(WM_DATE, WM_DATE)
 .text._Z7lessTOD14WM_TIME_OF_DAYS_
                0x0810bd80       0x24 ./Core/Lib/CPDevVM/src/VM/vm.o
                0x0810bd80                lessTOD(WM_TIME_OF_DAY, WM_TIME_OF_DAY)
 .text._Z17lessDATE_AND_TIME16WM_DATE_AND_TIMES_
                0x0810bda4       0x6e ./Core/Lib/CPDevVM/src/VM/vm.o
                0x0810bda4                lessDATE_AND_TIME(WM_DATE_AND_TIME, WM_DATE_AND_TIME)
 *fill*         0x0810be12        0x2 
 .text._Z3dowiii
                0x0810be14       0x90 ./Core/Lib/CPDevVM/src/VM/vm.o
                0x0810be14                dow(int, int, int)
 .text._ZN13VMTaskClass3212WMC_PointersEh
                0x0810bea4      0x1e8 ./Core/Lib/CPDevVM/src/VM/vm.o
                0x0810bea4                VMTaskClass32::WMC_Pointers(unsigned char)
 .text._ZN13VMTaskClass3210WMC_StringEh
                0x0810c08c     0x1b68 ./Core/Lib/CPDevVM/src/VM/vm.o
                0x0810c08c                VMTaskClass32::WMC_String(unsigned char)
 .text._Z10copySTRINGP9WM_STRINGsS0_ss
                0x0810dbf4       0x84 ./Core/Lib/CPDevVM/src/VM/vm.o
                0x0810dbf4                copySTRING(WM_STRING*, short, WM_STRING*, short, short)
 .text._Z10lessSTRINGP9WM_STRINGS0_
                0x0810dc78       0x58 ./Core/Lib/CPDevVM/src/VM/vm.o
                0x0810dc78                lessSTRING(WM_STRING*, WM_STRING*)
 .text._Z9equSTRINGP9WM_STRINGS0_
                0x0810dcd0       0x42 ./Core/Lib/CPDevVM/src/VM/vm.o
                0x0810dcd0                equSTRING(WM_STRING*, WM_STRING*)
 .text._Z9midSTRINGP9WM_STRINGS0_ss
                0x0810dd12       0x8e ./Core/Lib/CPDevVM/src/VM/vm.o
                0x0810dd12                midSTRING(WM_STRING*, WM_STRING*, short, short)
 .text._Z10findSTRINGP9WM_STRINGS0_s
                0x0810dda0       0x96 ./Core/Lib/CPDevVM/src/VM/vm.o
                0x0810dda0                findSTRING(WM_STRING*, WM_STRING*, short)
 .text._ZN13VMTaskClass329getSTRINGEmP9WM_STRING
                0x0810de36       0x7e ./Core/Lib/CPDevVM/src/VM/vm.o
                0x0810de36                VMTaskClass32::getSTRING(unsigned long, WM_STRING*)
 .text._ZN13VMTaskClass329setSTRINGEmP9WM_STRING
                0x0810deb4       0x8e ./Core/Lib/CPDevVM/src/VM/vm.o
                0x0810deb4                VMTaskClass32::setSTRING(unsigned long, WM_STRING*)
 .text._ZN13VMTaskClass3217push_DataOfsStackEm
                0x0810df42       0x38 ./Core/Lib/CPDevVM/src/VM/vm.o
                0x0810df42                VMTaskClass32::push_DataOfsStack(unsigned long)
 .text._ZN13VMTaskClass3217pull_DataOfsStackEv
                0x0810df7a       0x58 ./Core/Lib/CPDevVM/src/VM/vm.o
                0x0810df7a                VMTaskClass32::pull_DataOfsStack()
 .text._ZN13VMTaskClass3217push_CallingStackEm
                0x0810dfd2       0x34 ./Core/Lib/CPDevVM/src/VM/vm.o
                0x0810dfd2                VMTaskClass32::push_CallingStack(unsigned long)
 .text._ZN13VMTaskClass3217pull_CallingStackEv
                0x0810e006       0x54 ./Core/Lib/CPDevVM/src/VM/vm.o
                0x0810e006                VMTaskClass32::pull_CallingStack()
 .text._ZN13VMTaskClass3212clear_StacksEv
                0x0810e05a       0x28 ./Core/Lib/CPDevVM/src/VM/vm.o
                0x0810e05a                VMTaskClass32::clear_Stacks()
 .text._ZN13VMTaskClass3216WM_InitRegistersEv
                0x0810e082       0x74 ./Core/Lib/CPDevVM/src/VM/vm.o
                0x0810e082                VMTaskClass32::WM_InitRegisters()
 *fill*         0x0810e0f6        0x2 
 .text._ZN13VMTaskClass3213WM_RunCommandEv
                0x0810e0f8      0x2a4 ./Core/Lib/CPDevVM/src/VM/vm.o
                0x0810e0f8                VMTaskClass32::WM_RunCommand()
 .text._ZN13VMTaskClass3213WM_InitializeEi
                0x0810e39c       0xb2 ./Core/Lib/CPDevVM/src/VM/vm.o
                0x0810e39c                VMTaskClass32::WM_Initialize(int)
 .text._ZN13VMTaskClass3211WM_RunCycleEv
                0x0810e44e       0x98 ./Core/Lib/CPDevVM/src/VM/vm.o
                0x0810e44e                VMTaskClass32::WM_RunCycle()
 .text._ZN13VMTaskClass3211WM_ShutdownEv
                0x0810e4e6       0x4c ./Core/Lib/CPDevVM/src/VM/vm.o
                0x0810e4e6                VMTaskClass32::WM_Shutdown()
 .text._ZN13VMTaskClass3210WM_GetDataEmhPh
                0x0810e532       0x30 ./Core/Lib/CPDevVM/src/VM/vm.o
                0x0810e532                VMTaskClass32::WM_GetData(unsigned long, unsigned char, unsigned char*)
 .text._ZN13VMTaskClass3210WM_SetDataEmhPh
                0x0810e562       0x30 ./Core/Lib/CPDevVM/src/VM/vm.o
                0x0810e562                VMTaskClass32::WM_SetData(unsigned long, unsigned char, unsigned char*)
 .text._ZN13VMTaskClass3214GetProgramWordEv
                0x0810e592       0x40 ./Core/Lib/CPDevVM/src/VM/vmfunc/vm_data_access.o
                0x0810e592                VMTaskClass32::GetProgramWord()
 .text._ZN13VMTaskClass3215GetProgramDWordEv
                0x0810e5d2       0x3e ./Core/Lib/CPDevVM/src/VM/vmfunc/vm_data_access.o
                0x0810e5d2                VMTaskClass32::GetProgramDWord()
 .text._ZN13VMTaskClass3217GetProgramAddressEv
                0x0810e610       0x3e ./Core/Lib/CPDevVM/src/VM/vmfunc/vm_data_access.o
                0x0810e610                VMTaskClass32::GetProgramAddress()
 .text._ZN13VMTaskClass327getREALEm
                0x0810e64e       0x38 ./Core/Lib/CPDevVM/src/VM/vmfunc/vm_data_access.o
                0x0810e64e                VMTaskClass32::getREAL(unsigned long)
 .text._ZN13VMTaskClass327setREALEmf
                0x0810e686       0x34 ./Core/Lib/CPDevVM/src/VM/vmfunc/vm_data_access.o
                0x0810e686                VMTaskClass32::setREAL(unsigned long, float)
 .text._ZN13VMTaskClass328getLREALEm
                0x0810e6ba       0x40 ./Core/Lib/CPDevVM/src/VM/vmfunc/vm_data_access.o
                0x0810e6ba                VMTaskClass32::getLREAL(unsigned long)
 .text._ZN13VMTaskClass328setLREALEmd
                0x0810e6fa       0x38 ./Core/Lib/CPDevVM/src/VM/vmfunc/vm_data_access.o
                0x0810e6fa                VMTaskClass32::setLREAL(unsigned long, double)
 .text._ZN13VMTaskClass326getINTEm
                0x0810e732       0x36 ./Core/Lib/CPDevVM/src/VM/vmfunc/vm_data_access.o
                0x0810e732                VMTaskClass32::getINT(unsigned long)
 .text._ZN13VMTaskClass326setINTEms
                0x0810e768       0x34 ./Core/Lib/CPDevVM/src/VM/vmfunc/vm_data_access.o
                0x0810e768                VMTaskClass32::setINT(unsigned long, short)
 .text._ZN13VMTaskClass327getDINTEm
                0x0810e79c       0x32 ./Core/Lib/CPDevVM/src/VM/vmfunc/vm_data_access.o
                0x0810e79c                VMTaskClass32::getDINT(unsigned long)
 .text._ZN13VMTaskClass327setDINTEml
                0x0810e7ce       0x32 ./Core/Lib/CPDevVM/src/VM/vmfunc/vm_data_access.o
                0x0810e7ce                VMTaskClass32::setDINT(unsigned long, long)
 .text._ZN13VMTaskClass327getLINTEm
                0x0810e800       0x38 ./Core/Lib/CPDevVM/src/VM/vmfunc/vm_data_access.o
                0x0810e800                VMTaskClass32::getLINT(unsigned long)
 .text._ZN13VMTaskClass327setLINTEmx
                0x0810e838       0x38 ./Core/Lib/CPDevVM/src/VM/vmfunc/vm_data_access.o
                0x0810e838                VMTaskClass32::setLINT(unsigned long, long long)
 .text._ZN13VMTaskClass3215VMP_PostProgramEv
                0x0810e870       0x14 ./Core/Lib/CPDevVM/src/vm_arduino.o
                0x0810e870                VMTaskClass32::VMP_PostProgram()
 .text._ZN13VMTaskClass3217VMP_FlashDataReadEtt
                0x0810e884       0x1e ./Core/Lib/CPDevVM/src/vm_arduino.o
                0x0810e884                VMTaskClass32::VMP_FlashDataRead(unsigned short, unsigned short)
 .text._ZN13VMTaskClass3218VMP_FlashDataWriteEtt
                0x0810e8a2       0x1e ./Core/Lib/CPDevVM/src/vm_arduino.o
                0x0810e8a2                VMTaskClass32::VMP_FlashDataWrite(unsigned short, unsigned short)
 .text._ZN13VMTaskClass3220VMP_FlashDataControlEt
                0x0810e8c0       0x1a ./Core/Lib/CPDevVM/src/vm_arduino.o
                0x0810e8c0                VMTaskClass32::VMP_FlashDataControl(unsigned short)
 .text._ZN13VMTaskClass3212VMP_WriteRTCEP16WM_DATE_AND_TIME
                0x0810e8da       0x18 ./Core/Lib/CPDevVM/src/vm_arduino.o
                0x0810e8da                VMTaskClass32::VMP_WriteRTC(WM_DATE_AND_TIME*)
 .text._ZN13VMTaskClass3219VMP_ExecNativeBlockEtm
                0x0810e8f2       0x1c ./Core/Lib/CPDevVM/src/vm_arduino.o
                0x0810e8f2                VMTaskClass32::VMP_ExecNativeBlock(unsigned short, unsigned long)
 .text._ZN13VMTaskClass3219VMP_InitNativeBlockEtm
                0x0810e90e       0x1c ./Core/Lib/CPDevVM/src/vm_arduino.o
                0x0810e90e                VMTaskClass32::VMP_InitNativeBlock(unsigned short, unsigned long)
 .text._ZN9VMArduino22VMP_LoadProgramAndDataEPKwi
                0x0810e92a       0x1c ./Core/Lib/CPDevVM/src/vm_arduino.o
                0x0810e92a                VMArduino::VMP_LoadProgramAndData(wchar_t const*, int)
 .text._ZN9VMArduino24VMP_LoadProgramFromArrayEPKhi
                0x0810e946       0x5a ./Core/Lib/CPDevVM/src/vm_arduino.o
                0x0810e946                VMArduino::VMP_LoadProgramFromArray(unsigned char const*, int)
 .text._ZN9VMArduino9VMP_DebugEht
                0x0810e9a0       0x26 ./Core/Lib/CPDevVM/src/vm_arduino.o
                0x0810e9a0                VMArduino::VMP_Debug(unsigned char, unsigned short)
 .text._ZN9VMArduino12VMP_PreCycleEv
                0x0810e9c6       0x26 ./Core/Lib/CPDevVM/src/vm_arduino.o
                0x0810e9c6                VMArduino::VMP_PreCycle()
 .text._ZN9VMArduino13VMP_PostCycleEv
                0x0810e9ec       0xb2 ./Core/Lib/CPDevVM/src/vm_arduino.o
                0x0810e9ec                VMArduino::VMP_PostCycle()
 .text._ZN9VMArduino14VMP_PreProgramEv
                0x0810ea9e       0x1c ./Core/Lib/CPDevVM/src/vm_arduino.o
                0x0810ea9e                VMArduino::VMP_PreProgram()
 .text._ZN9VMArduino18VMP_PreNextCommandEv
                0x0810eaba       0x14 ./Core/Lib/CPDevVM/src/vm_arduino.o
                0x0810eaba                VMArduino::VMP_PreNextCommand()
 .text._ZN9VMArduino11VMP_ReadRTCEP16WM_DATE_AND_TIME
                0x0810eace       0x16 ./Core/Lib/CPDevVM/src/vm_arduino.o
                0x0810eace                VMArduino::VMP_ReadRTC(WM_DATE_AND_TIME*)
 .text._ZN9VMArduino15VMP_CurrentTimeEv
                0x0810eae4       0x16 ./Core/Lib/CPDevVM/src/vm_arduino.o
                0x0810eae4                VMArduino::VMP_CurrentTime()
 *fill*         0x0810eafa        0x2 
 .text._ZN9VMArduino13VMP_GetRandomEv
                0x0810eafc       0x38 ./Core/Lib/CPDevVM/src/vm_arduino.o
                0x0810eafc                VMArduino::VMP_GetRandom()
 .text._ZN13VMTaskClass32C2Ev
                0x0810eb34       0x44 ./Core/Src/main.o
                0x0810eb34                VMTaskClass32::VMTaskClass32()
                0x0810eb34                VMTaskClass32::VMTaskClass32()
 .text._ZN13VMTaskClass3213VMP_PostCycleEv
                0x0810eb78       0x14 ./Core/Src/main.o
                0x0810eb78                VMTaskClass32::VMP_PostCycle()
 .text._ZN13VMTaskClass3212VMP_PreCycleEv
                0x0810eb8c       0x14 ./Core/Src/main.o
                0x0810eb8c                VMTaskClass32::VMP_PreCycle()
 .text._ZN13VMTaskClass329VMP_DebugEht
                0x0810eba0       0x1c ./Core/Src/main.o
                0x0810eba0                VMTaskClass32::VMP_Debug(unsigned char, unsigned short)
 .text._ZN13VMTaskClass3218VMP_PreNextCommandEv
                0x0810ebbc       0x14 ./Core/Src/main.o
                0x0810ebbc                VMTaskClass32::VMP_PreNextCommand()
 .text._ZN13VMTaskClass3214VMP_PreProgramEv
                0x0810ebd0       0x14 ./Core/Src/main.o
                0x0810ebd0                VMTaskClass32::VMP_PreProgram()
 .text._ZN13VMTaskClass3211VMP_ReadRTCEP16WM_DATE_AND_TIME
                0x0810ebe4       0x4e ./Core/Src/main.o
                0x0810ebe4                VMTaskClass32::VMP_ReadRTC(WM_DATE_AND_TIME*)
 *fill*         0x0810ec32        0x2 
 .text._ZN9VMArduinoC2Ev
                0x0810ec34       0x24 ./Core/Src/main.o
                0x0810ec34                VMArduino::VMArduino()
                0x0810ec34                VMArduino::VMArduino()
 .text.main     0x0810ec58      0x1c4 ./Core/Src/main.o
                0x0810ec58                main
 .text._ZL12MX_ADC1_Initv
                0x0810ee1c      0x114 ./Core/Src/main.o
 .text._ZL12MX_ADC3_Initv
                0x0810ef30       0xdc ./Core/Src/main.o
 .text._ZL15MX_QUADSPI_Initv
                0x0810f00c       0x5c ./Core/Src/main.o
 .text._ZL11MX_RTC_Initv
                0x0810f068       0xb0 ./Core/Src/main.o
 .text._ZL12MX_SPI2_Initv
                0x0810f118       0xb4 ./Core/Src/main.o
 .text._ZL12MX_SPI5_Initv
                0x0810f1cc       0xb4 ./Core/Src/main.o
 .text._ZL11MX_DMA_Initv
                0x0810f280       0x34 ./Core/Src/main.o
 .text._ZL12MX_GPIO_Initv
                0x0810f2b4      0x4ec ./Core/Src/main.o
 .text.Error_Handler
                0x0810f7a0        0xc ./Core/Src/main.o
                0x0810f7a0                Error_Handler
 .text._Z41__static_initialization_and_destruction_0v
                0x0810f7ac       0x14 ./Core/Src/main.o
 .text._GLOBAL__sub_I_hadc1
                0x0810f7c0        0xa ./Core/Src/main.o
 *fill*         0x0810f7ca        0x2 
 .text.HAL_MspInit
                0x0810f7cc       0x40 ./Core/Src/stm32h7xx_hal_msp.o
                0x0810f7cc                HAL_MspInit
 .text.HAL_ADC_MspInit
                0x0810f80c      0x128 ./Core/Src/stm32h7xx_hal_msp.o
                0x0810f80c                HAL_ADC_MspInit
 .text.HAL_QSPI_MspInit
                0x0810f934      0x25c ./Core/Src/stm32h7xx_hal_msp.o
                0x0810f934                HAL_QSPI_MspInit
 .text.HAL_RTC_MspInit
                0x0810fb90       0x64 ./Core/Src/stm32h7xx_hal_msp.o
                0x0810fb90                HAL_RTC_MspInit
 .text.HAL_SPI_MspInit
                0x0810fbf4      0x210 ./Core/Src/stm32h7xx_hal_msp.o
                0x0810fbf4                HAL_SPI_MspInit
 .text.NMI_Handler
                0x0810fe04        0x8 ./Core/Src/stm32h7xx_it.o
                0x0810fe04                NMI_Handler
 .text.HardFault_Handler
                0x0810fe0c        0x8 ./Core/Src/stm32h7xx_it.o
                0x0810fe0c                HardFault_Handler
 .text.MemManage_Handler
                0x0810fe14        0x8 ./Core/Src/stm32h7xx_it.o
                0x0810fe14                MemManage_Handler
 .text.BusFault_Handler
                0x0810fe1c        0x8 ./Core/Src/stm32h7xx_it.o
                0x0810fe1c                BusFault_Handler
 .text.UsageFault_Handler
                0x0810fe24        0x8 ./Core/Src/stm32h7xx_it.o
                0x0810fe24                UsageFault_Handler
 .text.SVC_Handler
                0x0810fe2c        0xe ./Core/Src/stm32h7xx_it.o
                0x0810fe2c                SVC_Handler
 .text.DebugMon_Handler
                0x0810fe3a        0xe ./Core/Src/stm32h7xx_it.o
                0x0810fe3a                DebugMon_Handler
 .text.PendSV_Handler
                0x0810fe48        0xe ./Core/Src/stm32h7xx_it.o
                0x0810fe48                PendSV_Handler
 .text.SysTick_Handler
                0x0810fe56        0xc ./Core/Src/stm32h7xx_it.o
                0x0810fe56                SysTick_Handler
 .text.HSEM2_IRQHandler
                0x0810fe62        0xc ./Core/Src/stm32h7xx_it.o
                0x0810fe62                HSEM2_IRQHandler
 .text._getpid  0x0810fe6e       0x10 ./Core/Src/syscalls.o
                0x0810fe6e                _getpid
 .text._kill    0x0810fe7e       0x20 ./Core/Src/syscalls.o
                0x0810fe7e                _kill
 .text._exit    0x0810fe9e       0x16 ./Core/Src/syscalls.o
                0x0810fe9e                _exit
 .text._read    0x0810feb4       0x3a ./Core/Src/syscalls.o
                0x0810feb4                _read
 .text._write   0x0810feee       0x38 ./Core/Src/syscalls.o
                0x0810feee                _write
 .text._close   0x0810ff26       0x18 ./Core/Src/syscalls.o
                0x0810ff26                _close
 .text._fstat   0x0810ff3e       0x20 ./Core/Src/syscalls.o
                0x0810ff3e                _fstat
 .text._isatty  0x0810ff5e       0x16 ./Core/Src/syscalls.o
                0x0810ff5e                _isatty
 .text._lseek   0x0810ff74       0x1a ./Core/Src/syscalls.o
                0x0810ff74                _lseek
 *fill*         0x0810ff8e        0x2 
 .text._sbrk    0x0810ff90       0x6c ./Core/Src/sysmem.o
                0x0810ff90                _sbrk
 .text.Reset_Handler
                0x0810fffc       0x54 ./Core/Startup/startup_stm32h747xihx.o
                0x0810fffc                Reset_Handler
 .text.Default_Handler
                0x08110050        0x2 ./Core/Startup/startup_stm32h747xihx.o
                0x08110050                RTC_Alarm_IRQHandler
                0x08110050                EXTI2_IRQHandler
                0x08110050                TIM8_CC_IRQHandler
                0x08110050                HRTIM1_Master_IRQHandler
                0x08110050                UART8_IRQHandler
                0x08110050                SPI4_IRQHandler
                0x08110050                TIM1_CC_IRQHandler
                0x08110050                BDMA_Channel6_IRQHandler
                0x08110050                DMA2_Stream5_IRQHandler
                0x08110050                HRTIM1_FLT_IRQHandler
                0x08110050                JPEG_IRQHandler
                0x08110050                DMA1_Stream5_IRQHandler
                0x08110050                BDMA_Channel1_IRQHandler
                0x08110050                HRTIM1_TIMD_IRQHandler
                0x08110050                TAMP_STAMP_IRQHandler
                0x08110050                EXTI3_IRQHandler
                0x08110050                LPTIM4_IRQHandler
                0x08110050                TIM8_TRG_COM_TIM14_IRQHandler
                0x08110050                LPTIM2_IRQHandler
                0x08110050                DFSDM1_FLT1_IRQHandler
                0x08110050                DMAMUX2_OVR_IRQHandler
                0x08110050                TIM8_UP_TIM13_IRQHandler
                0x08110050                I2C3_ER_IRQHandler
                0x08110050                DFSDM1_FLT2_IRQHandler
                0x08110050                MDMA_IRQHandler
                0x08110050                LPTIM3_IRQHandler
                0x08110050                HSEM1_IRQHandler
                0x08110050                EXTI0_IRQHandler
                0x08110050                I2C2_EV_IRQHandler
                0x08110050                DMA1_Stream2_IRQHandler
                0x08110050                FPU_IRQHandler
                0x08110050                OTG_HS_WKUP_IRQHandler
                0x08110050                FDCAN1_IT1_IRQHandler
                0x08110050                LTDC_ER_IRQHandler
                0x08110050                DMA2_Stream2_IRQHandler
                0x08110050                HRTIM1_TIME_IRQHandler
                0x08110050                SPI1_IRQHandler
                0x08110050                TIM6_DAC_IRQHandler
                0x08110050                DCMI_IRQHandler
                0x08110050                HRTIM1_TIMC_IRQHandler
                0x08110050                DMA2_Stream3_IRQHandler
                0x08110050                SAI2_IRQHandler
                0x08110050                DFSDM1_FLT3_IRQHandler
                0x08110050                USART6_IRQHandler
                0x08110050                TIM17_IRQHandler
                0x08110050                USART3_IRQHandler
                0x08110050                BDMA_Channel7_IRQHandler
                0x08110050                LPTIM5_IRQHandler
                0x08110050                UART5_IRQHandler
                0x08110050                ADC3_IRQHandler
                0x08110050                DMA2_Stream0_IRQHandler
                0x08110050                TIM4_IRQHandler
                0x08110050                BDMA_Channel2_IRQHandler
                0x08110050                QUADSPI_IRQHandler
                0x08110050                I2C1_EV_IRQHandler
                0x08110050                DMA1_Stream6_IRQHandler
                0x08110050                DMAMUX1_OVR_IRQHandler
                0x08110050                DMA1_Stream1_IRQHandler
                0x08110050                TIM16_IRQHandler
                0x08110050                UART4_IRQHandler
                0x08110050                BDMA_Channel5_IRQHandler
                0x08110050                TIM3_IRQHandler
                0x08110050                RCC_IRQHandler
                0x08110050                TIM8_BRK_TIM12_IRQHandler
                0x08110050                TIM1_TRG_COM_IRQHandler
                0x08110050                Default_Handler
                0x08110050                ECC_IRQHandler
                0x08110050                CEC_IRQHandler
                0x08110050                EXTI15_10_IRQHandler
                0x08110050                BDMA_Channel0_IRQHandler
                0x08110050                ADC_IRQHandler
                0x08110050                DMA1_Stream7_IRQHandler
                0x08110050                HRTIM1_TIMA_IRQHandler
                0x08110050                SPI5_IRQHandler
                0x08110050                TIM7_IRQHandler
                0x08110050                SDMMC1_IRQHandler
                0x08110050                TIM5_IRQHandler
                0x08110050                DMA2_Stream7_IRQHandler
                0x08110050                TIM15_IRQHandler
                0x08110050                PVD_AVD_IRQHandler
                0x08110050                I2C3_EV_IRQHandler
                0x08110050                EXTI9_5_IRQHandler
                0x08110050                RTC_WKUP_IRQHandler
                0x08110050                LTDC_IRQHandler
                0x08110050                SAI3_IRQHandler
                0x08110050                ETH_WKUP_IRQHandler
                0x08110050                SPDIF_RX_IRQHandler
                0x08110050                SPI2_IRQHandler
                0x08110050                OTG_HS_EP1_IN_IRQHandler
                0x08110050                DMA1_Stream0_IRQHandler
                0x08110050                CRS_IRQHandler
                0x08110050                CM7_SEV_IRQHandler
                0x08110050                EXTI4_IRQHandler
                0x08110050                RNG_IRQHandler
                0x08110050                CM4_SEV_IRQHandler
                0x08110050                HRTIM1_TIMB_IRQHandler
                0x08110050                FDCAN2_IT1_IRQHandler
                0x08110050                DSI_IRQHandler
                0x08110050                ETH_IRQHandler
                0x08110050                TIM1_UP_IRQHandler
                0x08110050                WWDG_RST_IRQHandler
                0x08110050                BDMA_Channel4_IRQHandler
                0x08110050                OTG_HS_EP1_OUT_IRQHandler
                0x08110050                WWDG_IRQHandler
                0x08110050                SPI6_IRQHandler
                0x08110050                MDIOS_IRQHandler
                0x08110050                I2C4_EV_IRQHandler
                0x08110050                FDCAN2_IT0_IRQHandler
                0x08110050                LPUART1_IRQHandler
                0x08110050                FDCAN1_IT0_IRQHandler
                0x08110050                TIM2_IRQHandler
                0x08110050                OTG_FS_WKUP_IRQHandler
                0x08110050                OTG_HS_IRQHandler
                0x08110050                DMA2D_IRQHandler
                0x08110050                TIM1_BRK_IRQHandler
                0x08110050                EXTI1_IRQHandler
                0x08110050                SDMMC2_IRQHandler
                0x08110050                OTG_FS_EP1_OUT_IRQHandler
                0x08110050                BDMA_Channel3_IRQHandler
                0x08110050                HOLD_CORE_IRQHandler
                0x08110050                UART7_IRQHandler
                0x08110050                MDIOS_WKUP_IRQHandler
                0x08110050                USART2_IRQHandler
                0x08110050                DFSDM1_FLT0_IRQHandler
                0x08110050                SAI4_IRQHandler
                0x08110050                I2C2_ER_IRQHandler
                0x08110050                DMA2_Stream1_IRQHandler
                0x08110050                FLASH_IRQHandler
                0x08110050                DMA2_Stream4_IRQHandler
                0x08110050                USART1_IRQHandler
                0x08110050                OTG_FS_IRQHandler
                0x08110050                SPI3_IRQHandler
                0x08110050                WAKEUP_PIN_IRQHandler
                0x08110050                DMA1_Stream4_IRQHandler
                0x08110050                OTG_FS_EP1_IN_IRQHandler
                0x08110050                I2C1_ER_IRQHandler
                0x08110050                FMC_IRQHandler
                0x08110050                FDCAN_CAL_IRQHandler
                0x08110050                SWPMI1_IRQHandler
                0x08110050                COMP1_IRQHandler
                0x08110050                LPTIM1_IRQHandler
                0x08110050                I2C4_ER_IRQHandler
                0x08110050                DMA2_Stream6_IRQHandler
                0x08110050                SAI1_IRQHandler
                0x08110050                DMA1_Stream3_IRQHandler
 *fill*         0x08110052        0x2 
 .text.HAL_Init
                0x08110054       0xbc ./Drivers/STM32H7xx_HAL_Driver/stm32h7xx_hal.o
                0x08110054                HAL_Init
 .text.HAL_InitTick
                0x08110110       0x6c ./Drivers/STM32H7xx_HAL_Driver/stm32h7xx_hal.o
                0x08110110                HAL_InitTick
 .text.HAL_IncTick
                0x0811017c       0x28 ./Drivers/STM32H7xx_HAL_Driver/stm32h7xx_hal.o
                0x0811017c                HAL_IncTick
 .text.HAL_GetTick
                0x081101a4       0x18 ./Drivers/STM32H7xx_HAL_Driver/stm32h7xx_hal.o
                0x081101a4                HAL_GetTick
 .text.HAL_Delay
                0x081101bc       0x48 ./Drivers/STM32H7xx_HAL_Driver/stm32h7xx_hal.o
                0x081101bc                HAL_Delay
 .text.HAL_GetREVID
                0x08110204       0x18 ./Drivers/STM32H7xx_HAL_Driver/stm32h7xx_hal.o
                0x08110204                HAL_GetREVID
 .text.HAL_SYSCFG_AnalogSwitchConfig
                0x0811021c       0x2c ./Drivers/STM32H7xx_HAL_Driver/stm32h7xx_hal.o
                0x0811021c                HAL_SYSCFG_AnalogSwitchConfig
 .text.LL_ADC_SetCommonClock
                0x08110248       0x26 ./Drivers/STM32H7xx_HAL_Driver/stm32h7xx_hal_adc.o
 .text.LL_ADC_SetCommonPathInternalCh
                0x0811026e       0x26 ./Drivers/STM32H7xx_HAL_Driver/stm32h7xx_hal_adc.o
 .text.LL_ADC_GetCommonPathInternalCh
                0x08110294       0x1c ./Drivers/STM32H7xx_HAL_Driver/stm32h7xx_hal_adc.o
 .text.LL_ADC_SetChannelPreselection
                0x081102b0       0x66 ./Drivers/STM32H7xx_HAL_Driver/stm32h7xx_hal_adc.o
 .text.LL_ADC_SetOffset
                0x08110316       0x40 ./Drivers/STM32H7xx_HAL_Driver/stm32h7xx_hal_adc.o
 .text.LL_ADC_SetDataRightShift
                0x08110356       0x32 ./Drivers/STM32H7xx_HAL_Driver/stm32h7xx_hal_adc.o
 .text.LL_ADC_SetOffsetSignedSaturation
                0x08110388       0x36 ./Drivers/STM32H7xx_HAL_Driver/stm32h7xx_hal_adc.o
 .text.LL_ADC_REG_SetSequencerRanks
                0x081103be       0x58 ./Drivers/STM32H7xx_HAL_Driver/stm32h7xx_hal_adc.o
 .text.LL_ADC_SetChannelSamplingTime
                0x08110416       0x56 ./Drivers/STM32H7xx_HAL_Driver/stm32h7xx_hal_adc.o
 .text.LL_ADC_SetChannelSingleDiff
                0x0811046c       0x48 ./Drivers/STM32H7xx_HAL_Driver/stm32h7xx_hal_adc.o
 .text.LL_ADC_DisableDeepPowerDown
                0x081104b4       0x24 ./Drivers/STM32H7xx_HAL_Driver/stm32h7xx_hal_adc.o
 .text.LL_ADC_IsDeepPowerDownEnabled
                0x081104d8       0x28 ./Drivers/STM32H7xx_HAL_Driver/stm32h7xx_hal_adc.o
 .text.LL_ADC_EnableInternalRegulator
                0x08110500       0x28 ./Drivers/STM32H7xx_HAL_Driver/stm32h7xx_hal_adc.o
 .text.LL_ADC_IsInternalRegulatorEnabled
                0x08110528       0x28 ./Drivers/STM32H7xx_HAL_Driver/stm32h7xx_hal_adc.o
 .text.LL_ADC_IsEnabled
                0x08110550       0x26 ./Drivers/STM32H7xx_HAL_Driver/stm32h7xx_hal_adc.o
 .text.LL_ADC_REG_IsConversionOngoing
                0x08110576       0x26 ./Drivers/STM32H7xx_HAL_Driver/stm32h7xx_hal_adc.o
 .text.LL_ADC_INJ_IsConversionOngoing
                0x0811059c       0x26 ./Drivers/STM32H7xx_HAL_Driver/stm32h7xx_hal_adc.o
 *fill*         0x081105c2        0x2 
 .text.HAL_ADC_Init
                0x081105c4      0x344 ./Drivers/STM32H7xx_HAL_Driver/stm32h7xx_hal_adc.o
                0x081105c4                HAL_ADC_Init
 .text.HAL_ADC_ConfigChannel
                0x08110908      0x5e0 ./Drivers/STM32H7xx_HAL_Driver/stm32h7xx_hal_adc.o
                0x08110908                HAL_ADC_ConfigChannel
 .text.ADC_ConfigureBoostMode
                0x08110ee8      0x218 ./Drivers/STM32H7xx_HAL_Driver/stm32h7xx_hal_adc.o
                0x08110ee8                ADC_ConfigureBoostMode
 .text.LL_ADC_IsEnabled
                0x08111100       0x26 ./Drivers/STM32H7xx_HAL_Driver/stm32h7xx_hal_adc_ex.o
 .text.LL_ADC_REG_IsConversionOngoing
                0x08111126       0x26 ./Drivers/STM32H7xx_HAL_Driver/stm32h7xx_hal_adc_ex.o
 .text.HAL_ADCEx_MultiModeConfigChannel
                0x0811114c      0x1c4 ./Drivers/STM32H7xx_HAL_Driver/stm32h7xx_hal_adc_ex.o
                0x0811114c                HAL_ADCEx_MultiModeConfigChannel
 .text.__NVIC_SetPriorityGrouping
                0x08111310       0x48 ./Drivers/STM32H7xx_HAL_Driver/stm32h7xx_hal_cortex.o
 .text.__NVIC_GetPriorityGrouping
                0x08111358       0x1c ./Drivers/STM32H7xx_HAL_Driver/stm32h7xx_hal_cortex.o
 .text.__NVIC_EnableIRQ
                0x08111374       0x3c ./Drivers/STM32H7xx_HAL_Driver/stm32h7xx_hal_cortex.o
 .text.__NVIC_SetPriority
                0x081113b0       0x54 ./Drivers/STM32H7xx_HAL_Driver/stm32h7xx_hal_cortex.o
 .text.NVIC_EncodePriority
                0x08111404       0x66 ./Drivers/STM32H7xx_HAL_Driver/stm32h7xx_hal_cortex.o
 *fill*         0x0811146a        0x2 
 .text.SysTick_Config
                0x0811146c       0x44 ./Drivers/STM32H7xx_HAL_Driver/stm32h7xx_hal_cortex.o
 .text.HAL_NVIC_SetPriorityGrouping
                0x081114b0       0x16 ./Drivers/STM32H7xx_HAL_Driver/stm32h7xx_hal_cortex.o
                0x081114b0                HAL_NVIC_SetPriorityGrouping
 .text.HAL_NVIC_SetPriority
                0x081114c6       0x34 ./Drivers/STM32H7xx_HAL_Driver/stm32h7xx_hal_cortex.o
                0x081114c6                HAL_NVIC_SetPriority
 .text.HAL_NVIC_EnableIRQ
                0x081114fa       0x1c ./Drivers/STM32H7xx_HAL_Driver/stm32h7xx_hal_cortex.o
                0x081114fa                HAL_NVIC_EnableIRQ
 .text.HAL_SYSTICK_Config
                0x08111516       0x18 ./Drivers/STM32H7xx_HAL_Driver/stm32h7xx_hal_cortex.o
                0x08111516                HAL_SYSTICK_Config
 *fill*         0x0811152e        0x2 
 .text.HAL_GetCurrentCPUID
                0x08111530       0x24 ./Drivers/STM32H7xx_HAL_Driver/stm32h7xx_hal_cortex.o
                0x08111530                HAL_GetCurrentCPUID
 .text.HAL_GPIO_Init
                0x08111554      0x360 ./Drivers/STM32H7xx_HAL_Driver/stm32h7xx_hal_gpio.o
                0x08111554                HAL_GPIO_Init
 .text.HAL_GPIO_WritePin
                0x081118b4       0x32 ./Drivers/STM32H7xx_HAL_Driver/stm32h7xx_hal_gpio.o
                0x081118b4                HAL_GPIO_WritePin
 *fill*         0x081118e6        0x2 
 .text.HAL_HSEM_Take
                0x081118e8       0x48 ./Drivers/STM32H7xx_HAL_Driver/stm32h7xx_hal_hsem.o
                0x081118e8                HAL_HSEM_Take
 .text.HAL_HSEM_Release
                0x08111930       0x28 ./Drivers/STM32H7xx_HAL_Driver/stm32h7xx_hal_hsem.o
                0x08111930                HAL_HSEM_Release
 .text.HAL_HSEM_ActivateNotification
                0x08111958       0x24 ./Drivers/STM32H7xx_HAL_Driver/stm32h7xx_hal_hsem.o
                0x08111958                HAL_HSEM_ActivateNotification
 .text.HAL_HSEM_IRQHandler
                0x0811197c       0x34 ./Drivers/STM32H7xx_HAL_Driver/stm32h7xx_hal_hsem.o
                0x0811197c                HAL_HSEM_IRQHandler
 .text.HAL_HSEM_FreeCallback
                0x081119b0       0x14 ./Drivers/STM32H7xx_HAL_Driver/stm32h7xx_hal_hsem.o
                0x081119b0                HAL_HSEM_FreeCallback
 .text.HAL_PWREx_EnterSTOPMode
                0x081119c4       0xf4 ./Drivers/STM32H7xx_HAL_Driver/stm32h7xx_hal_pwr_ex.o
                0x081119c4                HAL_PWREx_EnterSTOPMode
 .text.HAL_PWREx_ClearPendingEvent
                0x08111ab8       0x1a ./Drivers/STM32H7xx_HAL_Driver/stm32h7xx_hal_pwr_ex.o
                0x08111ab8                HAL_PWREx_ClearPendingEvent
 *fill*         0x08111ad2        0x2 
 .text.HAL_QSPI_Init
                0x08111ad4       0xe8 ./Drivers/STM32H7xx_HAL_Driver/stm32h7xx_hal_qspi.o
                0x08111ad4                HAL_QSPI_Init
 .text.HAL_QSPI_SetTimeout
                0x08111bbc       0x1c ./Drivers/STM32H7xx_HAL_Driver/stm32h7xx_hal_qspi.o
                0x08111bbc                HAL_QSPI_SetTimeout
 .text.QSPI_WaitFlagStateUntilTimeout
                0x08111bd8       0x6e ./Drivers/STM32H7xx_HAL_Driver/stm32h7xx_hal_qspi.o
 *fill*         0x08111c46        0x2 
 .text.HAL_RCC_GetSysClockFreq
                0x08111c48      0x2f4 ./Drivers/STM32H7xx_HAL_Driver/stm32h7xx_hal_rcc.o
                0x08111c48                HAL_RCC_GetSysClockFreq
 .text.HAL_RCC_GetHCLKFreq
                0x08111f3c       0x64 ./Drivers/STM32H7xx_HAL_Driver/stm32h7xx_hal_rcc.o
                0x08111f3c                HAL_RCC_GetHCLKFreq
 .text.HAL_RCC_GetPCLK1Freq
                0x08111fa0       0x2c ./Drivers/STM32H7xx_HAL_Driver/stm32h7xx_hal_rcc.o
                0x08111fa0                HAL_RCC_GetPCLK1Freq
 .text.HAL_RCCEx_PeriphCLKConfig
                0x08111fcc     0x1494 ./Drivers/STM32H7xx_HAL_Driver/stm32h7xx_hal_rcc_ex.o
                0x08111fcc                HAL_RCCEx_PeriphCLKConfig
 .text.HAL_RCCEx_GetPeriphCLKFreq
                0x08113460      0xb00 ./Drivers/STM32H7xx_HAL_Driver/stm32h7xx_hal_rcc_ex.o
                0x08113460                HAL_RCCEx_GetPeriphCLKFreq
 .text.HAL_RCCEx_GetD3PCLK1Freq
                0x08113f60       0x2c ./Drivers/STM32H7xx_HAL_Driver/stm32h7xx_hal_rcc_ex.o
                0x08113f60                HAL_RCCEx_GetD3PCLK1Freq
 .text.HAL_RCCEx_GetPLL2ClockFreq
                0x08113f8c      0x2a8 ./Drivers/STM32H7xx_HAL_Driver/stm32h7xx_hal_rcc_ex.o
                0x08113f8c                HAL_RCCEx_GetPLL2ClockFreq
 .text.HAL_RCCEx_GetPLL3ClockFreq
                0x08114234      0x2a8 ./Drivers/STM32H7xx_HAL_Driver/stm32h7xx_hal_rcc_ex.o
                0x08114234                HAL_RCCEx_GetPLL3ClockFreq
 .text.HAL_RCCEx_GetPLL1ClockFreq
                0x081144dc      0x2a4 ./Drivers/STM32H7xx_HAL_Driver/stm32h7xx_hal_rcc_ex.o
                0x081144dc                HAL_RCCEx_GetPLL1ClockFreq
 .text.RCCEx_PLL2_Config
                0x08114780      0x164 ./Drivers/STM32H7xx_HAL_Driver/stm32h7xx_hal_rcc_ex.o
 .text.RCCEx_PLL3_Config
                0x081148e4      0x164 ./Drivers/STM32H7xx_HAL_Driver/stm32h7xx_hal_rcc_ex.o
 .text.HAL_RTC_Init
                0x08114a48      0x104 ./Drivers/STM32H7xx_HAL_Driver/stm32h7xx_hal_rtc.o
                0x08114a48                HAL_RTC_Init
 .text.HAL_RTC_WaitForSynchro
                0x08114b4c       0x48 ./Drivers/STM32H7xx_HAL_Driver/stm32h7xx_hal_rtc.o
                0x08114b4c                HAL_RTC_WaitForSynchro
 .text.RTC_EnterInitMode
                0x08114b94       0x66 ./Drivers/STM32H7xx_HAL_Driver/stm32h7xx_hal_rtc.o
                0x08114b94                RTC_EnterInitMode
 *fill*         0x08114bfa        0x2 
 .text.RTC_ExitInitMode
                0x08114bfc       0x7c ./Drivers/STM32H7xx_HAL_Driver/stm32h7xx_hal_rtc.o
                0x08114bfc                RTC_ExitInitMode
 .text.HAL_RTCEx_SetTamper
                0x08114c78      0x1be ./Drivers/STM32H7xx_HAL_Driver/stm32h7xx_hal_rtc_ex.o
                0x08114c78                HAL_RTCEx_SetTamper
 *fill*         0x08114e36        0x2 
 .text.HAL_SPI_Init
                0x08114e38      0x248 ./Drivers/STM32H7xx_HAL_Driver/stm32h7xx_hal_spi.o
                0x08114e38                HAL_SPI_Init
 .text.SPI_GetPacketSize
                0x08115080       0x36 ./Drivers/STM32H7xx_HAL_Driver/stm32h7xx_hal_spi.o
 .text.HAL_UART_Transmit
                0x081150b6      0x11c ./Drivers/STM32H7xx_HAL_Driver/stm32h7xx_hal_uart.o
                0x081150b6                HAL_UART_Transmit
 .text.UART_WaitOnFlagUntilTimeout
                0x081151d2       0xda ./Drivers/STM32H7xx_HAL_Driver/stm32h7xx_hal_uart.o
                0x081151d2                UART_WaitOnFlagUntilTimeout
 .text.UART_EndRxTransfer
                0x081152ac       0xcc ./Drivers/STM32H7xx_HAL_Driver/stm32h7xx_hal_uart.o
 .text.acos     0x08115378       0x68 C:/ST/STM32CubeIDE_1.18.0/STM32CubeIDE/plugins/com.st.stm32cube.ide.mcu.externaltools.gnu-tools-for-stm32.13.3.rel1.win32_1.0.0.202411081344/tools/bin/../lib/gcc/arm-none-eabi/13.3.1/../../../../arm-none-eabi/lib/thumb/v7e-m+fp/hard\libm.a(libm_a-w_acos.o)
                0x08115378                acos
 .text.asin     0x081153e0       0x68 C:/ST/STM32CubeIDE_1.18.0/STM32CubeIDE/plugins/com.st.stm32cube.ide.mcu.externaltools.gnu-tools-for-stm32.13.3.rel1.win32_1.0.0.202411081344/tools/bin/../lib/gcc/arm-none-eabi/13.3.1/../../../../arm-none-eabi/lib/thumb/v7e-m+fp/hard\libm.a(libm_a-w_asin.o)
                0x081153e0                asin
 .text.exp      0x08115448       0x90 C:/ST/STM32CubeIDE_1.18.0/STM32CubeIDE/plugins/com.st.stm32cube.ide.mcu.externaltools.gnu-tools-for-stm32.13.3.rel1.win32_1.0.0.202411081344/tools/bin/../lib/gcc/arm-none-eabi/13.3.1/../../../../arm-none-eabi/lib/thumb/v7e-m+fp/hard\libm.a(libm_a-w_exp.o)
                0x08115448                exp
 .text.log      0x081154d8       0x7c C:/ST/STM32CubeIDE_1.18.0/STM32CubeIDE/plugins/com.st.stm32cube.ide.mcu.externaltools.gnu-tools-for-stm32.13.3.rel1.win32_1.0.0.202411081344/tools/bin/../lib/gcc/arm-none-eabi/13.3.1/../../../../arm-none-eabi/lib/thumb/v7e-m+fp/hard\libm.a(libm_a-w_log.o)
                0x081154d8                log
 *fill*         0x08115554        0x4 
 .text.log10    0x08115558       0x7c C:/ST/STM32CubeIDE_1.18.0/STM32CubeIDE/plugins/com.st.stm32cube.ide.mcu.externaltools.gnu-tools-for-stm32.13.3.rel1.win32_1.0.0.202411081344/tools/bin/../lib/gcc/arm-none-eabi/13.3.1/../../../../arm-none-eabi/lib/thumb/v7e-m+fp/hard\libm.a(libm_a-w_log10.o)
                0x08115558                log10
 .text.sqrt     0x081155d4       0x58 C:/ST/STM32CubeIDE_1.18.0/STM32CubeIDE/plugins/com.st.stm32cube.ide.mcu.externaltools.gnu-tools-for-stm32.13.3.rel1.win32_1.0.0.202411081344/tools/bin/../lib/gcc/arm-none-eabi/13.3.1/../../../../arm-none-eabi/lib/thumb/v7e-m+fp/hard\libm.a(libm_a-w_sqrt.o)
                0x081155d4                sqrt
 *fill*         0x0811562c        0x4 
 .text.atan     0x08115630      0x330 C:/ST/STM32CubeIDE_1.18.0/STM32CubeIDE/plugins/com.st.stm32cube.ide.mcu.externaltools.gnu-tools-for-stm32.13.3.rel1.win32_1.0.0.202411081344/tools/bin/../lib/gcc/arm-none-eabi/13.3.1/../../../../arm-none-eabi/lib/thumb/v7e-m+fp/hard\libm.a(libm_a-s_atan.o)
                0x08115630                atan
 .text.cos      0x08115960       0xa8 C:/ST/STM32CubeIDE_1.18.0/STM32CubeIDE/plugins/com.st.stm32cube.ide.mcu.externaltools.gnu-tools-for-stm32.13.3.rel1.win32_1.0.0.202411081344/tools/bin/../lib/gcc/arm-none-eabi/13.3.1/../../../../arm-none-eabi/lib/thumb/v7e-m+fp/hard\libm.a(libm_a-s_cos.o)
                0x08115960                cos
 .text.fabs     0x08115a08       0x10 C:/ST/STM32CubeIDE_1.18.0/STM32CubeIDE/plugins/com.st.stm32cube.ide.mcu.externaltools.gnu-tools-for-stm32.13.3.rel1.win32_1.0.0.202411081344/tools/bin/../lib/gcc/arm-none-eabi/13.3.1/../../../../arm-none-eabi/lib/thumb/v7e-m+fp/hard\libm.a(libm_a-s_fabs.o)
                0x08115a08                fabs
 .text.sin      0x08115a18       0xa8 C:/ST/STM32CubeIDE_1.18.0/STM32CubeIDE/plugins/com.st.stm32cube.ide.mcu.externaltools.gnu-tools-for-stm32.13.3.rel1.win32_1.0.0.202411081344/tools/bin/../lib/gcc/arm-none-eabi/13.3.1/../../../../arm-none-eabi/lib/thumb/v7e-m+fp/hard\libm.a(libm_a-s_sin.o)
                0x08115a18                sin
 .text.tan      0x08115ac0       0x68 C:/ST/STM32CubeIDE_1.18.0/STM32CubeIDE/plugins/com.st.stm32cube.ide.mcu.externaltools.gnu-tools-for-stm32.13.3.rel1.win32_1.0.0.202411081344/tools/bin/../lib/gcc/arm-none-eabi/13.3.1/../../../../arm-none-eabi/lib/thumb/v7e-m+fp/hard\libm.a(libm_a-s_tan.o)
                0x08115ac0                tan
 .text.acosf    0x08115b28       0x58 C:/ST/STM32CubeIDE_1.18.0/STM32CubeIDE/plugins/com.st.stm32cube.ide.mcu.externaltools.gnu-tools-for-stm32.13.3.rel1.win32_1.0.0.202411081344/tools/bin/../lib/gcc/arm-none-eabi/13.3.1/../../../../arm-none-eabi/lib/thumb/v7e-m+fp/hard\libm.a(libm_a-wf_acos.o)
                0x08115b28                acosf
 .text.asinf    0x08115b80       0x58 C:/ST/STM32CubeIDE_1.18.0/STM32CubeIDE/plugins/com.st.stm32cube.ide.mcu.externaltools.gnu-tools-for-stm32.13.3.rel1.win32_1.0.0.202411081344/tools/bin/../lib/gcc/arm-none-eabi/13.3.1/../../../../arm-none-eabi/lib/thumb/v7e-m+fp/hard\libm.a(libm_a-wf_asin.o)
                0x08115b80                asinf
 .text.expf     0x08115bd8       0x6c C:/ST/STM32CubeIDE_1.18.0/STM32CubeIDE/plugins/com.st.stm32cube.ide.mcu.externaltools.gnu-tools-for-stm32.13.3.rel1.win32_1.0.0.202411081344/tools/bin/../lib/gcc/arm-none-eabi/13.3.1/../../../../arm-none-eabi/lib/thumb/v7e-m+fp/hard\libm.a(libm_a-wf_exp.o)
                0x08115bd8                expf
 .text.logf     0x08115c44       0x5c C:/ST/STM32CubeIDE_1.18.0/STM32CubeIDE/plugins/com.st.stm32cube.ide.mcu.externaltools.gnu-tools-for-stm32.13.3.rel1.win32_1.0.0.202411081344/tools/bin/../lib/gcc/arm-none-eabi/13.3.1/../../../../arm-none-eabi/lib/thumb/v7e-m+fp/hard\libm.a(libm_a-wf_log.o)
                0x08115c44                logf
 .text.log10f   0x08115ca0       0x5c C:/ST/STM32CubeIDE_1.18.0/STM32CubeIDE/plugins/com.st.stm32cube.ide.mcu.externaltools.gnu-tools-for-stm32.13.3.rel1.win32_1.0.0.202411081344/tools/bin/../lib/gcc/arm-none-eabi/13.3.1/../../../../arm-none-eabi/lib/thumb/v7e-m+fp/hard\libm.a(libm_a-wf_log10.o)
                0x08115ca0                log10f
 .text.sqrtf    0x08115cfc       0x3c C:/ST/STM32CubeIDE_1.18.0/STM32CubeIDE/plugins/com.st.stm32cube.ide.mcu.externaltools.gnu-tools-for-stm32.13.3.rel1.win32_1.0.0.202411081344/tools/bin/../lib/gcc/arm-none-eabi/13.3.1/../../../../arm-none-eabi/lib/thumb/v7e-m+fp/hard\libm.a(libm_a-wf_sqrt.o)
                0x08115cfc                sqrtf
 .text.atanf    0x08115d38      0x1a8 C:/ST/STM32CubeIDE_1.18.0/STM32CubeIDE/plugins/com.st.stm32cube.ide.mcu.externaltools.gnu-tools-for-stm32.13.3.rel1.win32_1.0.0.202411081344/tools/bin/../lib/gcc/arm-none-eabi/13.3.1/../../../../arm-none-eabi/lib/thumb/v7e-m+fp/hard\libm.a(libm_a-sf_atan.o)
                0x08115d38                atanf
 .text.cosf     0x08115ee0       0x88 C:/ST/STM32CubeIDE_1.18.0/STM32CubeIDE/plugins/com.st.stm32cube.ide.mcu.externaltools.gnu-tools-for-stm32.13.3.rel1.win32_1.0.0.202411081344/tools/bin/../lib/gcc/arm-none-eabi/13.3.1/../../../../arm-none-eabi/lib/thumb/v7e-m+fp/hard\libm.a(libm_a-sf_cos.o)
                0x08115ee0                cosf
 .text.fabsf    0x08115f68        0xe C:/ST/STM32CubeIDE_1.18.0/STM32CubeIDE/plugins/com.st.stm32cube.ide.mcu.externaltools.gnu-tools-for-stm32.13.3.rel1.win32_1.0.0.202411081344/tools/bin/../lib/gcc/arm-none-eabi/13.3.1/../../../../arm-none-eabi/lib/thumb/v7e-m+fp/hard\libm.a(libm_a-sf_fabs.o)
                0x08115f68                fabsf
 *fill*         0x08115f76        0x2 
 .text.sinf     0x08115f78       0x8c C:/ST/STM32CubeIDE_1.18.0/STM32CubeIDE/plugins/com.st.stm32cube.ide.mcu.externaltools.gnu-tools-for-stm32.13.3.rel1.win32_1.0.0.202411081344/tools/bin/../lib/gcc/arm-none-eabi/13.3.1/../../../../arm-none-eabi/lib/thumb/v7e-m+fp/hard\libm.a(libm_a-sf_sin.o)
                0x08115f78                sinf
 .text.tanf     0x08116004       0x58 C:/ST/STM32CubeIDE_1.18.0/STM32CubeIDE/plugins/com.st.stm32cube.ide.mcu.externaltools.gnu-tools-for-stm32.13.3.rel1.win32_1.0.0.202411081344/tools/bin/../lib/gcc/arm-none-eabi/13.3.1/../../../../arm-none-eabi/lib/thumb/v7e-m+fp/hard\libm.a(libm_a-sf_tan.o)
                0x08116004                tanf
 .text.finite   0x0811605c       0x16 C:/ST/STM32CubeIDE_1.18.0/STM32CubeIDE/plugins/com.st.stm32cube.ide.mcu.externaltools.gnu-tools-for-stm32.13.3.rel1.win32_1.0.0.202411081344/tools/bin/../lib/gcc/arm-none-eabi/13.3.1/../../../../arm-none-eabi/lib/thumb/v7e-m+fp/hard\libm.a(libm_a-s_finite.o)
                0x0811605c                finite
 *fill*         0x08116072        0x6 
 .text.nan      0x08116078       0x10 C:/ST/STM32CubeIDE_1.18.0/STM32CubeIDE/plugins/com.st.stm32cube.ide.mcu.externaltools.gnu-tools-for-stm32.13.3.rel1.win32_1.0.0.202411081344/tools/bin/../lib/gcc/arm-none-eabi/13.3.1/../../../../arm-none-eabi/lib/thumb/v7e-m+fp/hard\libm.a(libm_a-s_nan.o)
                0x08116078                nan
 .text.finitef  0x08116088       0x14 C:/ST/STM32CubeIDE_1.18.0/STM32CubeIDE/plugins/com.st.stm32cube.ide.mcu.externaltools.gnu-tools-for-stm32.13.3.rel1.win32_1.0.0.202411081344/tools/bin/../lib/gcc/arm-none-eabi/13.3.1/../../../../arm-none-eabi/lib/thumb/v7e-m+fp/hard\libm.a(libm_a-sf_finite.o)
                0x08116088                finitef
 .text.nanf     0x0811609c        0xc C:/ST/STM32CubeIDE_1.18.0/STM32CubeIDE/plugins/com.st.stm32cube.ide.mcu.externaltools.gnu-tools-for-stm32.13.3.rel1.win32_1.0.0.202411081344/tools/bin/../lib/gcc/arm-none-eabi/13.3.1/../../../../arm-none-eabi/lib/thumb/v7e-m+fp/hard\libm.a(libm_a-sf_nan.o)
                0x0811609c                nanf
 .text.__ieee754_sqrt
                0x081160a8      0x1ac C:/ST/STM32CubeIDE_1.18.0/STM32CubeIDE/plugins/com.st.stm32cube.ide.mcu.externaltools.gnu-tools-for-stm32.13.3.rel1.win32_1.0.0.202411081344/tools/bin/../lib/gcc/arm-none-eabi/13.3.1/../../../../arm-none-eabi/lib/thumb/v7e-m+fp/hard\libm.a(libm_a-e_sqrt.o)
                0x081160a8                __ieee754_sqrt
 .text.__ieee754_sqrtf
                0x08116254        0x6 C:/ST/STM32CubeIDE_1.18.0/STM32CubeIDE/plugins/com.st.stm32cube.ide.mcu.externaltools.gnu-tools-for-stm32.13.3.rel1.win32_1.0.0.202411081344/tools/bin/../lib/gcc/arm-none-eabi/13.3.1/../../../../arm-none-eabi/lib/thumb/v7e-m+fp/hard\libm.a(libm_a-ef_sqrt.o)
                0x08116254                __ieee754_sqrtf
 *fill*         0x0811625a        0x6 
 .text.__kernel_cos
                0x08116260      0x18c C:/ST/STM32CubeIDE_1.18.0/STM32CubeIDE/plugins/com.st.stm32cube.ide.mcu.externaltools.gnu-tools-for-stm32.13.3.rel1.win32_1.0.0.202411081344/tools/bin/../lib/gcc/arm-none-eabi/13.3.1/../../../../arm-none-eabi/lib/thumb/v7e-m+fp/hard\libm.a(libm_a-k_cos.o)
                0x08116260                __kernel_cos
 *fill*         0x081163ec        0x4 
 .text.__kernel_sin
                0x081163f0      0x174 C:/ST/STM32CubeIDE_1.18.0/STM32CubeIDE/plugins/com.st.stm32cube.ide.mcu.externaltools.gnu-tools-for-stm32.13.3.rel1.win32_1.0.0.202411081344/tools/bin/../lib/gcc/arm-none-eabi/13.3.1/../../../../arm-none-eabi/lib/thumb/v7e-m+fp/hard\libm.a(libm_a-k_sin.o)
                0x081163f0                __kernel_sin
 *fill*         0x08116564        0x4 
 .text.__kernel_tan
                0x08116568      0x404 C:/ST/STM32CubeIDE_1.18.0/STM32CubeIDE/plugins/com.st.stm32cube.ide.mcu.externaltools.gnu-tools-for-stm32.13.3.rel1.win32_1.0.0.202411081344/tools/bin/../lib/gcc/arm-none-eabi/13.3.1/../../../../arm-none-eabi/lib/thumb/v7e-m+fp/hard\libm.a(libm_a-k_tan.o)
                0x08116568                __kernel_tan
 *fill*         0x0811696c        0x4 
 .text.__ieee754_acos
                0x08116970      0x4b8 C:/ST/STM32CubeIDE_1.18.0/STM32CubeIDE/plugins/com.st.stm32cube.ide.mcu.externaltools.gnu-tools-for-stm32.13.3.rel1.win32_1.0.0.202411081344/tools/bin/../lib/gcc/arm-none-eabi/13.3.1/../../../../arm-none-eabi/lib/thumb/v7e-m+fp/hard\libm.a(libm_a-e_acos.o)
                0x08116970                __ieee754_acos
 .text.__ieee754_asin
                0x08116e28      0x408 C:/ST/STM32CubeIDE_1.18.0/STM32CubeIDE/plugins/com.st.stm32cube.ide.mcu.externaltools.gnu-tools-for-stm32.13.3.rel1.win32_1.0.0.202411081344/tools/bin/../lib/gcc/arm-none-eabi/13.3.1/../../../../arm-none-eabi/lib/thumb/v7e-m+fp/hard\libm.a(libm_a-e_asin.o)
                0x08116e28                __ieee754_asin
 .text.__ieee754_exp
                0x08117230      0x2f4 C:/ST/STM32CubeIDE_1.18.0/STM32CubeIDE/plugins/com.st.stm32cube.ide.mcu.externaltools.gnu-tools-for-stm32.13.3.rel1.win32_1.0.0.202411081344/tools/bin/../lib/gcc/arm-none-eabi/13.3.1/../../../../arm-none-eabi/lib/thumb/v7e-m+fp/hard\libm.a(libm_a-e_exp.o)
                0x08117230                __ieee754_exp
 *fill*         0x08117524        0x4 
 .text.__ieee754_log
                0x08117528      0x36c C:/ST/STM32CubeIDE_1.18.0/STM32CubeIDE/plugins/com.st.stm32cube.ide.mcu.externaltools.gnu-tools-for-stm32.13.3.rel1.win32_1.0.0.202411081344/tools/bin/../lib/gcc/arm-none-eabi/13.3.1/../../../../arm-none-eabi/lib/thumb/v7e-m+fp/hard\libm.a(libm_a-e_log.o)
                0x08117528                __ieee754_log
 *fill*         0x08117894        0x4 
 .text.__ieee754_log10
                0x08117898      0x114 C:/ST/STM32CubeIDE_1.18.0/STM32CubeIDE/plugins/com.st.stm32cube.ide.mcu.externaltools.gnu-tools-for-stm32.13.3.rel1.win32_1.0.0.202411081344/tools/bin/../lib/gcc/arm-none-eabi/13.3.1/../../../../arm-none-eabi/lib/thumb/v7e-m+fp/hard\libm.a(libm_a-e_log10.o)
                0x08117898                __ieee754_log10
 *fill*         0x081179ac        0x4 
 .text.__ieee754_rem_pio2
                0x081179b0      0x3f8 C:/ST/STM32CubeIDE_1.18.0/STM32CubeIDE/plugins/com.st.stm32cube.ide.mcu.externaltools.gnu-tools-for-stm32.13.3.rel1.win32_1.0.0.202411081344/tools/bin/../lib/gcc/arm-none-eabi/13.3.1/../../../../arm-none-eabi/lib/thumb/v7e-m+fp/hard\libm.a(libm_a-e_rem_pio2.o)
                0x081179b0                __ieee754_rem_pio2
 .text.__kernel_cosf
                0x08117da8       0xb0 C:/ST/STM32CubeIDE_1.18.0/STM32CubeIDE/plugins/com.st.stm32cube.ide.mcu.externaltools.gnu-tools-for-stm32.13.3.rel1.win32_1.0.0.202411081344/tools/bin/../lib/gcc/arm-none-eabi/13.3.1/../../../../arm-none-eabi/lib/thumb/v7e-m+fp/hard\libm.a(libm_a-kf_cos.o)
                0x08117da8                __kernel_cosf
 .text.__kernel_sinf
                0x08117e58       0x90 C:/ST/STM32CubeIDE_1.18.0/STM32CubeIDE/plugins/com.st.stm32cube.ide.mcu.externaltools.gnu-tools-for-stm32.13.3.rel1.win32_1.0.0.202411081344/tools/bin/../lib/gcc/arm-none-eabi/13.3.1/../../../../arm-none-eabi/lib/thumb/v7e-m+fp/hard\libm.a(libm_a-kf_sin.o)
                0x08117e58                __kernel_sinf
 .text.__kernel_tanf
                0x08117ee8      0x1c0 C:/ST/STM32CubeIDE_1.18.0/STM32CubeIDE/plugins/com.st.stm32cube.ide.mcu.externaltools.gnu-tools-for-stm32.13.3.rel1.win32_1.0.0.202411081344/tools/bin/../lib/gcc/arm-none-eabi/13.3.1/../../../../arm-none-eabi/lib/thumb/v7e-m+fp/hard\libm.a(libm_a-kf_tan.o)
                0x08117ee8                __kernel_tanf
 .text.__ieee754_acosf
                0x081180a8      0x1ec C:/ST/STM32CubeIDE_1.18.0/STM32CubeIDE/plugins/com.st.stm32cube.ide.mcu.externaltools.gnu-tools-for-stm32.13.3.rel1.win32_1.0.0.202411081344/tools/bin/../lib/gcc/arm-none-eabi/13.3.1/../../../../arm-none-eabi/lib/thumb/v7e-m+fp/hard\libm.a(libm_a-ef_acos.o)
                0x081180a8                __ieee754_acosf
 .text.__ieee754_asinf
                0x08118294      0x1c8 C:/ST/STM32CubeIDE_1.18.0/STM32CubeIDE/plugins/com.st.stm32cube.ide.mcu.externaltools.gnu-tools-for-stm32.13.3.rel1.win32_1.0.0.202411081344/tools/bin/../lib/gcc/arm-none-eabi/13.3.1/../../../../arm-none-eabi/lib/thumb/v7e-m+fp/hard\libm.a(libm_a-ef_asin.o)
                0x08118294                __ieee754_asinf
 .text.__ieee754_expf
                0x0811845c      0x19c C:/ST/STM32CubeIDE_1.18.0/STM32CubeIDE/plugins/com.st.stm32cube.ide.mcu.externaltools.gnu-tools-for-stm32.13.3.rel1.win32_1.0.0.202411081344/tools/bin/../lib/gcc/arm-none-eabi/13.3.1/../../../../arm-none-eabi/lib/thumb/v7e-m+fp/hard\libm.a(libm_a-ef_exp.o)
                0x0811845c                __ieee754_expf
 .text.__ieee754_logf
                0x081185f8      0x1e4 C:/ST/STM32CubeIDE_1.18.0/STM32CubeIDE/plugins/com.st.stm32cube.ide.mcu.externaltools.gnu-tools-for-stm32.13.3.rel1.win32_1.0.0.202411081344/tools/bin/../lib/gcc/arm-none-eabi/13.3.1/../../../../arm-none-eabi/lib/thumb/v7e-m+fp/hard\libm.a(libm_a-ef_log.o)
                0x081185f8                __ieee754_logf
 .text.__ieee754_log10f
                0x081187dc       0xb0 C:/ST/STM32CubeIDE_1.18.0/STM32CubeIDE/plugins/com.st.stm32cube.ide.mcu.externaltools.gnu-tools-for-stm32.13.3.rel1.win32_1.0.0.202411081344/tools/bin/../lib/gcc/arm-none-eabi/13.3.1/../../../../arm-none-eabi/lib/thumb/v7e-m+fp/hard\libm.a(libm_a-ef_log10.o)
                0x081187dc                __ieee754_log10f
 .text.__ieee754_rem_pio2f
                0x0811888c      0x260 C:/ST/STM32CubeIDE_1.18.0/STM32CubeIDE/plugins/com.st.stm32cube.ide.mcu.externaltools.gnu-tools-for-stm32.13.3.rel1.win32_1.0.0.202411081344/tools/bin/../lib/gcc/arm-none-eabi/13.3.1/../../../../arm-none-eabi/lib/thumb/v7e-m+fp/hard\libm.a(libm_a-ef_rem_pio2.o)
                0x0811888c                __ieee754_rem_pio2f
 .text.with_errno
                0x08118aec       0x24 C:/ST/STM32CubeIDE_1.18.0/STM32CubeIDE/plugins/com.st.stm32cube.ide.mcu.externaltools.gnu-tools-for-stm32.13.3.rel1.win32_1.0.0.202411081344/tools/bin/../lib/gcc/arm-none-eabi/13.3.1/../../../../arm-none-eabi/lib/thumb/v7e-m+fp/hard\libm.a(libm_a-math_err.o)
 .text.xflow    0x08118b10       0x32 C:/ST/STM32CubeIDE_1.18.0/STM32CubeIDE/plugins/com.st.stm32cube.ide.mcu.externaltools.gnu-tools-for-stm32.13.3.rel1.win32_1.0.0.202411081344/tools/bin/../lib/gcc/arm-none-eabi/13.3.1/../../../../arm-none-eabi/lib/thumb/v7e-m+fp/hard\libm.a(libm_a-math_err.o)
 *fill*         0x08118b42        0x6 
 .text.__math_uflow
                0x08118b48       0x10 C:/ST/STM32CubeIDE_1.18.0/STM32CubeIDE/plugins/com.st.stm32cube.ide.mcu.externaltools.gnu-tools-for-stm32.13.3.rel1.win32_1.0.0.202411081344/tools/bin/../lib/gcc/arm-none-eabi/13.3.1/../../../../arm-none-eabi/lib/thumb/v7e-m+fp/hard\libm.a(libm_a-math_err.o)
                0x08118b48                __math_uflow
 .text.__math_oflow
                0x08118b58       0x10 C:/ST/STM32CubeIDE_1.18.0/STM32CubeIDE/plugins/com.st.stm32cube.ide.mcu.externaltools.gnu-tools-for-stm32.13.3.rel1.win32_1.0.0.202411081344/tools/bin/../lib/gcc/arm-none-eabi/13.3.1/../../../../arm-none-eabi/lib/thumb/v7e-m+fp/hard\libm.a(libm_a-math_err.o)
                0x08118b58                __math_oflow
 .text.with_errnof
                0x08118b68       0x1c C:/ST/STM32CubeIDE_1.18.0/STM32CubeIDE/plugins/com.st.stm32cube.ide.mcu.externaltools.gnu-tools-for-stm32.13.3.rel1.win32_1.0.0.202411081344/tools/bin/../lib/gcc/arm-none-eabi/13.3.1/../../../../arm-none-eabi/lib/thumb/v7e-m+fp/hard\libm.a(libm_a-math_errf.o)
 .text.xflowf   0x08118b84       0x16 C:/ST/STM32CubeIDE_1.18.0/STM32CubeIDE/plugins/com.st.stm32cube.ide.mcu.externaltools.gnu-tools-for-stm32.13.3.rel1.win32_1.0.0.202411081344/tools/bin/../lib/gcc/arm-none-eabi/13.3.1/../../../../arm-none-eabi/lib/thumb/v7e-m+fp/hard\libm.a(libm_a-math_errf.o)
 *fill*         0x08118b9a        0x2 
 .text.__math_uflowf
                0x08118b9c        0xc C:/ST/STM32CubeIDE_1.18.0/STM32CubeIDE/plugins/com.st.stm32cube.ide.mcu.externaltools.gnu-tools-for-stm32.13.3.rel1.win32_1.0.0.202411081344/tools/bin/../lib/gcc/arm-none-eabi/13.3.1/../../../../arm-none-eabi/lib/thumb/v7e-m+fp/hard\libm.a(libm_a-math_errf.o)
                0x08118b9c                __math_uflowf
 .text.__math_oflowf
                0x08118ba8        0xc C:/ST/STM32CubeIDE_1.18.0/STM32CubeIDE/plugins/com.st.stm32cube.ide.mcu.externaltools.gnu-tools-for-stm32.13.3.rel1.win32_1.0.0.202411081344/tools/bin/../lib/gcc/arm-none-eabi/13.3.1/../../../../arm-none-eabi/lib/thumb/v7e-m+fp/hard\libm.a(libm_a-math_errf.o)
                0x08118ba8                __math_oflowf
 *fill*         0x08118bb4        0x4 
 .text.__kernel_rem_pio2
                0x08118bb8      0x6a0 C:/ST/STM32CubeIDE_1.18.0/STM32CubeIDE/plugins/com.st.stm32cube.ide.mcu.externaltools.gnu-tools-for-stm32.13.3.rel1.win32_1.0.0.202411081344/tools/bin/../lib/gcc/arm-none-eabi/13.3.1/../../../../arm-none-eabi/lib/thumb/v7e-m+fp/hard\libm.a(libm_a-k_rem_pio2.o)
                0x08118bb8                __kernel_rem_pio2
 .text.__kernel_rem_pio2f
                0x08119258      0x4d0 C:/ST/STM32CubeIDE_1.18.0/STM32CubeIDE/plugins/com.st.stm32cube.ide.mcu.externaltools.gnu-tools-for-stm32.13.3.rel1.win32_1.0.0.202411081344/tools/bin/../lib/gcc/arm-none-eabi/13.3.1/../../../../arm-none-eabi/lib/thumb/v7e-m+fp/hard\libm.a(libm_a-kf_rem_pio2.o)
                0x08119258                __kernel_rem_pio2f
 .text.scalbn   0x08119728       0xf4 C:/ST/STM32CubeIDE_1.18.0/STM32CubeIDE/plugins/com.st.stm32cube.ide.mcu.externaltools.gnu-tools-for-stm32.13.3.rel1.win32_1.0.0.202411081344/tools/bin/../lib/gcc/arm-none-eabi/13.3.1/../../../../arm-none-eabi/lib/thumb/v7e-m+fp/hard\libm.a(libm_a-s_scalbn.o)
                0x08119728                scalbn
 .text.scalbnf  0x0811981c       0xcc C:/ST/STM32CubeIDE_1.18.0/STM32CubeIDE/plugins/com.st.stm32cube.ide.mcu.externaltools.gnu-tools-for-stm32.13.3.rel1.win32_1.0.0.202411081344/tools/bin/../lib/gcc/arm-none-eabi/13.3.1/../../../../arm-none-eabi/lib/thumb/v7e-m+fp/hard\libm.a(libm_a-sf_scalbn.o)
                0x0811981c                scalbnf
 .text.floor    0x081198e8       0xf8 C:/ST/STM32CubeIDE_1.18.0/STM32CubeIDE/plugins/com.st.stm32cube.ide.mcu.externaltools.gnu-tools-for-stm32.13.3.rel1.win32_1.0.0.202411081344/tools/bin/../lib/gcc/arm-none-eabi/13.3.1/../../../../arm-none-eabi/lib/thumb/v7e-m+fp/hard\libm.a(libm_a-s_floor.o)
                0x081198e8                floor
 .text.floorf   0x081199e0       0x88 C:/ST/STM32CubeIDE_1.18.0/STM32CubeIDE/plugins/com.st.stm32cube.ide.mcu.externaltools.gnu-tools-for-stm32.13.3.rel1.win32_1.0.0.202411081344/tools/bin/../lib/gcc/arm-none-eabi/13.3.1/../../../../arm-none-eabi/lib/thumb/v7e-m+fp/hard\libm.a(libm_a-sf_floor.o)
                0x081199e0                floorf
 .text.malloc   0x08119a68       0x10 C:/ST/STM32CubeIDE_1.18.0/STM32CubeIDE/plugins/com.st.stm32cube.ide.mcu.externaltools.gnu-tools-for-stm32.13.3.rel1.win32_1.0.0.202411081344/tools/bin/../lib/gcc/arm-none-eabi/13.3.1/../../../../arm-none-eabi/lib/thumb/v7e-m+fp/hard\libc_nano.a(libc_a-malloc.o)
                0x08119a68                malloc
 .text.free     0x08119a78       0x10 C:/ST/STM32CubeIDE_1.18.0/STM32CubeIDE/plugins/com.st.stm32cube.ide.mcu.externaltools.gnu-tools-for-stm32.13.3.rel1.win32_1.0.0.202411081344/tools/bin/../lib/gcc/arm-none-eabi/13.3.1/../../../../arm-none-eabi/lib/thumb/v7e-m+fp/hard\libc_nano.a(libc_a-malloc.o)
                0x08119a78                free
 .text.sbrk_aligned
                0x08119a88       0x44 C:/ST/STM32CubeIDE_1.18.0/STM32CubeIDE/plugins/com.st.stm32cube.ide.mcu.externaltools.gnu-tools-for-stm32.13.3.rel1.win32_1.0.0.202411081344/tools/bin/../lib/gcc/arm-none-eabi/13.3.1/../../../../arm-none-eabi/lib/thumb/v7e-m+fp/hard\libc_nano.a(libc_a-mallocr.o)
 .text._malloc_r
                0x08119acc      0x100 C:/ST/STM32CubeIDE_1.18.0/STM32CubeIDE/plugins/com.st.stm32cube.ide.mcu.externaltools.gnu-tools-for-stm32.13.3.rel1.win32_1.0.0.202411081344/tools/bin/../lib/gcc/arm-none-eabi/13.3.1/../../../../arm-none-eabi/lib/thumb/v7e-m+fp/hard\libc_nano.a(libc_a-mallocr.o)
                0x08119acc                _malloc_r
 .text.__malloc_lock
                0x08119bcc        0xc C:/ST/STM32CubeIDE_1.18.0/STM32CubeIDE/plugins/com.st.stm32cube.ide.mcu.externaltools.gnu-tools-for-stm32.13.3.rel1.win32_1.0.0.202411081344/tools/bin/../lib/gcc/arm-none-eabi/13.3.1/../../../../arm-none-eabi/lib/thumb/v7e-m+fp/hard\libc_nano.a(libc_a-mlock.o)
                0x08119bcc                __malloc_lock
 .text.__malloc_unlock
                0x08119bd8        0xc C:/ST/STM32CubeIDE_1.18.0/STM32CubeIDE/plugins/com.st.stm32cube.ide.mcu.externaltools.gnu-tools-for-stm32.13.3.rel1.win32_1.0.0.202411081344/tools/bin/../lib/gcc/arm-none-eabi/13.3.1/../../../../arm-none-eabi/lib/thumb/v7e-m+fp/hard\libc_nano.a(libc_a-mlock.o)
                0x08119bd8                __malloc_unlock
 .text.srand    0x08119be4       0x5c C:/ST/STM32CubeIDE_1.18.0/STM32CubeIDE/plugins/com.st.stm32cube.ide.mcu.externaltools.gnu-tools-for-stm32.13.3.rel1.win32_1.0.0.202411081344/tools/bin/../lib/gcc/arm-none-eabi/13.3.1/../../../../arm-none-eabi/lib/thumb/v7e-m+fp/hard\libc_nano.a(libc_a-rand.o)
                0x08119be4                srand
 .text.rand     0x08119c40       0x7c C:/ST/STM32CubeIDE_1.18.0/STM32CubeIDE/plugins/com.st.stm32cube.ide.mcu.externaltools.gnu-tools-for-stm32.13.3.rel1.win32_1.0.0.202411081344/tools/bin/../lib/gcc/arm-none-eabi/13.3.1/../../../../arm-none-eabi/lib/thumb/v7e-m+fp/hard\libc_nano.a(libc_a-rand.o)
                0x08119c40                rand
 .text.std      0x08119cbc       0x6c C:/ST/STM32CubeIDE_1.18.0/STM32CubeIDE/plugins/com.st.stm32cube.ide.mcu.externaltools.gnu-tools-for-stm32.13.3.rel1.win32_1.0.0.202411081344/tools/bin/../lib/gcc/arm-none-eabi/13.3.1/../../../../arm-none-eabi/lib/thumb/v7e-m+fp/hard\libc_nano.a(libc_a-findfp.o)
 .text.stdio_exit_handler
                0x08119d28       0x18 C:/ST/STM32CubeIDE_1.18.0/STM32CubeIDE/plugins/com.st.stm32cube.ide.mcu.externaltools.gnu-tools-for-stm32.13.3.rel1.win32_1.0.0.202411081344/tools/bin/../lib/gcc/arm-none-eabi/13.3.1/../../../../arm-none-eabi/lib/thumb/v7e-m+fp/hard\libc_nano.a(libc_a-findfp.o)
 .text.cleanup_stdio
                0x08119d40       0x40 C:/ST/STM32CubeIDE_1.18.0/STM32CubeIDE/plugins/com.st.stm32cube.ide.mcu.externaltools.gnu-tools-for-stm32.13.3.rel1.win32_1.0.0.202411081344/tools/bin/../lib/gcc/arm-none-eabi/13.3.1/../../../../arm-none-eabi/lib/thumb/v7e-m+fp/hard\libc_nano.a(libc_a-findfp.o)
 .text.global_stdio_init.part.0
                0x08119d80       0x3c C:/ST/STM32CubeIDE_1.18.0/STM32CubeIDE/plugins/com.st.stm32cube.ide.mcu.externaltools.gnu-tools-for-stm32.13.3.rel1.win32_1.0.0.202411081344/tools/bin/../lib/gcc/arm-none-eabi/13.3.1/../../../../arm-none-eabi/lib/thumb/v7e-m+fp/hard\libc_nano.a(libc_a-findfp.o)
 .text.__sfp_lock_acquire
                0x08119dbc        0xc C:/ST/STM32CubeIDE_1.18.0/STM32CubeIDE/plugins/com.st.stm32cube.ide.mcu.externaltools.gnu-tools-for-stm32.13.3.rel1.win32_1.0.0.202411081344/tools/bin/../lib/gcc/arm-none-eabi/13.3.1/../../../../arm-none-eabi/lib/thumb/v7e-m+fp/hard\libc_nano.a(libc_a-findfp.o)
                0x08119dbc                __sfp_lock_acquire
 .text.__sfp_lock_release
                0x08119dc8        0xc C:/ST/STM32CubeIDE_1.18.0/STM32CubeIDE/plugins/com.st.stm32cube.ide.mcu.externaltools.gnu-tools-for-stm32.13.3.rel1.win32_1.0.0.202411081344/tools/bin/../lib/gcc/arm-none-eabi/13.3.1/../../../../arm-none-eabi/lib/thumb/v7e-m+fp/hard\libc_nano.a(libc_a-findfp.o)
                0x08119dc8                __sfp_lock_release
 .text.__sinit  0x08119dd4       0x30 C:/ST/STM32CubeIDE_1.18.0/STM32CubeIDE/plugins/com.st.stm32cube.ide.mcu.externaltools.gnu-tools-for-stm32.13.3.rel1.win32_1.0.0.202411081344/tools/bin/../lib/gcc/arm-none-eabi/13.3.1/../../../../arm-none-eabi/lib/thumb/v7e-m+fp/hard\libc_nano.a(libc_a-findfp.o)
                0x08119dd4                __sinit
 .text._fwalk_sglue
                0x08119e04       0x3c C:/ST/STM32CubeIDE_1.18.0/STM32CubeIDE/plugins/com.st.stm32cube.ide.mcu.externaltools.gnu-tools-for-stm32.13.3.rel1.win32_1.0.0.202411081344/tools/bin/../lib/gcc/arm-none-eabi/13.3.1/../../../../arm-none-eabi/lib/thumb/v7e-m+fp/hard\libc_nano.a(libc_a-fwalk.o)
                0x08119e04                _fwalk_sglue
 .text.printf   0x08119e40       0x24 C:/ST/STM32CubeIDE_1.18.0/STM32CubeIDE/plugins/com.st.stm32cube.ide.mcu.externaltools.gnu-tools-for-stm32.13.3.rel1.win32_1.0.0.202411081344/tools/bin/../lib/gcc/arm-none-eabi/13.3.1/../../../../arm-none-eabi/lib/thumb/v7e-m+fp/hard\libc_nano.a(libc_a-printf.o)
                0x08119e40                iprintf
                0x08119e40                printf
 .text._puts_r  0x08119e64       0xaa C:/ST/STM32CubeIDE_1.18.0/STM32CubeIDE/plugins/com.st.stm32cube.ide.mcu.externaltools.gnu-tools-for-stm32.13.3.rel1.win32_1.0.0.202411081344/tools/bin/../lib/gcc/arm-none-eabi/13.3.1/../../../../arm-none-eabi/lib/thumb/v7e-m+fp/hard\libc_nano.a(libc_a-puts.o)
                0x08119e64                _puts_r
 *fill*         0x08119f0e        0x2 
 .text.puts     0x08119f10       0x10 C:/ST/STM32CubeIDE_1.18.0/STM32CubeIDE/plugins/com.st.stm32cube.ide.mcu.externaltools.gnu-tools-for-stm32.13.3.rel1.win32_1.0.0.202411081344/tools/bin/../lib/gcc/arm-none-eabi/13.3.1/../../../../arm-none-eabi/lib/thumb/v7e-m+fp/hard\libc_nano.a(libc_a-puts.o)
                0x08119f10                puts
 .text.snprintf
                0x08119f20       0x6c C:/ST/STM32CubeIDE_1.18.0/STM32CubeIDE/plugins/com.st.stm32cube.ide.mcu.externaltools.gnu-tools-for-stm32.13.3.rel1.win32_1.0.0.202411081344/tools/bin/../lib/gcc/arm-none-eabi/13.3.1/../../../../arm-none-eabi/lib/thumb/v7e-m+fp/hard\libc_nano.a(libc_a-snprintf.o)
                0x08119f20                sniprintf
                0x08119f20                snprintf
 .text.__sread  0x08119f8c       0x22 C:/ST/STM32CubeIDE_1.18.0/STM32CubeIDE/plugins/com.st.stm32cube.ide.mcu.externaltools.gnu-tools-for-stm32.13.3.rel1.win32_1.0.0.202411081344/tools/bin/../lib/gcc/arm-none-eabi/13.3.1/../../../../arm-none-eabi/lib/thumb/v7e-m+fp/hard\libc_nano.a(libc_a-stdio.o)
                0x08119f8c                __sread
 .text.__swrite
                0x08119fae       0x38 C:/ST/STM32CubeIDE_1.18.0/STM32CubeIDE/plugins/com.st.stm32cube.ide.mcu.externaltools.gnu-tools-for-stm32.13.3.rel1.win32_1.0.0.202411081344/tools/bin/../lib/gcc/arm-none-eabi/13.3.1/../../../../arm-none-eabi/lib/thumb/v7e-m+fp/hard\libc_nano.a(libc_a-stdio.o)
                0x08119fae                __swrite
 .text.__sseek  0x08119fe6       0x24 C:/ST/STM32CubeIDE_1.18.0/STM32CubeIDE/plugins/com.st.stm32cube.ide.mcu.externaltools.gnu-tools-for-stm32.13.3.rel1.win32_1.0.0.202411081344/tools/bin/../lib/gcc/arm-none-eabi/13.3.1/../../../../arm-none-eabi/lib/thumb/v7e-m+fp/hard\libc_nano.a(libc_a-stdio.o)
                0x08119fe6                __sseek
 .text.__sclose
                0x0811a00a        0x8 C:/ST/STM32CubeIDE_1.18.0/STM32CubeIDE/plugins/com.st.stm32cube.ide.mcu.externaltools.gnu-tools-for-stm32.13.3.rel1.win32_1.0.0.202411081344/tools/bin/../lib/gcc/arm-none-eabi/13.3.1/../../../../arm-none-eabi/lib/thumb/v7e-m+fp/hard\libc_nano.a(libc_a-stdio.o)
                0x0811a00a                __sclose
 .text.__swbuf_r
                0x0811a012       0x7c C:/ST/STM32CubeIDE_1.18.0/STM32CubeIDE/plugins/com.st.stm32cube.ide.mcu.externaltools.gnu-tools-for-stm32.13.3.rel1.win32_1.0.0.202411081344/tools/bin/../lib/gcc/arm-none-eabi/13.3.1/../../../../arm-none-eabi/lib/thumb/v7e-m+fp/hard\libc_nano.a(libc_a-wbuf.o)
                0x0811a012                __swbuf_r
 *fill*         0x0811a08e        0x2 
 .text.__swsetup_r
                0x0811a090       0xac C:/ST/STM32CubeIDE_1.18.0/STM32CubeIDE/plugins/com.st.stm32cube.ide.mcu.externaltools.gnu-tools-for-stm32.13.3.rel1.win32_1.0.0.202411081344/tools/bin/../lib/gcc/arm-none-eabi/13.3.1/../../../../arm-none-eabi/lib/thumb/v7e-m+fp/hard\libc_nano.a(libc_a-wsetup.o)
                0x0811a090                __swsetup_r
 .text.memset   0x0811a13c       0x10 C:/ST/STM32CubeIDE_1.18.0/STM32CubeIDE/plugins/com.st.stm32cube.ide.mcu.externaltools.gnu-tools-for-stm32.13.3.rel1.win32_1.0.0.202411081344/tools/bin/../lib/gcc/arm-none-eabi/13.3.1/../../../../arm-none-eabi/lib/thumb/v7e-m+fp/hard\libc_nano.a(libc_a-memset.o)
                0x0811a13c                memset
 .text.strncmp  0x0811a14c       0x24 C:/ST/STM32CubeIDE_1.18.0/STM32CubeIDE/plugins/com.st.stm32cube.ide.mcu.externaltools.gnu-tools-for-stm32.13.3.rel1.win32_1.0.0.202411081344/tools/bin/../lib/gcc/arm-none-eabi/13.3.1/../../../../arm-none-eabi/lib/thumb/v7e-m+fp/hard\libc_nano.a(libc_a-strncmp.o)
                0x0811a14c                strncmp
 .text.strncpy  0x0811a170       0x26 C:/ST/STM32CubeIDE_1.18.0/STM32CubeIDE/plugins/com.st.stm32cube.ide.mcu.externaltools.gnu-tools-for-stm32.13.3.rel1.win32_1.0.0.202411081344/tools/bin/../lib/gcc/arm-none-eabi/13.3.1/../../../../arm-none-eabi/lib/thumb/v7e-m+fp/hard\libc_nano.a(libc_a-strncpy.o)
                0x0811a170                strncpy
 *fill*         0x0811a196        0x2 
 .text._close_r
                0x0811a198       0x20 C:/ST/STM32CubeIDE_1.18.0/STM32CubeIDE/plugins/com.st.stm32cube.ide.mcu.externaltools.gnu-tools-for-stm32.13.3.rel1.win32_1.0.0.202411081344/tools/bin/../lib/gcc/arm-none-eabi/13.3.1/../../../../arm-none-eabi/lib/thumb/v7e-m+fp/hard\libc_nano.a(libc_a-closer.o)
                0x0811a198                _close_r
 .text._lseek_r
                0x0811a1b8       0x24 C:/ST/STM32CubeIDE_1.18.0/STM32CubeIDE/plugins/com.st.stm32cube.ide.mcu.externaltools.gnu-tools-for-stm32.13.3.rel1.win32_1.0.0.202411081344/tools/bin/../lib/gcc/arm-none-eabi/13.3.1/../../../../arm-none-eabi/lib/thumb/v7e-m+fp/hard\libc_nano.a(libc_a-lseekr.o)
                0x0811a1b8                _lseek_r
 .text._read_r  0x0811a1dc       0x24 C:/ST/STM32CubeIDE_1.18.0/STM32CubeIDE/plugins/com.st.stm32cube.ide.mcu.externaltools.gnu-tools-for-stm32.13.3.rel1.win32_1.0.0.202411081344/tools/bin/../lib/gcc/arm-none-eabi/13.3.1/../../../../arm-none-eabi/lib/thumb/v7e-m+fp/hard\libc_nano.a(libc_a-readr.o)
                0x0811a1dc                _read_r
 .text._sbrk_r  0x0811a200       0x20 C:/ST/STM32CubeIDE_1.18.0/STM32CubeIDE/plugins/com.st.stm32cube.ide.mcu.externaltools.gnu-tools-for-stm32.13.3.rel1.win32_1.0.0.202411081344/tools/bin/../lib/gcc/arm-none-eabi/13.3.1/../../../../arm-none-eabi/lib/thumb/v7e-m+fp/hard\libc_nano.a(libc_a-sbrkr.o)
                0x0811a200                _sbrk_r
 .text._write_r
                0x0811a220       0x24 C:/ST/STM32CubeIDE_1.18.0/STM32CubeIDE/plugins/com.st.stm32cube.ide.mcu.externaltools.gnu-tools-for-stm32.13.3.rel1.win32_1.0.0.202411081344/tools/bin/../lib/gcc/arm-none-eabi/13.3.1/../../../../arm-none-eabi/lib/thumb/v7e-m+fp/hard\libc_nano.a(libc_a-writer.o)
                0x0811a220                _write_r
 .text.__errno  0x0811a244        0xc C:/ST/STM32CubeIDE_1.18.0/STM32CubeIDE/plugins/com.st.stm32cube.ide.mcu.externaltools.gnu-tools-for-stm32.13.3.rel1.win32_1.0.0.202411081344/tools/bin/../lib/gcc/arm-none-eabi/13.3.1/../../../../arm-none-eabi/lib/thumb/v7e-m+fp/hard\libc_nano.a(libc_a-errno.o)