C:\ST\STM32CubeIDE_1.18.0\STM32CubeIDE\plugins\com.st.stm32cube.ide.mcu.externaltools.gnu-tools-for-stm32.13.3.rel1.win32_1.0.0.202411081344\tools\arm-none-eabi\include\c++\13.3.1\arm-none-eabi\thumb\v7e-m+fp\hard\bits\gthr-default.h:229:1:int __gthread_key_delete(__gthread_key_t)	16	static
../Core/Src/../Lib/CPDevVM/src/VM\vmtaskclass.h:12:2:VMTaskClass32::VMTaskClass32()	16	static
../Core/Src/../Lib/CPDevVM/src/VM\vmtaskclass.h:42:15:virtual void VMTaskClass32::VMP_PostCycle()	16	static
../Core/Src/../Lib/CPDevVM/src/VM\vmtaskclass.h:43:15:virtual void VMTaskClass32::VMP_PreCycle()	16	static
../Core/Src/../Lib/CPDevVM/src/VM\vmtaskclass.h:44:15:virtual void VMTaskClass32::VMP_Debug(WM_BYTE, WM_WORD)	16	static
../Core/Src/../Lib/CPDevVM/src/VM\vmtaskclass.h:45:15:virtual void VMTaskClass32::VMP_PreNextCommand()	16	static
../Core/Src/../Lib/CPDevVM/src/VM\vmtaskclass.h:51:15:virtual void VMTaskClass32::VMP_PreProgram()	16	static
../Core/Src/../Lib/CPDevVM/src/VM\vmtaskclass.h:57:15:virtual void VMTaskClass32::VMP_PostProgram()	16	static
../Core/Src/../Lib/CPDevVM/src/VM\vmtaskclass.h:59:18:virtual WM_BYTE VMTaskClass32::VMP_FlashDataRead(WM_WORD, WM_WORD)	16	static
../Core/Src/../Lib/CPDevVM/src/VM\vmtaskclass.h:60:18:virtual WM_BYTE VMTaskClass32::VMP_FlashDataWrite(WM_WORD, WM_WORD)	16	static
../Core/Src/../Lib/CPDevVM/src/VM\vmtaskclass.h:61:18:virtual WM_WORD VMTaskClass32::VMP_FlashDataControl(WM_WORD)	16	static
../Core/Src/../Lib/CPDevVM/src/VM\vmtaskclass.h:75:15:virtual void VMTaskClass32::VMP_ReadRTC(WM_DATE_AND_TIME*)	16	static
../Core/Src/../Lib/CPDevVM/src/VM\vmtaskclass.h:82:18:virtual WM_BOOL VMTaskClass32::VMP_WriteRTC(WM_DATE_AND_TIME*)	16	static
../Core/Src/../Lib/CPDevVM/src/VM\vmtaskclass.h:90:14:virtual int VMTaskClass32::VMP_ExecNativeBlock(WM_WORD, WM_DWORD)	24	static
../Core/Src/../Lib/CPDevVM/src/VM\vmtaskclass.h:91:14:virtual int VMTaskClass32::VMP_InitNativeBlock(WM_WORD, WM_DWORD)	24	static
../Core/Src/../Lib/CPDevVM/src/vm_arduino.h:22:7:VMArduino::VMArduino()	16	static
../Core/Src/main.cpp:99:5:int main()	16	static
../Core/Src/main.cpp:197:6:void PeriphCommonClock_Config()	208	static
../Core/Src/main.cpp:224:13:void MX_ADC1_Init()	48	static
../Core/Src/main.cpp:293:13:void MX_ADC3_Init()	40	static
../Core/Src/main.cpp:352:13:void MX_QUADSPI_Init()	8	static
../Core/Src/main.cpp:386:13:void MX_RTC_Init()	48	static
../Core/Src/main.cpp:440:13:void MX_SPI2_Init()	8	static
../Core/Src/main.cpp:488:13:void MX_SPI5_Init()	8	static
../Core/Src/main.cpp:536:6:void MX_USART1_UART_Init()	8	static
../Core/Src/main.cpp:582:13:void MX_DMA_Init()	16	static
../Core/Src/main.cpp:595:13:void MX_GPIO_Init()	72	static
../Core/Src/main.cpp:844:6:void Error_Handler()	4	static,ignoring_inline_asm
../Core/Src/main.cpp:853:1:void __static_initialization_and_destruction_0()	8	static
../Core/Src/main.cpp:853:1:cpp)	8	static
