C:\ST\STM32CubeIDE_1.18.0\STM32CubeIDE\plugins\com.st.stm32cube.ide.mcu.externaltools.gnu-tools-for-stm32.13.3.rel1.win32_1.0.0.202411081344\tools\arm-none-eabi\include\c++\13.3.1\arm-none-eabi\thumb\v7e-m+fp\hard\bits\gthr-default.h:229:1:int __gthread_key_delete(__gthread_key_t)	16	static
../Core/Src/main.cpp:142:5:int main()	16	static
../Core/Src/main.cpp:230:6:void PeriphCommonClock_Config()	208	static
../Core/Src/main.cpp:257:13:void MX_ADC1_Init()	48	static
../Core/Src/main.cpp:326:13:void MX_ADC3_Init()	40	static
../Core/Src/main.cpp:385:13:void MX_ETH_Init()	8	static
../Core/Src/main.cpp:434:13:void MX_HDMI_CEC_Init()	8	static
../Core/Src/main.cpp:470:13:void MX_QUADSPI_Init()	8	static
../Core/Src/main.cpp:504:13:void MX_RTC_Init()	48	static
../Core/Src/main.cpp:558:13:void MX_SAI1_Init()	8	static
../Core/Src/main.cpp:629:13:void MX_SDMMC1_SD_Init()	8	static
../Core/Src/main.cpp:660:13:void MX_SPDIFRX1_Init()	8	static
../Core/Src/main.cpp:698:13:void MX_SPI2_Init()	8	static
../Core/Src/main.cpp:746:13:void MX_SPI5_Init()	8	static
../Core/Src/main.cpp:794:13:void MX_TIM8_Init()	96	static
../Core/Src/main.cpp:864:13:void MX_TIM13_Init()	24	static
../Core/Src/main.cpp:909:13:void MX_UART8_Init()	8	static
../Core/Src/main.cpp:957:6:void MX_USART1_UART_Init()	8	static
../Core/Src/main.cpp:1005:13:void MX_USB_OTG_HS_PCD_Init()	8	static
../Core/Src/main.cpp:1039:13:void MX_DMA_Init()	16	static
../Core/Src/main.cpp:1048:6:void MX_FMC_Init()	40	static
../Core/Src/main.cpp:1099:13:void MX_GPIO_Init()	72	static
../Core/Src/main.cpp:1136:5:int __io_putchar(int)	16	static
../Core/Src/main.cpp:1148:6:void Error_Handler()	4	static,ignoring_inline_asm
