../Core/Src/stm32h7xx_hal_msp.c:68:6:HAL_MspInit	16	static
../Core/Src/stm32h7xx_hal_msp.c:95:6:HAL_ADC_MspInit	56	static
../Core/Src/stm32h7xx_hal_msp.c:156:6:HAL_ADC_MspDeInit	16	static
../Core/Src/stm32h7xx_hal_msp.c:198:6:HAL_ETH_MspInit	64	static
../Core/Src/stm32h7xx_hal_msp.c:260:6:HAL_ETH_MspDeInit	16	static
../Core/Src/stm32h7xx_hal_msp.c:302:6:HAL_CEC_MspInit	248	static
../Core/Src/stm32h7xx_hal_msp.c:352:6:HAL_CEC_MspDeInit	16	static
../Core/Src/stm32h7xx_hal_msp.c:382:6:HAL_QSPI_MspInit	264	static
../Core/Src/stm32h7xx_hal_msp.c:484:6:HAL_QSPI_MspDeInit	16	static
../Core/Src/stm32h7xx_hal_msp.c:529:6:HAL_RTC_MspInit	216	static
../Core/Src/stm32h7xx_hal_msp.c:563:6:HAL_RTC_MspDeInit	16	static
../Core/Src/stm32h7xx_hal_msp.c:585:6:HAL_SD_MspInit	256	static
../Core/Src/stm32h7xx_hal_msp.c:646:6:HAL_SD_MspDeInit	16	static
../Core/Src/stm32h7xx_hal_msp.c:682:6:HAL_SPDIFRX_MspInit	248	static
../Core/Src/stm32h7xx_hal_msp.c:729:6:HAL_SPDIFRX_MspDeInit	16	static
../Core/Src/stm32h7xx_hal_msp.c:757:6:HAL_SPI_MspInit	264	static
../Core/Src/stm32h7xx_hal_msp.c:858:6:HAL_SPI_MspDeInit	16	static
../Core/Src/stm32h7xx_hal_msp.c:913:6:HAL_TIM_OC_MspInit	24	static
../Core/Src/stm32h7xx_hal_msp.c:936:6:HAL_TIM_Base_MspInit	48	static
../Core/Src/stm32h7xx_hal_msp.c:966:6:HAL_TIM_MspPostInit	40	static
../Core/Src/stm32h7xx_hal_msp.c:999:6:HAL_TIM_OC_MspDeInit	16	static
../Core/Src/stm32h7xx_hal_msp.c:1021:6:HAL_TIM_Base_MspDeInit	16	static
../Core/Src/stm32h7xx_hal_msp.c:1049:6:HAL_UART_MspInit	256	static
../Core/Src/stm32h7xx_hal_msp.c:1155:6:HAL_UART_MspDeInit	16	static
../Core/Src/stm32h7xx_hal_msp.c:1199:6:HAL_PCD_MspInit	272	static
../Core/Src/stm32h7xx_hal_msp.c:1294:6:HAL_PCD_MspDeInit	16	static
../Core/Src/stm32h7xx_hal_msp.c:1339:13:HAL_FMC_MspInit	240	static
../Core/Src/stm32h7xx_hal_msp.c:1477:6:HAL_SDRAM_MspInit	16	static
../Core/Src/stm32h7xx_hal_msp.c:1489:13:HAL_FMC_MspDeInit	8	static
../Core/Src/stm32h7xx_hal_msp.c:1585:6:HAL_SDRAM_MspDeInit	16	static
../Core/Src/stm32h7xx_hal_msp.c:1597:6:HAL_SAI_MspInit	248	static
../Core/Src/stm32h7xx_hal_msp.c:1675:6:HAL_SAI_MspDeInit	16	static
