../Core/Src/stm32h7xx_hal_msp.c:65:6:HAL_MspInit	16	static
../Core/Src/stm32h7xx_hal_msp.c:92:6:HAL_ADC_MspInit	56	static
../Core/Src/stm32h7xx_hal_msp.c:153:6:HAL_ADC_MspDeInit	16	static
../Core/Src/stm32h7xx_hal_msp.c:195:6:HAL_ETH_MspInit	64	static
../Core/Src/stm32h7xx_hal_msp.c:257:6:HAL_ETH_MspDeInit	16	static
../Core/Src/stm32h7xx_hal_msp.c:299:6:HAL_CEC_MspInit	248	static
../Core/Src/stm32h7xx_hal_msp.c:349:6:HAL_CEC_MspDeInit	16	static
../Core/Src/stm32h7xx_hal_msp.c:379:6:HAL_QSPI_MspInit	264	static
../Core/Src/stm32h7xx_hal_msp.c:481:6:HAL_QSPI_MspDeInit	16	static
../Core/Src/stm32h7xx_hal_msp.c:526:6:HAL_RTC_MspInit	216	static
../Core/Src/stm32h7xx_hal_msp.c:560:6:HAL_RTC_MspDeInit	16	static
../Core/Src/stm32h7xx_hal_msp.c:582:6:HAL_SD_MspInit	256	static
../Core/Src/stm32h7xx_hal_msp.c:643:6:HAL_SD_MspDeInit	16	static
../Core/Src/stm32h7xx_hal_msp.c:679:6:HAL_SPDIFRX_MspInit	248	static
../Core/Src/stm32h7xx_hal_msp.c:726:6:HAL_SPDIFRX_MspDeInit	16	static
../Core/Src/stm32h7xx_hal_msp.c:754:6:HAL_SPI_MspInit	264	static
../Core/Src/stm32h7xx_hal_msp.c:855:6:HAL_SPI_MspDeInit	16	static
../Core/Src/stm32h7xx_hal_msp.c:910:6:HAL_TIM_OC_MspInit	24	static
../Core/Src/stm32h7xx_hal_msp.c:933:6:HAL_TIM_Base_MspInit	48	static
../Core/Src/stm32h7xx_hal_msp.c:963:6:HAL_TIM_MspPostInit	40	static
../Core/Src/stm32h7xx_hal_msp.c:996:6:HAL_TIM_OC_MspDeInit	16	static
../Core/Src/stm32h7xx_hal_msp.c:1018:6:HAL_TIM_Base_MspDeInit	16	static
../Core/Src/stm32h7xx_hal_msp.c:1046:6:HAL_UART_MspInit	256	static
../Core/Src/stm32h7xx_hal_msp.c:1114:6:HAL_UART_MspDeInit	16	static
../Core/Src/stm32h7xx_hal_msp.c:1154:6:HAL_PCD_MspInit	272	static
../Core/Src/stm32h7xx_hal_msp.c:1249:6:HAL_PCD_MspDeInit	16	static
../Core/Src/stm32h7xx_hal_msp.c:1294:13:HAL_FMC_MspInit	240	static
../Core/Src/stm32h7xx_hal_msp.c:1432:6:HAL_SDRAM_MspInit	16	static
../Core/Src/stm32h7xx_hal_msp.c:1444:13:HAL_FMC_MspDeInit	8	static
../Core/Src/stm32h7xx_hal_msp.c:1540:6:HAL_SDRAM_MspDeInit	16	static
../Core/Src/stm32h7xx_hal_msp.c:1552:6:HAL_SAI_MspInit	248	static
../Core/Src/stm32h7xx_hal_msp.c:1630:6:HAL_SAI_MspDeInit	16	static
